 mp

 Timestamp is 382dbb34 (Sat Nov 13 14:25:40 1999)

 Preferred load address is 10000000

 Start         Length     Name                   Class
 0001:00000000 00074f8cH .text                   CODE
 0001:00074f90 000016abH .text$x                 CODE
 0002:00000000 0000d0b0H .rdata                  DATA
 0002:0000d0b0 00001c90H .xdata$x                DATA
 0002:0000ed40 00002ecfH .edata                  DATA
 0003:00000000 00000004H .CRT$XCA                DATA
 0003:00000004 00000014H .CRT$XCU                DATA
 0003:00000018 00000004H .CRT$XCZ                DATA
 0003:0000001c 00000004H .CRT$XIA                DATA
 0003:00000020 00000008H .CRT$XIC                DATA
 0003:00000028 00000004H .CRT$XIY                DATA
 0003:0000002c 00000004H .CRT$XIZ                DATA
 0003:00000030 00000004H .CRT$XPA                DATA
 0003:00000034 00000004H .CRT$XPX                DATA
 0003:00000038 00000004H .CRT$XPZ                DATA
 0003:0000003c 00000004H .CRT$XTA                DATA
 0003:00000040 00000004H .CRT$XTB                DATA
 0003:00000044 00000004H .CRT$XTZ                DATA
 0003:00000050 00013974H .data                   DATA
 0003:000139c8 0000d238H .bss                    DATA
 0004:00000000 00000014H .idata$2                DATA
 0004:00000014 00000014H .idata$3                DATA
 0004:00000028 0000012cH .idata$4                DATA
 0004:00000154 0000012cH .idata$5                DATA
 0004:00000280 00000548H .idata$6                DATA

  Address         Publics by Value              Rva+Base     Lib:Object

 0001:00000000       ?Save@CBaseAnimating@@UAEHAAVCSave@@@Z 10001000 f   animating.obj
 0001:00000039       ?Restore@CBaseAnimating@@UAEHAAVCRestore@@@Z 10001039 f   animating.obj
 0001:00000072       ?StudioFrameAdvance@CBaseAnimating@@QAEMM@Z 10001072 f   animating.obj
 0001:000001fb       ?LookupActivity@CBaseAnimating@@QAEHH@Z 100011fb f   animating.obj
 0001:0000023d       ?LookupActivityHeaviest@CBaseAnimating@@QAEHH@Z 1000123d f   animating.obj
 0001:0000027f       ?LookupSequence@CBaseAnimating@@QAEHPBD@Z 1000127f f   animating.obj
 0001:000002ba       ?ResetSequenceInfo@CBaseAnimating@@QAEXXZ 100012ba f   animating.obj
 0001:00000357       ?GetSequenceFlags@CBaseAnimating@@QAEHXZ 10001357 f   animating.obj
 0001:00000393       ?DispatchAnimEvents@CBaseAnimating@@QAEXM@Z 10001393 f   animating.obj
 0001:000004c7       ?SetBoneController@CBaseAnimating@@QAEMHM@Z 100014c7 f   animating.obj
 0001:0000050d       ?InitBoneControllers@CBaseAnimating@@QAEXXZ 1000150d f   animating.obj
 0001:0000059a       ?SetBlending@CBaseAnimating@@QAEMHM@Z 1000159a f   animating.obj
 0001:000005e0       ?GetBonePosition@CBaseAnimating@@QAEXHAAVVector@@0@Z 100015e0 f   animating.obj
 0001:0000061c       ?GetAttachment@CBaseAnimating@@QAEXHAAVVector@@0@Z 1000161c f   animating.obj
 0001:00000658       ?FindTransition@CBaseAnimating@@QAEHHHPAH@Z 10001658 f   animating.obj
 0001:000006cc       ?GetAutomovement@CBaseAnimating@@QAEXAAVVector@@0M@Z 100016cc f   animating.obj
 0001:000006d9       ?SetBodygroup@CBaseAnimating@@QAEXHH@Z 100016d9 f   animating.obj
 0001:00000717       ?GetBodygroup@CBaseAnimating@@QAEHH@Z 10001717 f   animating.obj
 0001:00000751       ?ExtractBbox@CBaseAnimating@@QAEHHPAM0@Z 10001751 f   animating.obj
 0001:0000078c       ?SetSequenceBox@CBaseAnimating@@QAEXXZ 1000178c f   animating.obj
 0001:00000aa0       ??_H@YGXPAXIHP6EX0@Z@Z     10001aa0 f i animating.obj
 0001:00000ad0       ??0Vector@@QAE@XZ          10001ad0 f i animating.obj
 0001:00000ae0       ??0Vector@@QAE@MMM@Z       10001ae0 f i animating.obj
 0001:00000b10       ??BVector@@QAEPAMXZ        10001b10 f i animating.obj
 0001:00000b20       ?ENT@@YAPAUedict_s@@PBUentvars_t@@@Z 10001b20 f i animating.obj
 0001:00000b30       ?SUB_CallUseToggle@CBaseEntity@@QAEXXZ 10001b30 f i animating.obj
 0001:00000b60       ?ExtractBbox@@YAHPAXHPAM1@Z 10001b60 f   animation.obj
 0001:00000c13       ?LookupActivity@@YAHPAXPAUentvars_t@@H@Z 10001c13 f   animation.obj
 0001:00000ccd       ?LookupActivityHeaviest@@YAHPAXPAUentvars_t@@H@Z 10001ccd f   animation.obj
 0001:00000d6f       ?GetEyePosition@@YAXPAXPAM@Z 10001d6f f   animation.obj
 0001:00000db8       ?LookupSequence@@YAHPAXPBD@Z 10001db8 f   animation.obj
 0001:00000e2a       ?IsSoundEvent@@YAHH@Z      10001e2a f   animation.obj
 0001:00000e4a       ?SequencePrecache@@YAXPAXPBD@Z 10001e4a f   animation.obj
 0001:00000f8f       ?GetSequenceInfo@@YAXPAXPAUentvars_t@@PAM2@Z 10001f8f f   animation.obj
 0001:0000108c       ?GetSequenceFlags@@YAHPAXPAUentvars_t@@@Z 1000208c f   animation.obj
 0001:000010e0       ?GetAnimationEvent@@YAHPAXPAUentvars_t@@PAUMonsterEvent_t@@MMH@Z 100020e0 f   animation.obj
 0001:00001291       ?SetController@@YAMPAXPAUentvars_t@@HM@Z 10002291 f   animation.obj
 0001:00001492       ?SetBlending@@YAMPAXPAUentvars_t@@HM@Z 10002492 f   animation.obj
 0001:0000166b       ?FindTransition@@YAHPAXHHPAH@Z 1000266b f   animation.obj
 0001:00001845       ?SetBodygroup@@YAXPAXPAUentvars_t@@HH@Z 10002845 f   animation.obj
 0001:000018d5       ?GetBodygroup@@YAHPAXPAUentvars_t@@H@Z 100028d5 f   animation.obj
 0001:00001950       _weapon_ashotgun           10002950 f   ashotgun.obj
 0001:00001961       ?Save@CAshotgun@@UAEHAAVCSave@@@Z 10002961 f   ashotgun.obj
 0001:0000199a       ?Restore@CAshotgun@@UAEHAAVCRestore@@@Z 1000299a f   ashotgun.obj
 0001:000019d3       ?Spawn@CAshotgun@@UAEXXZ   100029d3 f   ashotgun.obj
 0001:00001a23       ?Precache@CAshotgun@@UAEXXZ 10002a23 f   ashotgun.obj
 0001:00001aa7       ?AddToPlayer@CAshotgun@@UAEHPAVCBasePlayer@@@Z 10002aa7 f   ashotgun.obj
 0001:00001afc       ?GetItemInfo@CAshotgun@@UAEHPAUItemInfo@@@Z 10002afc f   ashotgun.obj
 0001:00001b95       ?Deploy@CAshotgun@@UAEHXZ  10002b95 f   ashotgun.obj
 0001:00001bb9       ?PrimaryAttack@CAshotgun@@UAEXXZ 10002bb9 f   ashotgun.obj
 0001:00002032       ?SecondaryAttack@CAshotgun@@UAEXXZ 10003032 f   ashotgun.obj
 0001:0000203d       ?Reload@CAshotgun@@UAEXXZ  1000303d f   ashotgun.obj
 0001:00002263       ?WeaponIdle@CAshotgun@@UAEXXZ 10003263 f   ashotgun.obj
 0001:000024a7       _ammo_buckshotbox          100034a7 f   ashotgun.obj
 0001:000024c0       ??0Vector@@QAE@ABV0@@Z     100034c0 f i ashotgun.obj
 0001:00002500       ?GetClassPtr@@YAPAVCAshotgun@@PAV1@@Z 10003500 f i ashotgun.obj
 0001:000025c0       ?GetClassPtr@@YAPAVCAshotgunAmmo@@PAV1@@Z 100035c0 f i ashotgun.obj
 0001:00002680       ??HVector@@QBE?AV0@ABV0@@Z 10003680 f i ashotgun.obj
 0001:000026e0       ??0CAshotgun@@QAE@XZ       100036e0 f i ashotgun.obj
 0001:00002700       ?iItemSlot@CAshotgun@@UAEHXZ 10003700 f i ashotgun.obj
 0001:00002710       ??0CAshotgunAmmo@@QAE@XZ   10003710 f i ashotgun.obj
 0001:00002730       ?Spawn@CAshotgunAmmo@@EAEXXZ 10003730 f i ashotgun.obj
 0001:00002770       ?Precache@CAshotgunAmmo@@EAEXXZ 10003770 f i ashotgun.obj
 0001:000027a0       ?AddAmmo@CAshotgunAmmo@@EAEHPAVCBaseEntity@@@Z 100037a0 f i ashotgun.obj
 0001:00002800       ??0CBasePlayerWeapon@@QAE@XZ 10003800 f i ashotgun.obj
 0001:00002820       ??0CBasePlayerAmmo@@QAE@XZ 10003820 f i ashotgun.obj
 0001:00002840       ??DVector@@QBE?AV0@M@Z     10003840 f i ashotgun.obj
 0001:00002890       ??0CBasePlayerItem@@QAE@XZ 10003890 f i ashotgun.obj
 0001:000028b0       ??0CBaseEntity@@QAE@XZ     100038b0 f i ashotgun.obj
 0001:000028d0       ??0CBaseAnimating@@QAE@XZ  100038d0 f i ashotgun.obj
 0001:000028f0       ??0CBaseDelay@@QAE@XZ      100038f0 f i ashotgun.obj
 0001:00002910       ?GET_PRIVATE@@YAPAXPAUedict_s@@@Z 10003910 f i ashotgun.obj
 0001:00002930       ?VARS@@YAPAUentvars_t@@PAUedict_s@@@Z 10003930 f i ashotgun.obj
 0001:00002950       ?MESSAGE_BEGIN@@YAXHHPBMPAUentvars_t@@@Z 10003950 f i ashotgun.obj
 0001:00002980       ?EMIT_SOUND@@YAXPAUedict_s@@HPBDMM@Z 10003980 f i ashotgun.obj
 0001:000029b0       ?Spawn@CBaseEntity@@UAEXXZ 100039b0 f i ashotgun.obj
 0001:000029c0       ?Precache@CBaseEntity@@UAEXXZ 100039c0 f i ashotgun.obj
 0001:000029d0       ?KeyValue@CBaseEntity@@UAEXPAUKeyValueData_s@@@Z 100039d0 f i ashotgun.obj
 0001:000029f0       ?ObjectCaps@CBaseEntity@@UAEHXZ 100039f0 f i ashotgun.obj
 0001:00002a00       ?Activate@CBaseEntity@@UAEXXZ 10003a00 f i ashotgun.obj
 0001:00002a10       ?Classify@CBaseEntity@@UAEHXZ 10003a10 f i ashotgun.obj
 0001:00002a20       ?DeathNotice@CBaseEntity@@UAEXPAUentvars_t@@@Z 10003a20 f i ashotgun.obj
 0001:00002a30       ?BloodColor@CBaseEntity@@UAEHXZ 10003a30 f i ashotgun.obj
 0001:00002a40       ?IsTriggered@CBaseEntity@@UAEHPAV1@@Z 10003a40 f i ashotgun.obj
 0001:00002a60       ?MyMonsterPointer@CBaseEntity@@UAEPAVCBaseMonster@@XZ 10003a60 f i ashotgun.obj
 0001:00002a70       ?MySquadMonsterPointer@CBaseEntity@@UAEPAVCSquadMonster@@XZ 10003a70 f i ashotgun.obj
 0001:00002a80       ?GetToggleState@CBaseEntity@@UAEHXZ 10003a80 f i ashotgun.obj
 0001:00002a90       ?AddPoints@CBaseEntity@@UAEXHH@Z 10003a90 f i ashotgun.obj
 0001:00002aa0       ?AddPointsToTeam@CBaseEntity@@UAEXHH@Z 10003aa0 f i ashotgun.obj
 0001:00002ab0       ?AddPlayerItem@CBaseEntity@@UAEHPAVCBasePlayerItem@@@Z 10003ab0 f i ashotgun.obj
 0001:00002ac0       ?RemovePlayerItem@CBaseEntity@@UAEHPAVCBasePlayerItem@@@Z 10003ac0 f i ashotgun.obj
 0001:00002ad0       ?GiveAmmo@CBaseEntity@@UAEHHPADH@Z 10003ad0 f i ashotgun.obj
 0001:00002ae0       ?GetDelay@CBaseEntity@@UAEMXZ 10003ae0 f i ashotgun.obj
 0001:00002b00       ?IsMoving@CBaseEntity@@UAEHXZ 10003b00 f i ashotgun.obj
 0001:00002b20       ??9Vector@@QBEHABV0@@Z     10003b20 f i ashotgun.obj
 0001:00002b40       ??8Vector@@QBEHABV0@@Z     10003b40 f i ashotgun.obj
 0001:00002ba0       ?OverrideReset@CBaseEntity@@UAEXXZ 10003ba0 f i ashotgun.obj
 0001:00002bb0       ?SetToggleState@CBaseEntity@@UAEXH@Z 10003bb0 f i ashotgun.obj
 0001:00002bc0       ?StartSneaking@CBaseEntity@@UAEXXZ 10003bc0 f i ashotgun.obj
 0001:00002bd0       ?StopSneaking@CBaseEntity@@UAEXXZ 10003bd0 f i ashotgun.obj
 0001:00002be0       ?OnControls@CBaseEntity@@UAEHPAUentvars_t@@@Z 10003be0 f i ashotgun.obj
 0001:00002bf0       ?IsSneaking@CBaseEntity@@UAEHXZ 10003bf0 f i ashotgun.obj
 0001:00002c00       ?IsAlive@CBaseEntity@@UAEHXZ 10003c00 f i ashotgun.obj
 0001:00002c50       ?IsBSPModel@CBaseEntity@@UAEHXZ 10003c50 f i ashotgun.obj
 0001:00002c90       ?ReflectGauss@CBaseEntity@@UAEHXZ 10003c90 f i ashotgun.obj
 0001:00002ce0       ?HasTarget@CBaseEntity@@UAEHH@Z 10003ce0 f i ashotgun.obj
 0001:00002d20       ?FStrEq@@YAHPBD0@Z         10003d20 f i ashotgun.obj
 0001:00002d40       ?IsPlayer@CBaseEntity@@UAEHXZ 10003d40 f i ashotgun.obj
 0001:00002d50       ?IsNetClient@CBaseEntity@@UAEHXZ 10003d50 f i ashotgun.obj
 0001:00002d60       ?TeamID@CBaseEntity@@UAEPBDXZ 10003d60 f i ashotgun.obj
 0001:00002d70       ?Think@CBaseEntity@@UAEXXZ 10003d70 f i ashotgun.obj
 0001:00002d90       ?Touch@CBaseEntity@@UAEXPAV1@@Z 10003d90 f i ashotgun.obj
 0001:00002dc0       ?Use@CBaseEntity@@UAEXPAV1@0W4USE_TYPE@@M@Z 10003dc0 f i ashotgun.obj
 0001:00002df0       ?Blocked@CBaseEntity@@UAEXPAV1@@Z 10003df0 f i ashotgun.obj
 0001:00002e20       ??2CBaseEntity@@SAPAXIPAUentvars_t@@@Z 10003e20 f i ashotgun.obj
 0001:00002e40       ??3CBaseEntity@@SAXPAXPAUentvars_t@@@Z 10003e40 f i ashotgun.obj
 0001:00002e60       ?Respawn@CBaseEntity@@UAEPAV1@XZ 10003e60 f i ashotgun.obj
 0001:00002e70       ?UpdateOwner@CBaseEntity@@UAEXXZ 10003e70 f i ashotgun.obj
 0001:00002e80       ?FBecomeProne@CBaseEntity@@UAEHXZ 10003e80 f i ashotgun.obj
 0001:00002e90       ?Center@CBaseEntity@@UAE?AVVector@@XZ 10003e90 f i ashotgun.obj
 0001:00002ee0       ?EyePosition@CBaseEntity@@UAE?AVVector@@XZ 10003ee0 f i ashotgun.obj
 0001:00002f20       ?EarPosition@CBaseEntity@@UAE?AVVector@@XZ 10003f20 f i ashotgun.obj
 0001:00002f60       ?BodyTarget@CBaseEntity@@UAE?AVVector@@ABV2@@Z 10003f60 f i ashotgun.obj
 0001:00002f90       ?Illumination@CBaseEntity@@UAEHXZ 10003f90 f i ashotgun.obj
 0001:00002fc0       ?HandleAnimEvent@CBaseAnimating@@UAEXPAUMonsterEvent_t@@@Z 10003fc0 f i ashotgun.obj
 0001:00002fd0       ?AddDuplicate@CBasePlayerItem@@UAEHPAV1@@Z 10003fd0 f i ashotgun.obj
 0001:00002fe0       ?GetItemInfo@CBasePlayerItem@@UAEHPAUItemInfo@@@Z 10003fe0 f i ashotgun.obj
 0001:00002ff0       ?CanDeploy@CBasePlayerItem@@UAEHXZ 10003ff0 f i ashotgun.obj
 0001:00003000       ?Deploy@CBasePlayerItem@@UAEHXZ 10004000 f i ashotgun.obj
 0001:00003010       ?CanHolster@CBasePlayerItem@@UAEHXZ 10004010 f i ashotgun.obj
 0001:00003020       ?UpdateItemInfo@CBasePlayerItem@@UAEXXZ 10004020 f i ashotgun.obj
 0001:00003030       ?ItemPreFrame@CBasePlayerItem@@UAEXXZ 10004030 f i ashotgun.obj
 0001:00003040       ?ItemPostFrame@CBasePlayerItem@@UAEXXZ 10004040 f i ashotgun.obj
 0001:00003050       ?PrimaryAmmoIndex@CBasePlayerItem@@UAEHXZ 10004050 f i ashotgun.obj
 0001:00003060       ?SecondaryAmmoIndex@CBasePlayerItem@@UAEHXZ 10004060 f i ashotgun.obj
 0001:00003070       ?UpdateClientData@CBasePlayerItem@@UAEHPAVCBasePlayer@@@Z 10004070 f i ashotgun.obj
 0001:00003080       ?iItemSlot@CBasePlayerItem@@UAEHXZ 10004080 f i ashotgun.obj
 0001:00003090       ?AddWeapon@CBasePlayerWeapon@@UAEHXZ 10004090 f i ashotgun.obj
 0001:000030c0       ?UpdateItemInfo@CBasePlayerWeapon@@UAEXXZ 100040c0 f i ashotgun.obj
 0001:000030d0       ?PrimaryAttack@CBasePlayerWeapon@@UAEXXZ 100040d0 f i ashotgun.obj
 0001:000030e0       ?SecondaryAttack@CBasePlayerWeapon@@UAEXXZ 100040e0 f i ashotgun.obj
 0001:000030f0       ?Reload@CBasePlayerWeapon@@UAEXXZ 100040f0 f i ashotgun.obj
 0001:00003100       ?WeaponIdle@CBasePlayerWeapon@@UAEXXZ 10004100 f i ashotgun.obj
 0001:00003110       ?ShouldWeaponIdle@CBasePlayerWeapon@@UAEHXZ 10004110 f i ashotgun.obj
 0001:00003120       ?AddAmmo@CBasePlayerAmmo@@UAEHPAVCBaseEntity@@@Z 10004120 f i ashotgun.obj
 0001:00003140       ?VecBModelOrigin@@YA?AVVector@@PAUentvars_t@@@Z 10004140 f   bmodels.obj
 0001:00003180       _func_wall                 10004180 f   bmodels.obj
 0001:00003191       ?Spawn@CFuncWall@@UAEXXZ   10004191 f   bmodels.obj
 0001:0000322c       ?Use@CFuncWall@@UAEXPAVCBaseEntity@@0W4USE_TYPE@@M@Z 1000422c f   bmodels.obj
 0001:00003279       _func_wall_toggle          10004279 f   bmodels.obj
 0001:0000328a       ?Spawn@CFuncWallToggle@@UAEXXZ 1000428a f   bmodels.obj
 0001:000032b8       ?TurnOff@CFuncWallToggle@@QAEXXZ 100042b8 f   bmodels.obj
 0001:00003307       ?TurnOn@CFuncWallToggle@@QAEXXZ 10004307 f   bmodels.obj
 0001:00003356       ?IsOn@CFuncWallToggle@@QAEHXZ 10004356 f   bmodels.obj
 0001:00003379       ?Use@CFuncWallToggle@@UAEXPAVCBaseEntity@@0W4USE_TYPE@@M@Z 10004379 f   bmodels.obj
 0001:000033bf       _func_conveyor             100043bf f   bmodels.obj
 0001:000033d0       ?Spawn@CFuncConveyor@@UAEXXZ 100043d0 f   bmodels.obj
 0001:00003491       ?UpdateSpeed@CFuncConveyor@@QAEXM@Z 10004491 f   bmodels.obj
 0001:00003524       ?Use@CFuncConveyor@@UAEXPAVCBaseEntity@@0W4USE_TYPE@@M@Z 10004524 f   bmodels.obj
 0001:00003560       _func_illusionary          10004560 f   bmodels.obj
 0001:00003571       ?KeyValue@CFuncIllusionary@@UAEXPAUKeyValueData_s@@@Z 10004571 f   bmodels.obj
 0001:000035ce       ?Spawn@CFuncIllusionary@@UAEXXZ 100045ce f   bmodels.obj
 0001:0000364c       _func_monsterclip          1000464c f   bmodels.obj
 0001:0000365d       ?Spawn@CFuncMonsterClip@@UAEXXZ 1000465d f   bmodels.obj
 0001:000036b9       ?Save@CFuncRotating@@UAEHAAVCSave@@@Z 100046b9 f   bmodels.obj
 0001:000036f2       ?Restore@CFuncRotating@@UAEHAAVCRestore@@@Z 100046f2 f   bmodels.obj
 0001:0000372b       _func_rotating             1000472b f   bmodels.obj
 0001:0000373c       ?KeyValue@CFuncRotating@@UAEXPAUKeyValueData_s@@@Z 1000473c f   bmodels.obj
 0001:000038b3       ?Spawn@CFuncRotating@@UAEXXZ 100048b3 f   bmodels.obj
 0001:00003ba5       ?Precache@CFuncRotating@@UAEXXZ 10004ba5 f   bmodels.obj
 0001:00003de6       ?HurtTouch@CFuncRotating@@QAEXPAVCBaseEntity@@@Z 10004de6 f   bmodels.obj
 0001:00003ebd       ?RampPitchVol@CFuncRotating@@QAEXH@Z 10004ebd f   bmodels.obj
 0001:0000403f       ?SpinUp@CFuncRotating@@QAEXXZ 1000503f f   bmodels.obj
 0001:0000423d       ?SpinDown@CFuncRotating@@QAEXXZ 1000523d f   bmodels.obj
 0001:00004445       ?Rotate@CFuncRotating@@QAEXXZ 10005445 f   bmodels.obj
 0001:0000446e       ?RotatingUse@CFuncRotating@@QAEXPAVCBaseEntity@@0W4USE_TYPE@@M@Z 1000546e f   bmodels.obj
 0001:00004638       ?Blocked@CFuncRotating@@UAEXPAVCBaseEntity@@@Z 10005638 f   bmodels.obj
 0001:0000466d       _func_pendulum             1000566d f   bmodels.obj
 0001:0000467e       ?Save@CPendulum@@UAEHAAVCSave@@@Z 1000567e f   bmodels.obj
 0001:000046b7       ?Restore@CPendulum@@UAEHAAVCRestore@@@Z 100056b7 f   bmodels.obj
 0001:000046f0       ?KeyValue@CPendulum@@UAEXPAUKeyValueData_s@@@Z 100056f0 f   bmodels.obj
 0001:00004781       ?Spawn@CPendulum@@UAEXXZ   10005781 f   bmodels.obj
 0001:0000499c       ?PendulumUse@CPendulum@@QAEXPAVCBaseEntity@@0W4USE_TYPE@@M@Z 1000599c f   bmodels.obj
 0001:00004aec       ?Stop@CPendulum@@QAEXXZ    10005aec f   bmodels.obj
 0001:00004b51       ?Blocked@CPendulum@@UAEXPAVCBaseEntity@@@Z 10005b51 f   bmodels.obj
 0001:00004b6c       ?Swing@CPendulum@@QAEXXZ   10005b6c f   bmodels.obj
 0001:00004ddd       ?Touch@CPendulum@@UAEXPAVCBaseEntity@@@Z 10005ddd f   bmodels.obj
 0001:00004ed9       ?RopeTouch@CPendulum@@QAEXPAVCBaseEntity@@@Z 10005ed9 f   bmodels.obj
 0001:00004f70       ??GVector@@QBE?AV0@ABV0@@Z 10005f70 f i bmodels.obj
 0001:00004fd0       ?Length@Vector@@QBEMXZ     10005fd0 f i bmodels.obj
 0001:00005020       ?Normalize@Vector@@QBE?AV1@XZ 10006020 f i bmodels.obj
 0001:000050b0       ?FStringNull@@YAHH@Z       100060b0 f i bmodels.obj
 0001:000050c0       ??D@YA?AVVector@@MABV0@@Z  100060c0 f i bmodels.obj
 0001:000050f0       ?GetClassPtr@@YAPAVCFuncWall@@PAV1@@Z 100060f0 f i bmodels.obj
 0001:000051b0       ?edict@CBaseEntity@@QAEPAUedict_s@@XZ 100061b0 f i bmodels.obj
 0001:000051d0       ?GetClassPtr@@YAPAVCFuncWallToggle@@PAV1@@Z 100061d0 f i bmodels.obj
 0001:00005290       ?GetClassPtr@@YAPAVCFuncConveyor@@PAV1@@Z 10006290 f i bmodels.obj
 0001:00005350       ?GetClassPtr@@YAPAVCFuncIllusionary@@PAV1@@Z 10006350 f i bmodels.obj
 0001:00005410       ?GetClassPtr@@YAPAVCFuncMonsterClip@@PAV1@@Z 10006410 f i bmodels.obj
 0001:000054d0       ?GetClassPtr@@YAPAVCFuncRotating@@PAV1@@Z 100064d0 f i bmodels.obj
 0001:00005590       ?GetClassPtr@@YAPAVCPendulum@@PAV1@@Z 10006590 f i bmodels.obj
 0001:00005650       ??0CFuncWall@@QAE@XZ       10006650 f i bmodels.obj
 0001:00005670       ?ObjectCaps@CFuncWall@@UAEHXZ 10006670 f i bmodels.obj
 0001:00005690       ??0CFuncWallToggle@@QAE@XZ 10006690 f i bmodels.obj
 0001:000056b0       ??0CFuncConveyor@@QAE@XZ   100066b0 f i bmodels.obj
 0001:000056d0       ??0CFuncIllusionary@@QAE@XZ 100066d0 f i bmodels.obj
 0001:000056f0       ?ObjectCaps@CFuncIllusionary@@UAEHXZ 100066f0 f i bmodels.obj
 0001:00005710       ?GetToggleState@CBaseToggle@@UAEHXZ 10006710 f i bmodels.obj
 0001:00005730       ?GetDelay@CBaseToggle@@UAEMXZ 10006730 f i bmodels.obj
 0001:00005750       ??0CFuncMonsterClip@@QAE@XZ 10006750 f i bmodels.obj
 0001:00005770       ?Use@CFuncMonsterClip@@UAEXPAVCBaseEntity@@0W4USE_TYPE@@M@Z 10006770 f i bmodels.obj
 0001:00005780       ??0CFuncRotating@@QAE@XZ   10006780 f i bmodels.obj
 0001:000057a0       ?ObjectCaps@CFuncRotating@@UAEHXZ 100067a0 f i bmodels.obj
 0001:000057c0       ??0CPendulum@@QAE@XZ       100067c0 f i bmodels.obj
 0001:00005800       ?ObjectCaps@CPendulum@@UAEHXZ 10006800 f i bmodels.obj
 0001:00005820       ??0CBaseToggle@@QAE@XZ     10006820 f i bmodels.obj
 0001:00005890       _crossbow_bolt             10006890 f   boltgun.obj
 0001:000058a1       ?BoltCreate@CCrossbowBolt@@SAPAV1@XZ 100068a1 f   boltgun.obj
 0001:000058db       ?Spawn@CCrossbowBolt@@EAEXXZ 100068db f   boltgun.obj
 0001:000059b8       ?Precache@CCrossbowBolt@@EAEXXZ 100069b8 f   boltgun.obj
 0001:00005a1d       ?Classify@CCrossbowBolt@@EAEHXZ 10006a1d f   boltgun.obj
 0001:00005a2a       ?BoltTouch@CCrossbowBolt@@AAEXPAVCBaseEntity@@@Z 10006a2a f   boltgun.obj
 0001:00005e06       ?BubbleThink@CCrossbowBolt@@AAEXXZ 10006e06 f   boltgun.obj
 0001:00005e93       _weapon_boltgun            10006e93 f   boltgun.obj
 0001:00005ea4       ?Spawn@CBoltGun@@UAEXXZ    10006ea4 f   boltgun.obj
 0001:00005ef4       ?AddToPlayer@CBoltGun@@UAEHPAVCBasePlayer@@@Z 10006ef4 f   boltgun.obj
 0001:00005f49       ?Precache@CBoltGun@@UAEXXZ 10006f49 f   boltgun.obj
 0001:00005fa7       ?GetItemInfo@CBoltGun@@UAEHPAUItemInfo@@@Z 10006fa7 f   boltgun.obj
 0001:00006036       ?Deploy@CBoltGun@@UAEHXZ   10007036 f   boltgun.obj
 0001:0000607e       ?Holster@CBoltGun@@UAEXXZ  1000707e f   boltgun.obj
 0001:000060dd       ?PrimaryAttack@CBoltGun@@UAEXXZ 100070dd f   boltgun.obj
 0001:000060f0       ?FireBolt@CBoltGun@@QAEXXZ 100070f0 f   boltgun.obj
 0001:000063d8       ?Reload@CBoltGun@@UAEXXZ   100073d8 f   boltgun.obj
 0001:00006448       ?WeaponIdle@CBoltGun@@UAEXXZ 10007448 f   boltgun.obj
 0001:00006552       _ammo_boltgun              10007552 f   boltgun.obj
 0001:00006570       ??0TraceResult@@QAE@ABU0@@Z 10007570 f i boltgun.obj
 0001:00006610       ??0TraceResult@@QAE@XZ     10007610 f i boltgun.obj
 0001:00006640       ?FClassnameIs@@YAHPAUentvars_t@@PBD@Z 10007640 f i boltgun.obj
 0001:00006670       ?GetClassPtr@@YAPAVCCrossbowBolt@@PAV1@@Z 10007670 f i boltgun.obj
 0001:00006730       ?GetClassPtr@@YAPAVCBoltGun@@PAV1@@Z 10007730 f i boltgun.obj
 0001:000067f0       ?GetClassPtr@@YAPAVCBoltGunAmmo@@PAV1@@Z 100077f0 f i boltgun.obj
 0001:000068b0       ??0CCrossbowBolt@@QAE@XZ   100078b0 f i boltgun.obj
 0001:000068d0       ??0CBoltGun@@QAE@XZ        100078d0 f i boltgun.obj
 0001:000068f0       ?iItemSlot@CBoltGun@@UAEHXZ 100078f0 f i boltgun.obj
 0001:00006900       ??0CBoltGunAmmo@@QAE@XZ    10007900 f i boltgun.obj
 0001:00006920       ?Spawn@CBoltGunAmmo@@EAEXXZ 10007920 f i boltgun.obj
 0001:00006960       ?Precache@CBoltGunAmmo@@EAEXXZ 10007960 f i boltgun.obj
 0001:00006990       ?AddAmmo@CBoltGunAmmo@@EAEHPAVCBaseEntity@@@Z 10007990 f i boltgun.obj
 0001:000069f0       _bot                       100079f0 f   bot.obj
 0001:00006a01       ?BotCreate@@YAXXZ          10007a01 f   bot.obj
 0001:00006ae2       ?Spawn@CBot@@UAEXXZ        10007ae2 f   bot.obj
 0001:0000700a       ?Killed@CBot@@UAEXPAUentvars_t@@H@Z 1000800a f   bot.obj
 0001:000072d1       ?PlayerDeathThink@CBot@@QAEXXZ 100082d1 f   bot.obj
 0001:00007538       ?BotDebug@CBot@@QAEXPAD@Z  10008538 f   bot.obj
 0001:0000755b       ?BotOnLadder@CBot@@QAEXXZ  1000855b f   bot.obj
 0001:00007690       ?BotFindEnemy@CBot@@QAEPAVCBaseEntity@@XZ 10008690 f   bot.obj
 0001:00007834       ?BotShootAtEnemy@CBot@@QAEXXZ 10008834 f   bot.obj
 0001:00007999       ?BotFindItem@CBot@@QAEXXZ  10008999 f   bot.obj
 0001:00007e73       ?BotThink@CBot@@QAEXXZ     10008e73 f   bot.obj
 0001:000081c0       ?CREATE_FAKE_CLIENT@@YAPAUedict_s@@PBD@Z 100091c0 f i bot.obj
 0001:000081e0       ?GET_INFOBUFFER@@YAPADPAUedict_s@@@Z 100091e0 f i bot.obj
 0001:00008200       ?SET_CLIENT_KEY_VALUE@@YAXHPAD00@Z 10009200 f i bot.obj
 0001:00008220       ?FNullEnt@@YAHPBUedict_s@@@Z 10009220 f i bot.obj
 0001:00008260       ?OFFSET@@YAHPBUedict_s@@@Z 10009260 f i bot.obj
 0001:00008280       ?FNullEnt@@YAHH@Z          10009280 f i bot.obj
 0001:00008290       ?GetClassPtr@@YAPAVCBot@@PAV1@@Z 10009290 f i bot.obj
 0001:00008350       ??0CBot@@QAE@XZ            10009350 f i bot.obj
 0001:00008380       ??0CBasePlayer@@QAE@XZ     10009380 f i bot.obj
 0001:000083c0       ??0CBaseMonster@@QAE@XZ    100093c0 f i bot.obj
 0001:00008400       ?entindex@CBaseEntity@@QAEHXZ 10009400 f i bot.obj
 0001:00008420       ?ENTINDEX@@YAHPAUedict_s@@@Z 10009420 f i bot.obj
 0001:00008440       ?PainSound@CBaseMonster@@UAEXXZ 10009440 f i bot.obj
 0001:00008450       ?StopAnimation@CBaseMonster@@QAEXXZ 10009450 f i bot.obj
 0001:00008470       ?IsAlive@CBaseMonster@@UAEHXZ 10009470 f i bot.obj
 0001:00008490       ?BodyTarget@CBasePlayer@@UAE?AVVector@@ABV2@@Z 10009490 f i bot.obj
 0001:00008500       ?StartSneaking@CBasePlayer@@UAEXXZ 10009500 f i bot.obj
 0001:00008530       ?StopSneaking@CBasePlayer@@UAEXXZ 10009530 f i bot.obj
 0001:00008560       ?IsSneaking@CBasePlayer@@UAEHXZ 10009560 f i bot.obj
 0001:000085a0       ?IsAlive@CBasePlayer@@UAEHXZ 100095a0 f i bot.obj
 0001:000085f0       ?ShouldFadeOnDeath@CBasePlayer@@UAEHXZ 100095f0 f i bot.obj
 0001:00008600       ?IsPlayer@CBasePlayer@@UAEHXZ 10009600 f i bot.obj
 0001:00008610       ?BloodColor@CBasePlayer@@UAEHXZ 10009610 f i bot.obj
 0001:00008620       ?IsNetClient@CBasePlayer@@UAEHXZ 10009620 f i bot.obj
 0001:00008630       ?ObjectCaps@CBasePlayer@@UAEHXZ 10009630 f i bot.obj
 0001:00008650       ?IsNetClient@CBot@@UAEHXZ  10009650 f i bot.obj
 0001:00008660       ?BloodColor@CBot@@UAEHXZ   10009660 f i bot.obj
 0001:00008670       ?Save@CEnvGlobal@@UAEHAAVCSave@@@Z 10009670 f   buttons.obj
 0001:000086a9       ?Restore@CEnvGlobal@@UAEHAAVCRestore@@@Z 100096a9 f   buttons.obj
 0001:000086e2       _env_global                100096e2 f   buttons.obj
 0001:000086f3       ?KeyValue@CEnvGlobal@@UAEXPAUKeyValueData_s@@@Z 100096f3 f   buttons.obj
 0001:000087a4       ?Spawn@CEnvGlobal@@UAEXXZ  100097a4 f   buttons.obj
 0001:0000881d       ?Use@CEnvGlobal@@UAEXPAVCBaseEntity@@0W4USE_TYPE@@M@Z 1000981d f   buttons.obj
 0001:000088e7       ?Save@CMultiSource@@UAEHAAVCSave@@@Z 100098e7 f   buttons.obj
 0001:00008920       ?Restore@CMultiSource@@UAEHAAVCRestore@@@Z 10009920 f   buttons.obj
 0001:00008959       _multisource               10009959 f   buttons.obj
 0001:0000896a       ?KeyValue@CMultiSource@@UAEXPAUKeyValueData_s@@@Z 1000996a f   buttons.obj
 0001:00008a5c       ?Spawn@CMultiSource@@UAEXXZ 10009a5c f   buttons.obj
 0001:00008aca       ?Use@CMultiSource@@UAEXPAVCBaseEntity@@0W4USE_TYPE@@M@Z 10009aca f   buttons.obj
 0001:00008bda       ?IsTriggered@CMultiSource@@UAEHPAVCBaseEntity@@@Z 10009bda f   buttons.obj
 0001:00008c6e       ?Register@CMultiSource@@QAEXXZ 10009c6e f   buttons.obj
 0001:00008e54       ?Save@CBaseButton@@UAEHAAVCSave@@@Z 10009e54 f   buttons.obj
 0001:00008e8d       ?Restore@CBaseButton@@UAEHAAVCRestore@@@Z 10009e8d f   buttons.obj
 0001:00008ec6       ?Precache@CBaseButton@@UAEXXZ 10009ec6 f   buttons.obj
 0001:00009269       ?KeyValue@CBaseButton@@UAEXPAUKeyValueData_s@@@Z 1000a269 f   buttons.obj
 0001:0000940b       ?TakeDamage@CBaseButton@@UAEHPAUentvars_t@@0MH@Z 1000a40b f   buttons.obj
 0001:000094f5       _func_button               1000a4f5 f   buttons.obj
 0001:00009506       ?Spawn@CBaseButton@@UAEXXZ 1000a506 f   buttons.obj
 0001:0000983f       ?ButtonSound@@YAPADH@Z     1000a83f f   buttons.obj
 0001:0000999b       ?DoSpark@@YAXPAUentvars_t@@ABVVector@@@Z 1000a99b f   buttons.obj
 0001:00009b32       ?ButtonSpark@CBaseButton@@QAEXXZ 1000ab32 f   buttons.obj
 0001:00009b98       ?ButtonUse@CBaseButton@@QAEXPAVCBaseEntity@@0W4USE_TYPE@@M@Z 1000ab98 f   buttons.obj
 0001:00009c45       ?ButtonResponseToTouch@CBaseButton@@QAE?AW4BUTTON_CODE@1@XZ 1000ac45 f   buttons.obj
 0001:00009cc8       ?ButtonTouch@CBaseButton@@QAEXPAVCBaseEntity@@@Z 1000acc8 f   buttons.obj
 0001:00009dcd       ?ButtonActivate@CBaseButton@@QAEXXZ 1000adcd f   buttons.obj
 0001:00009eec       ?TriggerAndWait@CBaseButton@@QAEXXZ 1000aeec f   buttons.obj
 0001:00009fca       ?ButtonReturn@CBaseButton@@QAEXXZ 1000afca f   buttons.obj
 0001:0000a05a       ?ButtonBackHome@CBaseButton@@QAEXXZ 1000b05a f   buttons.obj
 0001:0000a1b7       _func_rot_button           1000b1b7 f   buttons.obj
 0001:0000a1c8       ?Spawn@CRotButton@@UAEXXZ  1000b1c8 f   buttons.obj
 0001:0000a424       ?Save@CMomentaryRotButton@@UAEHAAVCSave@@@Z 1000b424 f   buttons.obj
 0001:0000a45d       ?Restore@CMomentaryRotButton@@UAEHAAVCRestore@@@Z 1000b45d f   buttons.obj
 0001:0000a496       _momentary_rot_button      1000b496 f   buttons.obj
 0001:0000a4a7       ?Spawn@CMomentaryRotButton@@UAEXXZ 1000b4a7 f   buttons.obj
 0001:0000a6d2       ?KeyValue@CMomentaryRotButton@@UAEXPAUKeyValueData_s@@@Z 1000b6d2 f   buttons.obj
 0001:0000a763       ?PlaySound@CMomentaryRotButton@@QAEXXZ 1000b763 f   buttons.obj
 0001:0000a7ab       ?Use@CMomentaryRotButton@@UAEXPAVCBaseEntity@@0W4USE_TYPE@@M@Z 1000b7ab f   buttons.obj
 0001:0000a81e       ?UpdateAllButtons@CMomentaryRotButton@@QAEXMH@Z 1000b81e f   buttons.obj
 0001:0000a8cc       ?UpdateSelf@CMomentaryRotButton@@QAEXM@Z 1000b8cc f   buttons.obj
 0001:0000aabf       ?UpdateTarget@CMomentaryRotButton@@QAEXM@Z 1000babf f   buttons.obj
 0001:0000ab5b       ?Off@CMomentaryRotButton@@QAEXXZ 1000bb5b f   buttons.obj
 0001:0000ac04       ?Return@CMomentaryRotButton@@QAEXXZ 1000bc04 f   buttons.obj
 0001:0000ac6c       ?UpdateSelfReturn@CMomentaryRotButton@@QAEXM@Z 1000bc6c f   buttons.obj
 0001:0000ad49       ?Save@CEnvSpark@@UAEHAAVCSave@@@Z 1000bd49 f   buttons.obj
 0001:0000ad82       ?Restore@CEnvSpark@@UAEHAAVCRestore@@@Z 1000bd82 f   buttons.obj
 0001:0000adbb       _env_spark                 1000bdbb f   buttons.obj
 0001:0000adcc       _env_debris                1000bdcc f   buttons.obj
 0001:0000addd       ?Spawn@CEnvSpark@@UAEXXZ   1000bddd f   buttons.obj
 0001:0000aeaa       ?Precache@CEnvSpark@@UAEXXZ 1000beaa f   buttons.obj
 0001:0000af09       ?KeyValue@CEnvSpark@@UAEXPAUKeyValueData_s@@@Z 1000bf09 f   buttons.obj
 0001:0000affa       ?SparkThink@CEnvSpark@@QAEXXZ 1000bffa f   buttons.obj
 0001:0000b054       ?SparkStart@CEnvSpark@@QAEXPAVCBaseEntity@@0W4USE_TYPE@@M@Z 1000c054 f   buttons.obj
 0001:0000b0ac       ?SparkStop@CEnvSpark@@QAEXPAVCBaseEntity@@0W4USE_TYPE@@M@Z 1000c0ac f   buttons.obj
 0001:0000b0cd       _button_target             1000c0cd f   buttons.obj
 0001:0000b0de       ?Spawn@CButtonTarget@@UAEXXZ 1000c0de f   buttons.obj
 0001:0000b16d       ?Use@CButtonTarget@@UAEXPAVCBaseEntity@@0W4USE_TYPE@@M@Z 1000c16d f   buttons.obj
 0001:0000b1f7       ?ObjectCaps@CButtonTarget@@UAEHXZ 1000c1f7 f   buttons.obj
 0001:0000b22e       ?TakeDamage@CButtonTarget@@UAEHPAUentvars_t@@0MH@Z 1000c22e f   buttons.obj
 0001:0000b270       ?EntityInTable@CGlobalState@@QAEHH@Z 1000c270 f i buttons.obj
 0001:0000b290       ?FIND_ENTITY_BY_TARGETNAME@@YAPAUedict_s@@PAU1@PBD@Z 1000c290 f i buttons.obj
 0001:0000b2b0       ?FClassnameIs@@YAHPAUedict_s@@PBD@Z 1000c2b0 f i buttons.obj
 0001:0000b2e0       ?Instance@CBaseEntity@@SAPAV1@PAUedict_s@@@Z 1000c2e0 f i buttons.obj
 0001:0000b310       ?ENT@@YAPAUedict_s@@H@Z    1000c310 f i buttons.obj
 0001:0000b330       ?Instance@CBaseEntity@@SAPAV1@PAUentvars_t@@@Z 1000c330 f i buttons.obj
 0001:0000b350       ?Instance@CMomentaryRotButton@@SAPAV1@PAUedict_s@@@Z 1000c350 f i buttons.obj
 0001:0000b370       ?GetClassPtr@@YAPAVCEnvGlobal@@PAV1@@Z 1000c370 f i buttons.obj
 0001:0000b430       ?GetClassPtr@@YAPAVCMultiSource@@PAV1@@Z 1000c430 f i buttons.obj
 0001:0000b4f0       ?GetClassPtr@@YAPAVCBaseButton@@PAV1@@Z 1000c4f0 f i buttons.obj
 0001:0000b5b0       ?GetClassPtr@@YAPAVCRotButton@@PAV1@@Z 1000c5b0 f i buttons.obj
 0001:0000b670       ?GetClassPtr@@YAPAVCMomentaryRotButton@@PAV1@@Z 1000c670 f i buttons.obj
 0001:0000b730       ?GetClassPtr@@YAPAVCEnvSpark@@PAV1@@Z 1000c730 f i buttons.obj
 0001:0000b7f0       ?GetClassPtr@@YAPAVCButtonTarget@@PAV1@@Z 1000c7f0 f i buttons.obj
 0001:0000b8b0       ??0CEnvGlobal@@QAE@XZ      1000c8b0 f i buttons.obj
 0001:0000b8d0       ?ObjectCaps@CPointEntity@@UAEHXZ 1000c8d0 f i buttons.obj
 0001:0000b8f0       ??0CMultiSource@@QAE@XZ    1000c8f0 f i buttons.obj
 0001:0000b910       ?ObjectCaps@CMultiSource@@UAEHXZ 1000c910 f i buttons.obj
 0001:0000b930       ??0CBaseButton@@QAE@XZ     1000c930 f i buttons.obj
 0001:0000b950       ?ObjectCaps@CBaseButton@@UAEHXZ 1000c950 f i buttons.obj
 0001:0000b9a0       ??0CRotButton@@QAE@XZ      1000c9a0 f i buttons.obj
 0001:0000b9c0       ??0CMomentaryRotButton@@QAE@XZ 1000c9c0 f i buttons.obj
 0001:0000ba00       ?ObjectCaps@CMomentaryRotButton@@UAEHXZ 1000ca00 f i buttons.obj
 0001:0000ba40       ??0CEnvSpark@@QAE@XZ       1000ca40 f i buttons.obj
 0001:0000ba60       ??0CButtonTarget@@QAE@XZ   1000ca60 f i buttons.obj
 0001:0000ba80       ??0CPointEntity@@QAE@XZ    1000ca80 f i buttons.obj
 0001:0000baa0       _GetEntityAPI              1000caa0 f   cbase.obj
 0001:0000bad3       ?DispatchSpawn@@YAHPAUedict_s@@@Z 1000cad3 f   cbase.obj
 0001:0000bc7e       ?DispatchKeyValue@@YAXPAUedict_s@@PAUKeyValueData_s@@@Z 1000cc7e f   cbase.obj
 0001:0000bce6       ?DispatchTouch@@YAXPAUedict_s@@0@Z 1000cce6 f   cbase.obj
 0001:0000bd58       ?DispatchUse@@YAXPAUedict_s@@0@Z 1000cd58 f   cbase.obj
 0001:0000bdb6       ?DispatchThink@@YAXPAUedict_s@@@Z 1000cdb6 f   cbase.obj
 0001:0000be1a       ?DispatchBlocked@@YAXPAUedict_s@@0@Z 1000ce1a f   cbase.obj
 0001:0000be5a       ?DispatchSave@@YAXPAUedict_s@@PAUsaverestore_s@@@Z 1000ce5a f   cbase.obj
 0001:0000bfa4       ?FindGlobalEntity@@YAPAVCBaseEntity@@HH@Z 1000cfa4 f   cbase.obj
 0001:0000c045       ?DispatchRestore@@YAHPAUedict_s@@PAUsaverestore_s@@H@Z 1000d045 f   cbase.obj
 0001:0000c45b       ?DispatchObjectCollsionBox@@YAXPAUedict_s@@@Z 1000d45b f   cbase.obj
 0001:0000c496       ?SaveWriteFields@@YAXPAUsaverestore_s@@PBDPAXPAUTYPEDESCRIPTION@@H@Z 1000d496 f   cbase.obj
 0001:0000c4f7       ?SaveReadFields@@YAXPAUsaverestore_s@@PBDPAXPAUTYPEDESCRIPTION@@H@Z 1000d4f7 f   cbase.obj
 0001:0000c55a       ?Get@EHANDLE@@QAEPAUedict_s@@XZ 1000d55a f   cbase.obj
 0001:0000c58a       ?Set@EHANDLE@@QAEPAUedict_s@@PAU2@@Z 1000d58a f   cbase.obj
 0001:0000c5b6       ??BEHANDLE@@QAEPAVCBaseEntity@@XZ 1000d5b6 f   cbase.obj
 0001:0000c5d2       ??4EHANDLE@@QAEPAVCBaseEntity@@PAV1@@Z 1000d5d2 f   cbase.obj
 0001:0000c627       ??BEHANDLE@@QAEHXZ         1000d627 f   cbase.obj
 0001:0000c640       ??CEHANDLE@@QAEPAVCBaseEntity@@XZ 1000d640 f   cbase.obj
 0001:0000c65c       ?TakeHealth@CBaseEntity@@UAEHMH@Z 1000d65c f   cbase.obj
 0001:0000c700       ?TakeDamage@CBaseEntity@@UAEHPAUentvars_t@@0MH@Z 1000d700 f   cbase.obj
 0001:0000c991       ?Killed@CBaseEntity@@UAEXPAUentvars_t@@H@Z 1000d991 f   cbase.obj
 0001:0000c9ca       ?GetNextTarget@CBaseEntity@@UAEPAV1@XZ 1000d9ca f   cbase.obj
 0001:0000ca3a       ?Save@CBaseEntity@@UAEHAAVCSave@@@Z 1000da3a f   cbase.obj
 0001:0000ca7b       ?Restore@CBaseEntity@@UAEHAAVCRestore@@@Z 1000da7b f   cbase.obj
 0001:0000cdfe       ?SetObjectCollisionBox@CBaseEntity@@UAEXXZ 1000ddfe f   cbase.obj
 0001:0000ce18       ?Intersects@CBaseEntity@@QAEHPAV1@@Z 1000de18 f   cbase.obj
 0001:0000ceec       ?MakeDormant@CBaseEntity@@QAEXXZ 1000deec f   cbase.obj
 0001:0000cf79       ?IsDormant@CBaseEntity@@QAEHXZ 1000df79 f   cbase.obj
 0001:0000cf95       ?IsInWorld@CBaseEntity@@UAEHXZ 1000df95 f   cbase.obj
 0001:0000d0f2       ?ShouldToggle@CBaseEntity@@QAEHW4USE_TYPE@@H@Z 1000e0f2 f   cbase.obj
 0001:0000d12c       ?DamageDecal@CBaseEntity@@UAEHH@Z 1000e12c f   cbase.obj
 0001:0000d170       ?Create@CBaseEntity@@SAPAV1@PADABVVector@@1PAUedict_s@@@Z 1000e170 f   cbase.obj
 0001:0000d230       ??1CSave@@QAE@XZ           1000e230 f i cbase.obj
 0001:0000d250       ??0entvars_t@@QAE@XZ       1000e250 f i cbase.obj
 0001:0000d330       ??1CRestore@@QAE@XZ        1000e330 f i cbase.obj
 0001:0000d350       ?FNullEnt@@YAHPAUentvars_t@@@Z 1000e350 f i cbase.obj
 0001:0000d390       ?OFFSET@@YAHPAUentvars_t@@@Z 1000e390 f i cbase.obj
 0001:0000d3b0       ??0CSave@@QAE@PAUsaverestore_s@@@Z 1000e3b0 f i cbase.obj
 0001:0000d3d0       ??0CRestore@@QAE@PAUsaverestore_s@@@Z 1000e3d0 f i cbase.obj
 0001:0000d400       ?SetGlobalMode@CRestore@@QAEXH@Z 1000e400 f i cbase.obj
 0001:0000d420       ?PrecacheMode@CRestore@@QAEXH@Z 1000e420 f i cbase.obj
 0001:0000d440       _weapon_chaingun           1000e440 f   chaingun.obj
 0001:0000d451       ?Spawn@CChaingun@@UAEXXZ   1000e451 f   chaingun.obj
 0001:0000d4b9       ?Precache@CChaingun@@UAEXXZ 1000e4b9 f   chaingun.obj
 0001:0000d53d       ?GetItemInfo@CChaingun@@UAEHPAUItemInfo@@@Z 1000e53d f   chaingun.obj
 0001:0000d5d6       ?AddToPlayer@CChaingun@@UAEHPAVCBasePlayer@@@Z 1000e5d6 f   chaingun.obj
 0001:0000d62b       ?Deploy@CChaingun@@UAEHXZ  1000e62b f   chaingun.obj
 0001:0000d64f       ?PrimaryAttack@CChaingun@@UAEXXZ 1000e64f f   chaingun.obj
 0001:0000d7de       ?ChaingunFire@CChaingun@@QAEXMMHH@Z 1000e7de f   chaingun.obj
 0001:0000dbd5       ?slowdown@CChaingun@@QAEXXZ 1000ebd5 f   chaingun.obj
 0001:0000dc90       ?Reload@CChaingun@@UAEXXZ  1000ec90 f   chaingun.obj
 0001:0000dcf5       ?BringUp@CChaingun@@QAEXXZ 1000ecf5 f   chaingun.obj
 0001:0000dd23       ?WeaponIdle@CChaingun@@UAEXXZ 1000ed23 f   chaingun.obj
 0001:0000de77       _ammo_chaingunbox          1000ee77 f   chaingun.obj
 0001:0000de90       ?Length2D@Vector@@QBEMXZ   1000ee90 f i chaingun.obj
 0001:0000ded0       ?GetClassPtr@@YAPAVCChaingun@@PAV1@@Z 1000eed0 f i chaingun.obj
 0001:0000df90       ?GetClassPtr@@YAPAVCChaingunBox@@PAV1@@Z 1000ef90 f i chaingun.obj
 0001:0000e050       ??0CChaingun@@QAE@XZ       1000f050 f i chaingun.obj
 0001:0000e070       ?iItemSlot@CChaingun@@UAEHXZ 1000f070 f i chaingun.obj
 0001:0000e080       ??0CChaingunBox@@QAE@XZ    1000f080 f i chaingun.obj
 0001:0000e0a0       ?Spawn@CChaingunBox@@EAEXXZ 1000f0a0 f i chaingun.obj
 0001:0000e0e0       ?Precache@CChaingunBox@@EAEXXZ 1000f0e0 f i chaingun.obj
 0001:0000e110       ?AddAmmo@CChaingunBox@@EAEHPAVCBaseEntity@@@Z 1000f110 f i chaingun.obj
 0001:0000e180       _monster_chumtoad          1000f180 f   chumtoad.obj
 0001:0000e191       ?Save@CChumtoadGrenade@@EAEHAAVCSave@@@Z 1000f191 f   chumtoad.obj
 0001:0000e1ca       ?Restore@CChumtoadGrenade@@EAEHAAVCRestore@@@Z 1000f1ca f   chumtoad.obj
 0001:0000e203       ?Classify@CChumtoadGrenade@@EAEHXZ 1000f203 f   chumtoad.obj
 0001:0000e299       ?Spawn@CChumtoadGrenade@@EAEXXZ 1000f299 f   chumtoad.obj
 0001:0000e472       ?Precache@CChumtoadGrenade@@EAEXXZ 1000f472 f   chumtoad.obj
 0001:0000e4df       ?Killed@CChumtoadGrenade@@EAEXPAUentvars_t@@H@Z 1000f4df f   chumtoad.obj
 0001:0000e65d       ?GibMonster@CChumtoadGrenade@@EAEXXZ 1000f65d f   chumtoad.obj
 0001:0000e698       ?HuntThink@CChumtoadGrenade@@AAEXXZ 1000f698 f   chumtoad.obj
 0001:0000ed4e       ?SuperBounceTouch@CChumtoadGrenade@@AAEXPAVCBaseEntity@@@Z 1000fd4e f   chumtoad.obj
 0001:0000f0ec       _weapon_chumtoad           100100ec f   chumtoad.obj
 0001:0000f0fd       ?Spawn@CChumtoad@@UAEXXZ   100100fd f   chumtoad.obj
 0001:0000f181       ?Precache@CChumtoad@@UAEXXZ 10010181 f   chumtoad.obj
 0001:0000f1df       ?GetItemInfo@CChumtoad@@UAEHPAUItemInfo@@@Z 100101df f   chumtoad.obj
 0001:0000f278       ?Deploy@CChumtoad@@UAEHXZ  10010278 f   chumtoad.obj
 0001:0000f32d       ?Holster@CChumtoad@@UAEXXZ 1001032d f   chumtoad.obj
 0001:0000f3f5       ?PrimaryAttack@CChumtoad@@UAEXXZ 100103f5 f   chumtoad.obj
 0001:0000f691       ?WeaponIdle@CChumtoad@@UAEXXZ 10010691 f   chumtoad.obj
 0001:0000f7d0       ?GetClassPtr@@YAPAVCChumtoadGrenade@@PAV1@@Z 100107d0 f i chumtoad.obj
 0001:0000f890       ?GetClassPtr@@YAPAVCChumtoad@@PAV1@@Z 10010890 f i chumtoad.obj
 0001:0000f950       ??0CChumtoadGrenade@@QAE@XZ 10010950 f i chumtoad.obj
 0001:0000f990       ?BloodColor@CChumtoadGrenade@@EAEHXZ 10010990 f i chumtoad.obj
 0001:0000f9a0       ??0CChumtoad@@QAE@XZ       100109a0 f i chumtoad.obj
 0001:0000f9c0       ?iItemSlot@CChumtoad@@UAEHXZ 100109c0 f i chumtoad.obj
 0001:0000f9d0       ??0CGrenade@@QAE@XZ        100109d0 f i chumtoad.obj
 0001:0000f9f0       ?BloodColor@CGrenade@@UAEHXZ 100109f0 f i chumtoad.obj
 0001:0000fa00       ?set_suicide_frame@@YAXPAUentvars_t@@@Z 10010a00 f   client.obj
 0001:0000fa61       ?ClientConnect@@YAHPAUedict_s@@PBD1QAD@Z 10010a61 f   client.obj
 0001:0000fa87       ?ClientDisconnect@@YAXPAUedict_s@@@Z 10010a87 f   client.obj
 0001:0000fb86       ?respawn@@YAXPAUentvars_t@@H@Z 10010b86 f   client.obj
 0001:0000fbf4       ?ClientKill@@YAXPAUedict_s@@@Z 10010bf4 f   client.obj
 0001:0000fc66       ?ClientPutInServer@@YAXPAUedict_s@@@Z 10010c66 f   client.obj
 0001:0000fc9e       ?Host_Say@@YAXPAUedict_s@@H@Z 10010c9e f   client.obj
 0001:00010043       ?ClientCommand@@YAXPAUedict_s@@@Z 10011043 f   client.obj
 0001:00010493       ?ClientUserInfoChanged@@YAXPAUedict_s@@PAD@Z 10011493 f   client.obj
 0001:00010611       ?ServerActivate@@YAXPAUedict_s@@HH@Z 10011611 f   client.obj
 0001:000106e5       ?PlayerPreThink@@YAXPAUedict_s@@@Z 100116e5 f   client.obj
 0001:0001071d       ?PlayerPostThink@@YAXPAUedict_s@@@Z 1001171d f   client.obj
 0001:00010755       ?ParmsNewLevel@@YAXXZ      10011755 f   client.obj
 0001:0001075a       ?ParmsChangeLevel@@YAXXZ   1001175a f   client.obj
 0001:0001078d       ?CBasePlayerByIndex@@YAPAVCBasePlayer@@H@Z 1001178d f   client.obj
 0001:00010812       ?StartFrame@@YAXXZ         10011812 f   client.obj
 0001:000108dc       ?ClientPrecache@@YAXXZ     100118dc f   client.obj
 0001:00010d2d       ?GetGameDescription@@YAPBDXZ 10011d2d f   client.obj
 0001:00010d52       ?PlayerCustomization@@YAXPAUedict_s@@PAUcustomization_s@@@Z 10011d52 f   client.obj
 0001:00010de6       ?SpectatorConnect@@YAXPAUedict_s@@@Z 10011de6 f   client.obj
 0001:00010e18       ?SpectatorDisconnect@@YAXPAUedict_s@@@Z 10011e18 f   client.obj
 0001:00010e4a       ?SpectatorThink@@YAXPAUedict_s@@@Z 10011e4a f   client.obj
 0001:00010e80       ?MESSAGE_BEGIN@@YAXHHPBMPAUedict_s@@@Z 10011e80 f i client.obj
 0001:00010ea0       ?INDEXENT@@YAPAUedict_s@@H@Z 10011ea0 f i client.obj
 0001:00010ec0       ?GetClassPtr@@YAPAVCBasePlayer@@PAV1@@Z 10011ec0 f i client.obj
 0001:00010f80       ?LimitVelocity@CGib@@QAEXXZ 10011f80 f   combat.obj
 0001:00010fe9       ?SpawnStickyGibs@CGib@@SAXPAUentvars_t@@VVector@@H@Z 10011fe9 f   combat.obj
 0001:0001130c       ?SpawnHeadGib@CGib@@SAXPAUentvars_t@@@Z 1001230c f   combat.obj
 0001:000115e7       ?SpawnRandomGibs@CGib@@SAXPAUentvars_t@@HH@Z 100125e7 f   combat.obj
 0001:00011972       ?HasHumanGibs@CBaseMonster@@UAEHXZ 10012972 f   combat.obj
 0001:000119ae       ?HasAlienGibs@CBaseMonster@@UAEHXZ 100129ae f   combat.obj
 0001:000119f6       ?FadeMonster@CBaseMonster@@UAEXXZ 100129f6 f   combat.obj
 0001:00011a95       ?GibMonster@CBaseMonster@@UAEXXZ 10012a95 f   combat.obj
 0001:00011bbe       ?GetDeathActivity@CBaseMonster@@UAE?AW4Activity@@XZ 10012bbe f   combat.obj
 0001:00011e65       ?GetSmallFlinchActivity@CBaseMonster@@QAE?AW4Activity@@XZ 10012e65 f   combat.obj
 0001:00011f4c       ?BecomeDead@CBaseMonster@@UAEXXZ 10012f4c f   combat.obj
 0001:00011fa5       ?ShouldGibMonster@CBaseMonster@@QAEHH@Z 10012fa5 f   combat.obj
 0001:00011fe0       ?CallGibMonster@CBaseMonster@@QAEXXZ 10012fe0 f   combat.obj
 0001:00012117       ?Killed@CBaseMonster@@UAEXPAUentvars_t@@H@Z 10013117 f   combat.obj
 0001:0001225d       ?SUB_StartFadeOut@CBaseEntity@@QAEXXZ 1001325d f   combat.obj
 0001:000122f3       ?SUB_FadeOut@CBaseEntity@@QAEXXZ 100132f3 f   combat.obj
 0001:0001238c       ?WaitTillLand@CGib@@QAEXXZ 1001338c f   combat.obj
 0001:0001243c       ?BounceGibTouch@CGib@@QAEXPAVCBaseEntity@@@Z 1001343c f   combat.obj
 0001:00012677       ?StickyGibTouch@CGib@@QAEXPAVCBaseEntity@@@Z 10013677 f   combat.obj
 0001:000127fc       ?Spawn@CGib@@QAEXPBD@Z     100137fc f   combat.obj
 0001:00012918       ?TakeHealth@CBaseMonster@@UAEHMH@Z 10013918 f   combat.obj
 0001:00012971       ?TakeDamage@CBaseMonster@@UAEHPAUentvars_t@@0MH@Z 10013971 f   combat.obj
 0001:00012e69       ?DeadTakeDamage@CBaseMonster@@QAEHPAUentvars_t@@0MH@Z 10013e69 f   combat.obj
 0001:00012fe4       ?DamageForce@CBaseMonster@@QAEMM@Z 10013fe4 f   combat.obj
 0001:00013045       ?RadiusDamage@@YAXVVector@@PAUentvars_t@@1MMHH@Z 10014045 f   combat.obj
 0001:00013293       ?RadiusDamage@CBaseMonster@@QAEXPAUentvars_t@@0MHH@Z 10014293 f   combat.obj
 0001:000132e2       ?RadiusDamage@CBaseMonster@@QAEXVVector@@PAUentvars_t@@1MHH@Z 100142e2 f   combat.obj
 0001:0001332b       ?CheckTraceHullAttack@CBaseMonster@@QAEPAVCBaseEntity@@MHH@Z 1001432b f   combat.obj
 0001:00013440       ?FInViewCone@CBaseMonster@@UAEHPAVCBaseEntity@@@Z 10014440 f   combat.obj
 0001:000134f0       ?FInViewCone@CBaseMonster@@UAEHPAVVector@@@Z 100144f0 f   combat.obj
 0001:0001359a       ?FVisible@CBaseEntity@@UAEHPAV1@@Z 1001459a f   combat.obj
 0001:000136b4       ?FVisible@CBaseEntity@@UAEHABVVector@@@Z 100146b4 f   combat.obj
 0001:00013737       ?TraceAttack@CBaseEntity@@UAEXPAUentvars_t@@MVVector@@PAUTraceResult@@H@Z 10014737 f   combat.obj
 0001:000137f8       ?TraceAttack@CBaseMonster@@UAEXPAUentvars_t@@MVVector@@PAUTraceResult@@H@Z 100147f8 f   combat.obj
 0001:0001391b       ?FireBullets@CBaseEntity@@QAEXKVVector@@00MHHHPAUentvars_t@@@Z 1001491b f   combat.obj
 0001:00014180       ?TraceBleed@CBaseEntity@@UAEXMVVector@@PAUTraceResult@@H@Z 10015180 f   combat.obj
 0001:00014330       ?MakeDamageBloodDecal@CBaseMonster@@QAEXHMPAUTraceResult@@ABVVector@@@Z 10015330 f   combat.obj
 0001:000144a0       ?DotProduct@@YAMABVVector@@0@Z 100154a0 f i combat.obj
 0001:000144d0       ?SetConditions@CBaseMonster@@QAEXH@Z 100154d0 f i combat.obj
 0001:00014500       ?HasConditions@CBaseMonster@@QAEHH@Z 10015500 f i combat.obj
 0001:00014530       ?Remember@CBaseMonster@@QAEXH@Z 10015530 f i combat.obj
 0001:00014560       ?HasMemory@CBaseMonster@@QAEHH@Z 10015560 f i combat.obj
 0001:00014590       ??0Vector2D@@QAE@XZ        10015590 f i combat.obj
 0001:000145a0       ?Normalize@Vector2D@@QBE?AV1@XZ 100155a0 f i combat.obj
 0001:00014630       ??0Vector2D@@QAE@MM@Z      10015630 f i combat.obj
 0001:00014660       ?Length@Vector2D@@QBEMXZ   10015660 f i combat.obj
 0001:000146a0       ?DotProduct@@YAMABVVector2D@@0@Z 100156a0 f i combat.obj
 0001:000146c0       ?Make2D@Vector@@QBE?AVVector2D@@XZ 100156c0 f i combat.obj
 0001:00014700       ?GetClassPtr@@YAPAVCGib@@PAV1@@Z 10015700 f i combat.obj
 0001:000147c0       ??0CGib@@QAE@XZ            100157c0 f i combat.obj
 0001:000147e0       ?ObjectCaps@CGib@@UAEHXZ   100157e0 f i combat.obj
 0001:00014800       _weapon_crowbar            10015800 f   crowbar.obj
 0001:00014811       ?Spawn@CCrowbar@@UAEXXZ    10015811 f   crowbar.obj
 0001:00014861       ?Precache@CCrowbar@@UAEXXZ 10015861 f   crowbar.obj
 0001:000148ea       ?GetItemInfo@CCrowbar@@UAEHPAUItemInfo@@@Z 100158ea f   crowbar.obj
 0001:0001496f       ?AddToPlayer@CCrowbar@@UAEHPAVCBasePlayer@@@Z 1001596f f   crowbar.obj
 0001:000149c4       ?Deploy@CCrowbar@@UAEHXZ   100159c4 f   crowbar.obj
 0001:000149e8       ?Holster@CCrowbar@@UAEXXZ  100159e8 f   crowbar.obj
 0001:00014a21       ?FindHullIntersection@@YAXABVVector@@AAUTraceResult@@PAM2PAUedict_s@@@Z 10015a21 f   crowbar.obj
 0001:00014bdd       ?PrimaryAttack@CCrowbar@@UAEXXZ 10015bdd f   crowbar.obj
 0001:00014c1f       ?Smack@CCrowbar@@QAEXXZ    10015c1f f   crowbar.obj
 0001:00014c3d       ?SwingAgain@CCrowbar@@QAEXXZ 10015c3d f   crowbar.obj
 0001:00014c52       ?Swing@CCrowbar@@QAEHH@Z   10015c52 f   crowbar.obj
 0001:000153e0       ?GetClassPtr@@YAPAVCCrowbar@@PAV1@@Z 100163e0 f i crowbar.obj
 0001:000154a0       ??0CCrowbar@@QAE@XZ        100164a0 f i crowbar.obj
 0001:000154d0       ?iItemSlot@CCrowbar@@UAEHXZ 100164d0 f i crowbar.obj
 0001:000154e0       ?Save@CBaseDoor@@UAEHAAVCSave@@@Z 100164e0 f   doors.obj
 0001:00015519       ?Restore@CBaseDoor@@UAEHAAVCRestore@@@Z 10016519 f   doors.obj
 0001:00015552       ?PlayLockSounds@@YAXPAUentvars_t@@PAUlocksounds@@HH@Z 10016552 f   doors.obj
 0001:0001583b       ?KeyValue@CBaseDoor@@UAEXPAUKeyValueData_s@@@Z 1001683b f   doors.obj
 0001:00015abe       _func_door                 10016abe f   doors.obj
 0001:00015acf       _func_water                10016acf f   doors.obj
 0001:00015ae0       ?Spawn@CBaseDoor@@UAEXXZ   10016ae0 f   doors.obj
 0001:00015d83       ?SetToggleState@CBaseDoor@@UAEXH@Z 10016d83 f   doors.obj
 0001:00015dc4       ?Precache@CBaseDoor@@UAEXXZ 10016dc4 f   doors.obj
 0001:000164f3       ?DoorTouch@CBaseDoor@@QAEXPAVCBaseEntity@@@Z 100174f3 f   doors.obj
 0001:000165c8       ?Use@CBaseDoor@@UAEXPAVCBaseEntity@@0W4USE_TYPE@@M@Z 100175c8 f   doors.obj
 0001:00016614       ?DoorActivate@CBaseDoor@@QAEHXZ 10017614 f   doors.obj
 0001:00016708       ?DoorGoUp@CBaseDoor@@QAEXXZ 10017708 f   doors.obj
 0001:00016919       ?DoorHitTop@CBaseDoor@@QAEXXZ 10017919 f   doors.obj
 0001:00016aa8       ?DoorGoDown@CBaseDoor@@QAEXXZ 10017aa8 f   doors.obj
 0001:00016b87       ?DoorHitBottom@CBaseDoor@@QAEXXZ 10017b87 f   doors.obj
 0001:00016cc2       ?Blocked@CBaseDoor@@UAEXPAVCBaseEntity@@@Z 10017cc2 f   doors.obj
 0001:00016f1c       _func_door_rotating        10017f1c f   doors.obj
 0001:00016f2d       ?Spawn@CRotDoor@@UAEXXZ    10017f2d f   doors.obj
 0001:0001718f       ?SetToggleState@CRotDoor@@UAEXH@Z 1001818f f   doors.obj
 0001:000171fb       _momentary_door            100181fb f   doors.obj
 0001:0001720c       ?Save@CMomentaryDoor@@UAEHAAVCSave@@@Z 1001820c f   doors.obj
 0001:00017245       ?Restore@CMomentaryDoor@@UAEHAAVCRestore@@@Z 10018245 f   doors.obj
 0001:0001727e       ?Spawn@CMomentaryDoor@@UAEXXZ 1001827e f   doors.obj
 0001:000174ba       ?Precache@CMomentaryDoor@@UAEXXZ 100184ba f   doors.obj
 0001:000176a5       ?KeyValue@CMomentaryDoor@@UAEXPAUKeyValueData_s@@@Z 100186a5 f   doors.obj
 0001:00017747       ?Use@CMomentaryDoor@@UAEXPAVCBaseEntity@@0W4USE_TYPE@@M@Z 10018747 f   doors.obj
 0001:00017890       ?STOP_SOUND@@YAXPAUedict_s@@HPBD@Z 10018890 f i doors.obj
 0001:000178c0       ?GetClassPtr@@YAPAVCBaseDoor@@PAV1@@Z 100188c0 f i doors.obj
 0001:00017980       ?GetClassPtr@@YAPAVCRotDoor@@PAV1@@Z 10018980 f i doors.obj
 0001:00017a40       ?GetClassPtr@@YAPAVCMomentaryDoor@@PAV1@@Z 10018a40 f i doors.obj
 0001:00017b00       ??0CBaseDoor@@QAE@XZ       10018b00 f i doors.obj
 0001:00017b20       ?ObjectCaps@CBaseDoor@@UAEHXZ 10018b20 f i doors.obj
 0001:00017b60       ??0CRotDoor@@QAE@XZ        10018b60 f i doors.obj
 0001:00017b80       ??0CMomentaryDoor@@QAE@XZ  10018b80 f i doors.obj
 0001:00017ba0       ?ObjectCaps@CMomentaryDoor@@UAEHXZ 10018ba0 f i doors.obj
 0001:00017bc0       _weapon_doubleuzi          10018bc0 f   double_uzi.obj
 0001:00017bd1       ?Spawn@CDoubleUzi@@UAEXXZ  10018bd1 f   double_uzi.obj
 0001:00017c39       ?Precache@CDoubleUzi@@UAEXXZ 10018c39 f   double_uzi.obj
 0001:00017c69       ?GetItemInfo@CDoubleUzi@@UAEHPAUItemInfo@@@Z 10018c69 f   double_uzi.obj
 0001:00017d02       ?AddToPlayer@CDoubleUzi@@UAEHPAVCBasePlayer@@@Z 10018d02 f   double_uzi.obj
 0001:00017d57       ?Deploy@CDoubleUzi@@UAEHXZ 10018d57 f   double_uzi.obj
 0001:00017d7b       ?Holster@CDoubleUzi@@UAEXXZ 10018d7b f   double_uzi.obj
 0001:00017da4       ?PrimaryAttack@CDoubleUzi@@UAEXXZ 10018da4 f   double_uzi.obj
 0001:000184d9       ?Reload@CDoubleUzi@@UAEXXZ 100194d9 f   double_uzi.obj
 0001:00018540       ?WeaponIdle@CDoubleUzi@@UAEXXZ 10019540 f   double_uzi.obj
 0001:000185e0       ?GetClassPtr@@YAPAVCDoubleUzi@@PAV1@@Z 100195e0 f i double_uzi.obj
 0001:000186a0       ??0CDoubleUzi@@QAE@XZ      100196a0 f i double_uzi.obj
 0001:000186c0       ?iItemSlot@CDoubleUzi@@UAEHXZ 100196c0 f i double_uzi.obj
 0001:000186d0       _info_target               100196d0 f   effects.obj
 0001:000186e1       _env_bubbles               100196e1 f   effects.obj
 0001:000186f2       ?Save@CBubbling@@UAEHAAVCSave@@@Z 100196f2 f   effects.obj
 0001:0001872b       ?Restore@CBubbling@@UAEHAAVCRestore@@@Z 1001972b f   effects.obj
 0001:00018764       ?Spawn@CBubbling@@UAEXXZ   10019764 f   effects.obj
 0001:000188de       ?Precache@CBubbling@@UAEXXZ 100198de f   effects.obj
 0001:000188fd       ?Use@CBubbling@@UAEXPAVCBaseEntity@@0W4USE_TYPE@@M@Z 100198fd f   effects.obj
 0001:00018981       ?KeyValue@CBubbling@@UAEXPAUKeyValueData_s@@@Z 10019981 f   effects.obj
 0001:00018a56       ?FizzThink@CBubbling@@QAEXXZ 10019a56 f   effects.obj
 0001:00018b2d       _beam                      10019b2d f   effects.obj
 0001:00018b3e       ?Spawn@CBeam@@UAEXXZ       10019b3e f   effects.obj
 0001:00018b64       ?Precache@CBeam@@UAEXXZ    10019b64 f   effects.obj
 0001:00018bc9       ?SetStartEntity@CBeam@@QAEXH@Z 10019bc9 f   effects.obj
 0001:00018c1a       ?SetEndEntity@CBeam@@QAEXH@Z 10019c1a f   effects.obj
 0001:00018c6b       ?GetStartPos@CBeam@@QAEABVVector@@XZ 10019c6b f   effects.obj
 0001:00018cad       ?GetEndPos@CBeam@@QAEABVVector@@XZ 10019cad f   effects.obj
 0001:00018d0a       ?BeamCreate@CBeam@@SAPAV1@PBDH@Z 10019d0a f   effects.obj
 0001:00018d4a       ?BeamInit@CBeam@@QAEXPBDH@Z 10019d4a f   effects.obj
 0001:00018e24       ?PointsInit@CBeam@@QAEXABVVector@@0@Z 10019e24 f   effects.obj
 0001:00018e6f       ?HoseInit@CBeam@@QAEXABVVector@@0@Z 10019e6f f   effects.obj
 0001:00018eba       ?PointEntInit@CBeam@@QAEXABVVector@@H@Z 10019eba f   effects.obj
 0001:00018f05       ?EntsInit@CBeam@@QAEXHH@Z  10019f05 f   effects.obj
 0001:00018f50       ?RelinkBeam@CBeam@@QAEXXZ  10019f50 f   effects.obj
 0001:0001916f       ?TriggerTouch@CBeam@@QAEXPAVCBaseEntity@@@Z 1001a16f f   effects.obj
 0001:000191e2       ?RandomTargetname@CBeam@@QAEPAVCBaseEntity@@PBD@Z 1001a1e2 f   effects.obj
 0001:0001924a       ?DoSparks@CBeam@@QAEXABVVector@@0@Z 1001a24a f   effects.obj
 0001:000192a8       _env_lightning             1001a2a8 f   effects.obj
 0001:000192b9       _env_beam                  1001a2b9 f   effects.obj
 0001:000192ca       ?Save@CLightning@@UAEHAAVCSave@@@Z 1001a2ca f   effects.obj
 0001:00019303       ?Restore@CLightning@@UAEHAAVCRestore@@@Z 1001a303 f   effects.obj
 0001:0001933c       ?Spawn@CLightning@@UAEXXZ  1001a33c f   effects.obj
 0001:000194d5       ?Precache@CLightning@@UAEXXZ 1001a4d5 f   effects.obj
 0001:00019509       ?Activate@CLightning@@UAEXXZ 1001a509 f   effects.obj
 0001:00019528       ?KeyValue@CLightning@@UAEXPAUKeyValueData_s@@@Z 1001a528 f   effects.obj
 0001:000197dd       ?ToggleUse@CLightning@@QAEXPAVCBaseEntity@@0W4USE_TYPE@@M@Z 1001a7dd f   effects.obj
 0001:000198c5       ?StrikeUse@CLightning@@QAEXPAVCBaseEntity@@0W4USE_TYPE@@M@Z 1001a8c5 f   effects.obj
 0001:00019950       ?IsPointEntity@@YAHPAVCBaseEntity@@@Z 1001a950 f   effects.obj
 0001:000199bc       ?StrikeThink@CLightning@@QAEXXZ 1001a9bc f   effects.obj
 0001:00019e43       ?BeamDamage@CBeam@@QAEXPAUTraceResult@@@Z 1001ae43 f   effects.obj
 0001:00019f79       ?DamageThink@CLightning@@QAEXXZ 1001af79 f   effects.obj
 0001:00019fd8       ?Zap@CLightning@@QAEXABVVector@@0@Z 1001afd8 f   effects.obj
 0001:0001a166       ?RandomArea@CLightning@@QAEXXZ 1001b166 f   effects.obj
 0001:0001a455       ?RandomPoint@CLightning@@QAEXAAVVector@@@Z 1001b455 f   effects.obj
 0001:0001a5ad       ?BeamUpdateVars@CLightning@@QAEXXZ 1001b5ad f   effects.obj
 0001:0001a806       _env_laser                 1001b806 f   effects.obj
 0001:0001a817       ?Save@CLaser@@UAEHAAVCSave@@@Z 1001b817 f   effects.obj
 0001:0001a850       ?Restore@CLaser@@UAEHAAVCRestore@@@Z 1001b850 f   effects.obj
 0001:0001a889       ?Spawn@CLaser@@UAEXXZ      1001b889 f   effects.obj
 0001:0001aa04       ?Precache@CLaser@@UAEXXZ   1001ba04 f   effects.obj
 0001:0001aa62       ?KeyValue@CLaser@@UAEXPAUKeyValueData_s@@@Z 1001ba62 f   effects.obj
 0001:0001ac89       ?IsOn@CLaser@@QAEHXZ       1001bc89 f   effects.obj
 0001:0001acb3       ?TurnOff@CLaser@@QAEXXZ    1001bcb3 f   effects.obj
 0001:0001acfd       ?TurnOn@CLaser@@QAEXXZ     1001bcfd f   effects.obj
 0001:0001ad5e       ?Use@CLaser@@UAEXPAVCBaseEntity@@0W4USE_TYPE@@M@Z 1001bd5e f   effects.obj
 0001:0001ada6       ?FireAtPoint@CLaser@@QAEXAAUTraceResult@@@Z 1001bda6 f   effects.obj
 0001:0001ae08       ?StrikeThink@CLaser@@QAEXXZ 1001be08 f   effects.obj
 0001:0001aeb0       _env_glow                  1001beb0 f   effects.obj
 0001:0001aec1       ?Save@CGlow@@UAEHAAVCSave@@@Z 1001bec1 f   effects.obj
 0001:0001aefa       ?Restore@CGlow@@UAEHAAVCRestore@@@Z 1001befa f   effects.obj
 0001:0001af33       ?Spawn@CGlow@@UAEXXZ       1001bf33 f   effects.obj
 0001:0001b053       ?Think@CGlow@@UAEXXZ       1001c053 f   effects.obj
 0001:0001b0b1       ?Animate@CGlow@@QAEXM@Z    1001c0b1 f   effects.obj
 0001:0001b10b       _env_sprite                1001c10b f   effects.obj
 0001:0001b11c       ?Save@CSprite@@UAEHAAVCSave@@@Z 1001c11c f   effects.obj
 0001:0001b155       ?Restore@CSprite@@UAEHAAVCRestore@@@Z 1001c155 f   effects.obj
 0001:0001b18e       ?Spawn@CSprite@@UAEXXZ     1001c18e f   effects.obj
 0001:0001b2be       ?Precache@CSprite@@UAEXXZ  1001c2be f   effects.obj
 0001:0001b33e       ?SpriteInit@CSprite@@QAEXPBDABVVector@@@Z 1001c33e f   effects.obj
 0001:0001b38b       ?SpriteCreate@CSprite@@SAPAV1@PBDABVVector@@H@Z 1001c38b f   effects.obj
 0001:0001b3fa       ?AnimateThink@CSprite@@QAEXXZ 1001c3fa f   effects.obj
 0001:0001b458       ?AnimateUntilDead@CSprite@@QAEXXZ 1001c458 f   effects.obj
 0001:0001b4a7       ?Expand@CSprite@@QAEXMM@Z  1001c4a7 f   effects.obj
 0001:0001b4fc       ?ExpandThink@CSprite@@QAEXXZ 1001c4fc f   effects.obj
 0001:0001b5c9       ?Animate@CSprite@@QAEXM@Z  1001c5c9 f   effects.obj
 0001:0001b671       ?TurnOff@CSprite@@QAEXXZ   1001c671 f   effects.obj
 0001:0001b69c       ?TurnOn@CSprite@@QAEXXZ    1001c69c f   effects.obj
 0001:0001b732       ?Use@CSprite@@UAEXPAVCBaseEntity@@0W4USE_TYPE@@M@Z 1001c732 f   effects.obj
 0001:0001b785       ?Save@CGibShooter@@UAEHAAVCSave@@@Z 1001c785 f   effects.obj
 0001:0001b7be       ?Restore@CGibShooter@@UAEHAAVCRestore@@@Z 1001c7be f   effects.obj
 0001:0001b7f7       _gibshooter                1001c7f7 f   effects.obj
 0001:0001b808       ?Precache@CGibShooter@@UAEXXZ 1001c808 f   effects.obj
 0001:0001b846       ?KeyValue@CGibShooter@@UAEXPAUKeyValueData_s@@@Z 1001c846 f   effects.obj
 0001:0001b952       ?Use@CGibShooter@@UAEXPAVCBaseEntity@@0W4USE_TYPE@@M@Z 1001c952 f   effects.obj
 0001:0001b97c       ?Spawn@CGibShooter@@UAEXXZ 1001c97c f   effects.obj
 0001:0001ba17       ?CreateGib@CGibShooter@@UAEPAVCGib@@XZ 1001ca17 f   effects.obj
 0001:0001bab0       ?ShootThink@CGibShooter@@QAEXXZ 1001cab0 f   effects.obj
 0001:0001bde8       _env_shooter               1001cde8 f   effects.obj
 0001:0001bdf9       ?KeyValue@CEnvShooter@@EAEXPAUKeyValueData_s@@@Z 1001cdf9 f   effects.obj
 0001:0001befd       ?Precache@CEnvShooter@@EAEXXZ 1001cefd f   effects.obj
 0001:0001bf3f       ?CreateGib@CEnvShooter@@EAEPAVCGib@@XZ 1001cf3f f   effects.obj
 0001:0001c075       _test_effect               1001d075 f   effects.obj
 0001:0001c086       ?Spawn@CTestEffect@@UAEXXZ 1001d086 f   effects.obj
 0001:0001c09c       ?Precache@CTestEffect@@UAEXXZ 1001d09c f   effects.obj
 0001:0001c0b5       ?TestThink@CTestEffect@@QAEXXZ 1001d0b5 f   effects.obj
 0001:0001c375       ?Use@CTestEffect@@UAEXPAVCBaseEntity@@0W4USE_TYPE@@M@Z 1001d375 f   effects.obj
 0001:0001c3bc       _env_blood                 1001d3bc f   effects.obj
 0001:0001c3cd       ?Spawn@CBlood@@UAEXXZ      1001d3cd f   effects.obj
 0001:0001c427       ?KeyValue@CBlood@@UAEXPAUKeyValueData_s@@@Z 1001d427 f   effects.obj
 0001:0001c4e4       ?Direction@CBlood@@QAE?AVVector@@XZ 1001d4e4 f   effects.obj
 0001:0001c535       ?BloodPosition@CBlood@@QAE?AVVector@@PAVCBaseEntity@@@Z 1001d535 f   effects.obj
 0001:0001c62d       ?Use@CBlood@@UAEXPAVCBaseEntity@@0W4USE_TYPE@@M@Z 1001d62d f   effects.obj
 0001:0001c7c6       _env_shake                 1001d7c6 f   effects.obj
 0001:0001c7d7       ?Spawn@CShake@@UAEXXZ      1001d7d7 f   effects.obj
 0001:0001c845       ?KeyValue@CShake@@UAEXPAUKeyValueData_s@@@Z 1001d845 f   effects.obj
 0001:0001c96e       ?Use@CShake@@UAEXPAVCBaseEntity@@0W4USE_TYPE@@M@Z 1001d96e f   effects.obj
 0001:0001c9bd       _env_fade                  1001d9bd f   effects.obj
 0001:0001c9ce       ?Spawn@CFade@@UAEXXZ       1001d9ce f   effects.obj
 0001:0001ca19       ?KeyValue@CFade@@UAEXPAUKeyValueData_s@@@Z 1001da19 f   effects.obj
 0001:0001cab8       ?Use@CFade@@UAEXPAVCBaseEntity@@0W4USE_TYPE@@M@Z 1001dab8 f   effects.obj
 0001:0001cbc6       _env_message               1001dbc6 f   effects.obj
 0001:0001cbd7       ?Spawn@CMessage@@UAEXXZ    1001dbd7 f   effects.obj
 0001:0001ccb1       ?Precache@CMessage@@UAEXXZ 1001dcb1 f   effects.obj
 0001:0001cced       ?KeyValue@CMessage@@UAEXPAUKeyValueData_s@@@Z 1001dced f   effects.obj
 0001:0001cdd2       ?Use@CMessage@@UAEXPAVCBaseEntity@@0W4USE_TYPE@@M@Z 1001ddd2 f   effects.obj
 0001:0001cf04       ?Precache@CEnvFunnel@@UAEXXZ 1001df04 f   effects.obj
 0001:0001cf23       _env_funnel                1001df23 f   effects.obj
 0001:0001cf34       ?Use@CEnvFunnel@@UAEXPAVCBaseEntity@@0W4USE_TYPE@@M@Z 1001df34 f   effects.obj
 0001:0001cff4       ?Spawn@CEnvFunnel@@UAEXXZ  1001dff4 f   effects.obj
 0001:0001d02a       ?Precache@CEnvBeverage@@UAEXXZ 1001e02a f   effects.obj
 0001:0001d051       _env_beverage              1001e051 f   effects.obj
 0001:0001d062       ?Use@CEnvBeverage@@UAEXPAVCBaseEntity@@0W4USE_TYPE@@M@Z 1001e062 f   effects.obj
 0001:0001d145       ?Spawn@CEnvBeverage@@UAEXXZ 1001e145 f   effects.obj
 0001:0001d1b4       ?Precache@CItemSoda@@UAEXXZ 1001e1b4 f   effects.obj
 0001:0001d1bf       _item_sodacan              1001e1bf f   effects.obj
 0001:0001d1d0       ?Spawn@CItemSoda@@UAEXXZ   1001e1d0 f   effects.obj
 0001:0001d279       ?CanThink@CItemSoda@@QAEXXZ 1001e279 f   effects.obj
 0001:0001d30f       ?CanTouch@CItemSoda@@QAEXPAVCBaseEntity@@@Z 1001e30f f   effects.obj
 0001:0001d3d0       ?GetType@CBeam@@QAEHXZ     1001e3d0 f i effects.obj
 0001:0001d3f0       ?GetStartEntity@CBeam@@QAEHXZ 1001e3f0 f i effects.obj
 0001:0001d410       ?GetEndEntity@CBeam@@QAEHXZ 1001e410 f i effects.obj
 0001:0001d430       ?SetTexture@CBeam@@QAEXH@Z 1001e430 f i effects.obj
 0001:0001d450       ?SetWidth@CBeam@@QAEXH@Z   1001e450 f i effects.obj
 0001:0001d470       ?SetNoise@CBeam@@QAEXH@Z   1001e470 f i effects.obj
 0001:0001d490       ?SetColor@CBeam@@QAEXHHH@Z 1001e490 f i effects.obj
 0001:0001d4d0       ?SetBrightness@CBeam@@QAEXH@Z 1001e4d0 f i effects.obj
 0001:0001d4f0       ?SetFrame@CBeam@@QAEXM@Z   1001e4f0 f i effects.obj
 0001:0001d510       ?SetScrollRate@CBeam@@QAEXH@Z 1001e510 f i effects.obj
 0001:0001d530       ?SetType@CBeam@@QAEXH@Z    1001e530 f i effects.obj
 0001:0001d570       ?SetStartPos@CBeam@@QAEXABVVector@@@Z 1001e570 f i effects.obj
 0001:0001d5a0       ?SetEndPos@CBeam@@QAEXABVVector@@@Z 1001e5a0 f i effects.obj
 0001:0001d5d0       ?SetStartAttachment@CBeam@@QAEXH@Z 1001e5d0 f i effects.obj
 0001:0001d610       ?SetEndAttachment@CBeam@@QAEXH@Z 1001e610 f i effects.obj
 0001:0001d650       ?ServerSide@CLightning@@QAEHXZ 1001e650 f i effects.obj
 0001:0001d690       ?BeamDamageInstant@CBeam@@QAEXPAUTraceResult@@M@Z 1001e690 f i effects.obj
 0001:0001d6e0       ?SetFlags@CBeam@@QAEXH@Z   1001e6e0 f i effects.obj
 0001:0001d720       ?SetTransparency@CSprite@@QAEXHHHHHH@Z 1001e720 f i effects.obj
 0001:0001d790       ?SetAttachment@CSprite@@QAEXPAUedict_s@@H@Z 1001e790 f i effects.obj
 0001:0001d7f0       ?SetColor@CBlood@@QAEXH@Z  1001e7f0 f i effects.obj
 0001:0001d810       ?SetBloodAmount@CBlood@@QAEXM@Z 1001e810 f i effects.obj
 0001:0001d830       ?Color@CBlood@@QAEHXZ      1001e830 f i effects.obj
 0001:0001d850       ?BloodAmount@CBlood@@QAEMXZ 1001e850 f i effects.obj
 0001:0001d870       ?SetAmplitude@CShake@@QAEXM@Z 1001e870 f i effects.obj
 0001:0001d890       ?SetFrequency@CShake@@QAEXM@Z 1001e890 f i effects.obj
 0001:0001d8b0       ?SetDuration@CShake@@QAEXM@Z 1001e8b0 f i effects.obj
 0001:0001d8d0       ?SetRadius@CShake@@QAEXM@Z 1001e8d0 f i effects.obj
 0001:0001d8f0       ?Amplitude@CShake@@QAEMXZ  1001e8f0 f i effects.obj
 0001:0001d910       ?Frequency@CShake@@QAEMXZ  1001e910 f i effects.obj
 0001:0001d930       ?Duration@CShake@@QAEMXZ   1001e930 f i effects.obj
 0001:0001d950       ?Radius@CShake@@QAEMXZ     1001e950 f i effects.obj
 0001:0001d970       ?SetDuration@CFade@@QAEXM@Z 1001e970 f i effects.obj
 0001:0001d990       ?SetHoldTime@CFade@@QAEXM@Z 1001e990 f i effects.obj
 0001:0001d9b0       ?Duration@CFade@@QAEMXZ    1001e9b0 f i effects.obj
 0001:0001d9d0       ?HoldTime@CFade@@QAEMXZ    1001e9d0 f i effects.obj
 0001:0001d9f0       ?GetClassPtr@@YAPAVCPointEntity@@PAV1@@Z 1001e9f0 f i effects.obj
 0001:0001dab0       ?GetClassPtr@@YAPAVCBubbling@@PAV1@@Z 1001eab0 f i effects.obj
 0001:0001db70       ?GetClassPtr@@YAPAVCBeam@@PAV1@@Z 1001eb70 f i effects.obj
 0001:0001dc30       ?GetClassPtr@@YAPAVCLightning@@PAV1@@Z 1001ec30 f i effects.obj
 0001:0001dcf0       ?GetClassPtr@@YAPAVCLaser@@PAV1@@Z 1001ecf0 f i effects.obj
 0001:0001ddb0       ?GetClassPtr@@YAPAVCGlow@@PAV1@@Z 1001edb0 f i effects.obj
 0001:0001de70       ?GetClassPtr@@YAPAVCSprite@@PAV1@@Z 1001ee70 f i effects.obj
 0001:0001df30       ?GetClassPtr@@YAPAVCGibShooter@@PAV1@@Z 1001ef30 f i effects.obj
 0001:0001dff0       ?GetClassPtr@@YAPAVCEnvShooter@@PAV1@@Z 1001eff0 f i effects.obj
 0001:0001e0b0       ?GetClassPtr@@YAPAVCTestEffect@@PAV1@@Z 1001f0b0 f i effects.obj
 0001:0001e170       ?GetClassPtr@@YAPAVCBlood@@PAV1@@Z 1001f170 f i effects.obj
 0001:0001e230       ?GetClassPtr@@YAPAVCShake@@PAV1@@Z 1001f230 f i effects.obj
 0001:0001e2f0       ?GetClassPtr@@YAPAVCFade@@PAV1@@Z 1001f2f0 f i effects.obj
 0001:0001e3b0       ?GetClassPtr@@YAPAVCMessage@@PAV1@@Z 1001f3b0 f i effects.obj
 0001:0001e470       ?GetClassPtr@@YAPAVCEnvFunnel@@PAV1@@Z 1001f470 f i effects.obj
 0001:0001e530       ?GetClassPtr@@YAPAVCEnvBeverage@@PAV1@@Z 1001f530 f i effects.obj
 0001:0001e5f0       ?GetClassPtr@@YAPAVCItemSoda@@PAV1@@Z 1001f5f0 f i effects.obj
 0001:0001e6b0       ??0CBubbling@@QAE@XZ       1001f6b0 f i effects.obj
 0001:0001e6d0       ?ObjectCaps@CBubbling@@UAEHXZ 1001f6d0 f i effects.obj
 0001:0001e6f0       ??0CBeam@@QAE@XZ           1001f6f0 f i effects.obj
 0001:0001e710       ?ObjectCaps@CBeam@@UAEHXZ  1001f710 f i effects.obj
 0001:0001e750       ?Center@CBeam@@UAE?AVVector@@XZ 1001f750 f i effects.obj
 0001:0001e7a0       ??0CLightning@@QAE@XZ      1001f7a0 f i effects.obj
 0001:0001e7c0       ??0CLaser@@QAE@XZ          1001f7c0 f i effects.obj
 0001:0001e7f0       ??0CGlow@@QAE@XZ           1001f7f0 f i effects.obj
 0001:0001e810       ??0CSprite@@QAE@XZ         1001f810 f i effects.obj
 0001:0001e830       ?ObjectCaps@CSprite@@UAEHXZ 1001f830 f i effects.obj
 0001:0001e870       ??0CGibShooter@@QAE@XZ     1001f870 f i effects.obj
 0001:0001e890       ??0CEnvShooter@@QAE@XZ     1001f890 f i effects.obj
 0001:0001e8b0       ??0CTestEffect@@QAE@XZ     1001f8b0 f i effects.obj
 0001:0001e8d0       ??0CBlood@@QAE@XZ          1001f8d0 f i effects.obj
 0001:0001e8f0       ??0CShake@@QAE@XZ          1001f8f0 f i effects.obj
 0001:0001e910       ??0CFade@@QAE@XZ           1001f910 f i effects.obj
 0001:0001e930       ??0CMessage@@QAE@XZ        1001f930 f i effects.obj
 0001:0001e950       ??0CEnvFunnel@@QAE@XZ      1001f950 f i effects.obj
 0001:0001e970       ??0CEnvBeverage@@QAE@XZ    1001f970 f i effects.obj
 0001:0001e990       ??0CItemSoda@@QAE@XZ       1001f990 f i effects.obj
 0001:0001e9b0       _spark_shower              1001f9b0 f   explode.obj
 0001:0001e9c1       ?Spawn@CShower@@EAEXXZ     1001f9c1 f   explode.obj
 0001:0001eb7f       ?Think@CShower@@EAEXXZ     1001fb7f f   explode.obj
 0001:0001ec1b       ?Touch@CShower@@EAEXPAVCBaseEntity@@@Z 1001fc1b f   explode.obj
 0001:0001ece5       ?Save@CEnvExplosion@@UAEHAAVCSave@@@Z 1001fce5 f   explode.obj
 0001:0001ed1e       ?Restore@CEnvExplosion@@UAEHAAVCRestore@@@Z 1001fd1e f   explode.obj
 0001:0001ed57       _env_explosion             1001fd57 f   explode.obj
 0001:0001ed68       ?KeyValue@CEnvExplosion@@UAEXPAUKeyValueData_s@@@Z 1001fd68 f   explode.obj
 0001:0001edbd       ?Spawn@CEnvExplosion@@UAEXXZ 1001fdbd f   explode.obj
 0001:0001ee3d       ?Use@CEnvExplosion@@UAEXPAVCBaseEntity@@0W4USE_TYPE@@M@Z 1001fe3d f   explode.obj
 0001:0001f24d       ?Smoke@CEnvExplosion@@QAEXXZ 1002024d f   explode.obj
 0001:0001f326       ?ExplosionCreate@@YAXABVVector@@0PAUedict_s@@HH@Z 10020326 f   explode.obj
 0001:0001f3d0       ?GetClassPtr@@YAPAVCShower@@PAV1@@Z 100203d0 f i explode.obj
 0001:0001f490       ?GetClassPtr@@YAPAVCEnvExplosion@@PAV1@@Z 10020490 f i explode.obj
 0001:0001f550       ??0CShower@@QAE@XZ         10020550 f i explode.obj
 0001:0001f570       ?ObjectCaps@CShower@@EAEHXZ 10020570 f i explode.obj
 0001:0001f580       ??0CEnvExplosion@@QAE@XZ   10020580 f i explode.obj
 0001:0001f5a0       ?KeyValue@CBreakable@@UAEXPAUKeyValueData_s@@@Z 100205a0 f   func_break.obj
 0001:0001f7d7       _func_breakable            100207d7 f   func_break.obj
 0001:0001f7e8       ?Save@CBreakable@@UAEHAAVCSave@@@Z 100207e8 f   func_break.obj
 0001:0001f821       ?Restore@CBreakable@@UAEHAAVCRestore@@@Z 10020821 f   func_break.obj
 0001:0001f85a       ?Spawn@CBreakable@@UAEXXZ  1002085a f   func_break.obj
 0001:0001f973       ?MaterialSoundList@CBreakable@@SAPAPBDW4Materials@@AAH@Z 10020973 f   func_break.obj
 0001:0001fa24       ?MaterialSoundPrecache@CBreakable@@SAXW4Materials@@@Z 10020a24 f   func_break.obj
 0001:0001fa77       ?MaterialSoundRandom@CBreakable@@SAXPAUedict_s@@W4Materials@@M@Z 10020a77 f   func_break.obj
 0001:0001fad1       ?Precache@CBreakable@@UAEXXZ 10020ad1 f   func_break.obj
 0001:0001fcc1       ?DamageSound@CBreakable@@QAEXXZ 10020cc1 f   func_break.obj
 0001:0001fe71       ?BreakTouch@CBreakable@@QAEXPAVCBaseEntity@@@Z 10020e71 f   func_break.obj
 0001:0001ffc0       ?Use@CBreakable@@UAEXPAVCBaseEntity@@0W4USE_TYPE@@M@Z 10020fc0 f   func_break.obj
 0001:00020023       ?TraceAttack@CBreakable@@UAEXPAUentvars_t@@MVVector@@PAUTraceResult@@H@Z 10021023 f   func_break.obj
 0001:00020147       ?TakeDamage@CBreakable@@UAEHPAUentvars_t@@0MH@Z 10021147 f   func_break.obj
 0001:00020313       ?Die@CBreakable@@QAEXXZ    10021313 f   func_break.obj
 0001:00020bde       ?IsBreakable@CBreakable@@QAEHXZ 10021bde f   func_break.obj
 0001:00020bf7       ?DamageDecal@CBreakable@@UAEHH@Z 10021bf7 f   func_break.obj
 0001:00020c3b       ?Save@CPushable@@UAEHAAVCSave@@@Z 10021c3b f   func_break.obj
 0001:00020c74       ?Restore@CPushable@@UAEHAAVCRestore@@@Z 10021c74 f   func_break.obj
 0001:00020cad       _func_pushable             10021cad f   func_break.obj
 0001:00020cbe       ?Spawn@CPushable@@UAEXXZ   10021cbe f   func_break.obj
 0001:00020e43       ?Precache@CPushable@@UAEXXZ 10021e43 f   func_break.obj
 0001:00020e9c       ?KeyValue@CPushable@@UAEXPAUKeyValueData_s@@@Z 10021e9c f   func_break.obj
 0001:0002108d       ?Use@CPushable@@UAEXPAVCBaseEntity@@0W4USE_TYPE@@M@Z 1002208d f   func_break.obj
 0001:00021107       ?Touch@CPushable@@UAEXPAVCBaseEntity@@@Z 10022107 f   func_break.obj
 0001:0002113c       ?Move@CPushable@@QAEXPAVCBaseEntity@@H@Z 1002213c f   func_break.obj
 0001:000213ea       ?TakeDamage@CPushable@@UAEHPAUentvars_t@@0MH@Z 100223ea f   func_break.obj
 0001:00021430       ?ExplosionSetMagnitude@CBreakable@@QAEXH@Z 10022430 f i func_break.obj
 0001:00021450       ?Explodable@CBreakable@@QAEHXZ 10022450 f i func_break.obj
 0001:00021470       ?ExplosionMagnitude@CBreakable@@QAEHXZ 10022470 f i func_break.obj
 0001:00021490       ?MaxSpeed@CPushable@@QAEMXZ 10022490 f i func_break.obj
 0001:000214b0       ?GetClassPtr@@YAPAVCBreakable@@PAV1@@Z 100224b0 f i func_break.obj
 0001:00021570       ?GetClassPtr@@YAPAVCPushable@@PAV1@@Z 10022570 f i func_break.obj
 0001:00021630       ??0CBreakable@@QAE@XZ      10022630 f i func_break.obj
 0001:00021650       ?ObjectCaps@CBreakable@@UAEHXZ 10022650 f i func_break.obj
 0001:00021670       ??0CPushable@@QAE@XZ       10022670 f i func_break.obj
 0001:00021690       ?ObjectCaps@CPushable@@UAEHXZ 10022690 f i func_break.obj
 0001:000216b0       ?Save@CFuncTank@@UAEHAAVCSave@@@Z 100226b0 f   func_tank.obj
 0001:000216e9       ?Restore@CFuncTank@@UAEHAAVCRestore@@@Z 100226e9 f   func_tank.obj
 0001:000217d7       ?Spawn@CFuncTank@@UAEXXZ   100227d7 f   func_tank.obj
 0001:00021908       ?Precache@CFuncTank@@UAEXXZ 10022908 f   func_tank.obj
 0001:00021993       ?KeyValue@CFuncTank@@UAEXPAUKeyValueData_s@@@Z 10022993 f   func_tank.obj
 0001:00021eab       ?OnControls@CFuncTank@@UAEHPAUentvars_t@@@Z 10022eab f   func_tank.obj
 0001:00021f26       ?StartControl@CFuncTank@@QAEHPAVCBasePlayer@@@Z 10022f26 f   func_tank.obj
 0001:0002202f       ?StopControl@CFuncTank@@QAEXXZ 1002302f f   func_tank.obj
 0001:000220ea       ?ControllerPostFrame@CFuncTank@@QAEXXZ 100230ea f   func_tank.obj
 0001:000221e3       ?Use@CFuncTank@@UAEXPAVCBaseEntity@@0W4USE_TYPE@@M@Z 100231e3 f   func_tank.obj
 0001:000222a3       ?FindTarget@CFuncTank@@QAEPAUedict_s@@PAU2@@Z 100232a3 f   func_tank.obj
 0001:000222b3       ?InRange@CFuncTank@@QAEHM@Z 100232b3 f   func_tank.obj
 0001:00022300       ?Think@CFuncTank@@UAEXXZ   10023300 f   func_tank.obj
 0001:0002238f       ?TrackTarget@CFuncTank@@QAEXXZ 1002338f f   func_tank.obj
 0001:00022af7       ?AdjustAnglesForBarrel@CFuncTank@@QAEXAAVVector@@M@Z 10023af7 f   func_tank.obj
 0001:00022c06       ?Fire@CFuncTank@@UAEXABVVector@@0PAUentvars_t@@@Z 10023c06 f   func_tank.obj
 0001:00022d78       ?TankTrace@CFuncTank@@QAEXABVVector@@00AAUTraceResult@@@Z 10023d78 f   func_tank.obj
 0001:00022ec2       ?StartRotSound@CFuncTank@@QAEXXZ 10023ec2 f   func_tank.obj
 0001:00022f44       ?StopRotSound@CFuncTank@@QAEXXZ 10023f44 f   func_tank.obj
 0001:00022fac       _func_tank                 10023fac f   func_tank.obj
 0001:00022fbd       ?Fire@CFuncTankGun@@UAEXABVVector@@0PAUentvars_t@@@Z 10023fbd f   func_tank.obj
 0001:000231a7       _func_tanklaser            100241a7 f   func_tank.obj
 0001:000231b8       ?Save@CFuncTankLaser@@UAEHAAVCSave@@@Z 100241b8 f   func_tank.obj
 0001:000231f1       ?Restore@CFuncTankLaser@@UAEHAAVCRestore@@@Z 100241f1 f   func_tank.obj
 0001:0002322a       ?Activate@CFuncTankLaser@@UAEXXZ 1002422a f   func_tank.obj
 0001:0002326d       ?KeyValue@CFuncTankLaser@@UAEXPAUKeyValueData_s@@@Z 1002426d f   func_tank.obj
 0001:000232c6       ?GetLaser@CFuncTankLaser@@QAEPAVCLaser@@XZ 100242c6 f   func_tank.obj
 0001:00023382       ?Think@CFuncTankLaser@@UAEXXZ 10024382 f   func_tank.obj
 0001:000233c7       ?Fire@CFuncTankLaser@@UAEXABVVector@@0PAUentvars_t@@@Z 100243c7 f   func_tank.obj
 0001:00023540       _func_tankrocket           10024540 f   func_tank.obj
 0001:00023551       ?Precache@CFuncTankRocket@@UAEXXZ 10024551 f   func_tank.obj
 0001:00023571       ?Fire@CFuncTankRocket@@UAEXABVVector@@0PAUentvars_t@@@Z 10024571 f   func_tank.obj
 0001:00023628       _func_tankmortar           10024628 f   func_tank.obj
 0001:00023639       ?KeyValue@CFuncTankMortar@@UAEXPAUKeyValueData_s@@@Z 10024639 f   func_tank.obj
 0001:00023691       ?Fire@CFuncTankMortar@@UAEXABVVector@@0PAUentvars_t@@@Z 10024691 f   func_tank.obj
 0001:0002377c       _func_tankcontrols         1002477c f   func_tank.obj
 0001:0002378d       ?Save@CFuncTankControls@@UAEHAAVCSave@@@Z 1002478d f   func_tank.obj
 0001:000237c6       ?Restore@CFuncTankControls@@UAEHAAVCRestore@@@Z 100247c6 f   func_tank.obj
 0001:000237ff       ?ObjectCaps@CFuncTankControls@@UAEHXZ 100247ff f   func_tank.obj
 0001:00023816       ?Use@CFuncTankControls@@UAEXPAVCBaseEntity@@0W4USE_TYPE@@M@Z 10024816 f   func_tank.obj
 0001:00023850       ?Think@CFuncTankControls@@UAEXXZ 10024850 f   func_tank.obj
 0001:00023910       ?Spawn@CFuncTankControls@@UAEXXZ 10024910 f   func_tank.obj
 0001:000239f0       ?IsActive@CFuncTank@@QAEHXZ 100249f0 f i func_tank.obj
 0001:00023a10       ?BarrelPosition@CFuncTank@@QAE?AVVector@@XZ 10024a10 f i func_tank.obj
 0001:00023ae0       ?UTIL_MakeVectorsPrivate@@YAXABVVector@@PAM11@Z 10024ae0 f i func_tank.obj
 0001:00023b10       ??BVector@@QBEPBMXZ        10024b10 f i func_tank.obj
 0001:00023b20       ?TankActivate@CFuncTank@@QAEXXZ 10024b20 f i func_tank.obj
 0001:00023b80       ?TankDeactivate@CFuncTank@@QAEXXZ 10024b80 f i func_tank.obj
 0001:00023bc0       ?CanFire@CFuncTank@@QAEHXZ 10024bc0 f i func_tank.obj
 0001:00023c00       ?SetScale@CSprite@@QAEXM@Z 10024c00 f i func_tank.obj
 0001:00023c20       ?AnimateAndDie@CSprite@@QAEXM@Z 10024c20 f i func_tank.obj
 0001:00023c80       ?GetClassPtr@@YAPAVCFuncTankGun@@PAV1@@Z 10024c80 f i func_tank.obj
 0001:00023d40       ?GetClassPtr@@YAPAVCFuncTankLaser@@PAV1@@Z 10024d40 f i func_tank.obj
 0001:00023e00       ?GetClassPtr@@YAPAVCFuncTankRocket@@PAV1@@Z 10024e00 f i func_tank.obj
 0001:00023ec0       ?GetClassPtr@@YAPAVCFuncTankMortar@@PAV1@@Z 10024ec0 f i func_tank.obj
 0001:00023f80       ?GetClassPtr@@YAPAVCFuncTankControls@@PAV1@@Z 10024f80 f i func_tank.obj
 0001:00024040       ??0CFuncTankGun@@QAE@XZ    10025040 f i func_tank.obj
 0001:00024060       ?UpdateTargetPosition@CFuncTank@@UAE?AVVector@@PAVCBaseEntity@@@Z 10025060 f i func_tank.obj
 0001:000240a0       ?ObjectCaps@CFuncTank@@UAEHXZ 100250a0 f i func_tank.obj
 0001:000240c0       ??0CFuncTankLaser@@QAE@XZ  100250c0 f i func_tank.obj
 0001:000240e0       ??0CFuncTankRocket@@QAE@XZ 100250e0 f i func_tank.obj
 0001:00024100       ??0CFuncTankMortar@@QAE@XZ 10025100 f i func_tank.obj
 0001:00024120       ??0CFuncTankControls@@QAE@XZ 10025120 f i func_tank.obj
 0001:00024140       ??0CFuncTank@@QAE@XZ       10025140 f i func_tank.obj
 0001:00024190       ?GameDLLInit@@YAXXZ        10025190 f   game.obj
 0001:00025060       ?CanHaveAmmo@CGameRules@@UAEHPAVCBasePlayer@@PBDH@Z 10026060 f   gamerules.obj
 0001:000250a4       ?GetPlayerSpawnSpot@CGameRules@@UAEPAUedict_s@@PAVCBasePlayer@@@Z 100260a4 f   gamerules.obj
 0001:000251a5       ?CanHavePlayerItem@CGameRules@@UAEHPAVCBasePlayer@@PAVCBasePlayerItem@@@Z 100261a5 f   gamerules.obj
 0001:00025215       ?RefreshSkillData@CGameRules@@UAEXXZ 10026215 f   gamerules.obj
 0001:000257c8       ?InstallGameRules@@YAPAVCGameRules@@XZ 100267c8 f   gamerules.obj
 0001:00025950       ?pszAmmo1@CBasePlayerItem@@QAEPBDXZ 10026950 f i gamerules.obj
 0001:00025970       ?iMaxAmmo1@CBasePlayerItem@@QAEHXZ 10026970 f i gamerules.obj
 0001:00025990       _grenade                   10026990 f   ggrenade.obj
 0001:000259a1       ?Explode@CGrenade@@QAEXVVector@@0@Z 100269a1 f   ggrenade.obj
 0001:00025a13       ?Explode@CGrenade@@QAEXPAUTraceResult@@H@Z 10026a13 f   ggrenade.obj
 0001:00025dd2       ?Smoke@CGrenade@@QAEXXZ    10026dd2 f   ggrenade.obj
 0001:00025f25       ?Killed@CGrenade@@UAEXPAUentvars_t@@H@Z 10026f25 f   ggrenade.obj
 0001:00025f3a       ?DetonateUse@CGrenade@@QAEXPAVCBaseEntity@@0W4USE_TYPE@@M@Z 10026f3a f   ggrenade.obj
 0001:00025f64       ?PreDetonate@CGrenade@@QAEXXZ 10026f64 f   ggrenade.obj
 0001:00025fb0       ?Detonate@CGrenade@@QAEXXZ 10026fb0 f   ggrenade.obj
 0001:00026051       ?ExplodeTouch@CGrenade@@QAEXPAVCBaseEntity@@@Z 10027051 f   ggrenade.obj
 0001:00026145       ?DangerSoundThink@CGrenade@@QAEXXZ 10027145 f   ggrenade.obj
 0001:0002621e       ?BounceTouch@CGrenade@@QAEXPAVCBaseEntity@@@Z 1002721e f   ggrenade.obj
[...]
FIXUPS: 767e7 fffb3524 20 fffff1e6 19 9 2b 9a 15 4a b 8 8 8 8 37 14 4e
FIXUPS: 2912b 5c 1f24 40 20 ffffe514 20 19 20 12 1d 18 18 18 18 24 13 24
FIXUPS: 297b0 28 28 18 6c 30 6e 9 6c e 58 9 70 9 11 39 4cd5e fffb4548 f
FIXUPS: 2ad87 17 1b 4ba80 e fffb45e8 f 9 1a 1b 4b9dd e fffb4688 f 9 1a
FIXUPS: 2af3c 4b93d e fffb4704 20 41 b 14 b 21 14 20 20 fffff52f 4a 1a
FIXUPS: 2a633 d 123 28 79 20 19 20 12 d0 1a 5c 5b 56 7c a 103 f 9 1a 1b
FIXUPS: 767f9 e fffb44a8 f 9 1a 1b 4bb1d fffb356f 20 12 11 1f 13 30 b 17
FIXUPS: 29e5a d 64 45 15 14 18 c4 93 109 2b 2f 55 18 20 19 20 da 4a 2a
FIXUPS: 2a4bd 65 24 107c 8e 9 6f 9 6e 9 e 4d 9 35 8e f 9 17 1b 4afe0 e
FIXUPS: 2b92f f 9 1a 1b 4af3d e fffb5104 20 20 20 fffff713 ffffec11 20
FIXUPS: 2c7eb 34 15 78 34 6 ffffe882 28 15 64 44 9 38 25 20 19 20 12 1d
FIXUPS: 2b353 18 18 18 24 13 24 4e 28 28 18 a1 6c d35 1b 4a630 e fffb5a38
FIXUPS: 2c38e 9 17 1b 4a590 e fffb5ab4 20 34 15 69 6 12 6 40 34 15 ef 6
FIXUPS: 2c6a2 4c 32 13 9 13 2c 2b fffff827 11 11 11 11 11 11 11 3b f 9
FIXUPS: 2c0ae 1b 4a810 e fffb5858 f 9 17 1b 4a770 e fffb58f8 f 9 17 1b
FIXUPS: 76919 e fffb5998 f 9 fffff7d2 4d 28 75 4d 1a 15 d 19 6b 77 5c 17
FIXUPS: 2bde9 79 9 52 11 11 11 11 11 11 11 11 11 11 11 11 11 11 11 1142
FIXUPS: 2d13d 47 ae 9 28 9 28 9 6b 7 10 b e 9 81 9 3a 9 56 5b f 9 1a 1b
FIXUPS: 76979 e fffb6bd4 e ffffe4ef 1d 13 10a1 10 28 bf 26 7 4b 46 18 24
FIXUPS: 2cd2f 2a 17 10 9 16 13 2d 15 20 2c 1b 7 1b 7 e 123 9 13 15 c2 5
FIXUPS: 2da5c 1e 20 32 32 1d 44 f 9 17 1b 48df0 e fffb7278 f 9 17 1b 48d50
FIXUPS: 769c7 fffb72f4 20 ffffec2d 32 1f d1 1a 48 5c f 8 23 2785 9 ffffe2e8
FIXUPS: 2d5b0 20 19 20 20 13 29 13 2c 35 1f 13 bd bc 11 1f 2c 33 16 16
FIXUPS: 2d960 e 21 e 21 e 1f 27 27 1404 7 6 2d 1a 9 27 b e e 10 62 2f 81
FIXUPS: 2f04f f 9 1a 1b 4793d e fffb8728 f 9 17 1b 478a0 e fffb87a4 30
FIXUPS: 2f20f 15 fffff7e9 22 33 7 7 7 6 2d 1a 9 27 b e e 10 13f 36 9 2b
FIXUPS: 2ecda 1a 2d 2d 19 7 7 9 3a 22 22 33 7 fffff79e 7 9 3a 22 22 33
FIXUPS: 2e69c 7 7 6 2d 1a 9 27 b e e 10 13f 36 9 2b 6 1a 2d 2d 19 7 7 9
FIXUPS: 2e9eb fffff6cf 2d 2d 19 7 7 9 3a 22 22 33 7 7 7 6 2d 1a 9 27 b
FIXUPS: 2e2a0 e 10 212 36 9 2b 6 1a 2d 2d 19 13ce 44 f 9 1a 1b 46fed e
FIXUPS: 2fa9f f 9 17 1b 46f50 e fffb90f4 30 34 15 86 9 ffffe0b5 40 29 126
FIXUPS: 2dea1 48 147 36 9 2b 6 13b5 48 119 36 9 2b 6 1a 2d 2d 19 7 7 9
FIXUPS: 2f704 22 22 32 7 7 7 6 2d 1a 9 27 b e e 10 a8 2f 1fc4 9 1a 1b 4525d
FIXUPS: 76b87 fffbae08 f 9 17 1b 451c0 e fffbae84 20 20 20 20 20 20 20
FIXUPS: 31b2b 20 20 20 20 20 20 ffffd6dd 40 29 10a 211e 45580 e fffbaae8
FIXUPS: 315de 9 17 1b 454e0 e fffbab88 f 9 17 1b 45440 e fffbac28 f 9 17
FIXUPS: 31799 453a0 e fffbacc8 f 9 17 1b 45300 e fffbad68 fffff940 f 9
FIXUPS: 3123e 1b 45800 e fffba868 f 9 17 1b 45760 e fffba908 f 9 17 1b
FIXUPS: 76a99 e fffba9a8 f 9 17 1b 45620 e fffbaa48 f 9 17 fffff51e d b
FIXUPS: 30a80 22 18 21 8 d 15 23 50 2c 88 e 12 a0 1d 12 22 1d 36 3c 17
FIXUPS: 30dec 25 d 66 150 108 a 2e fffff4d3 20 1e 3d 3d 3a 35 29 40 18
FIXUPS: 307bf 1e 43 3f 3a 35 15 18 91 8 d 15 14 9 8 19 27 a a 9 8 14 fffff7fd
FIXUPS: 30272 19 e c d 1f 11 15 1f 13 26 13 54 19 62 1b 8 d 1c 53 38 15
FIXUPS: 30535 e 17 12 8 d 15 18 20 fffff8cb 20 c 9 16 9 1e 18 2c 18 20
FIXUPS: 2ffa0 20 20 13 29 13 29 13 29 13 29 19 47 19 47 13 29 13 26 13
FIXUPS: 3023e 2279 1a 1b 446cd e fffbb998 f 9 1a 1b 4462d e fffbba14 20
FIXUPS: 3263b ffffd634 20 19 20 59 20 18 26 2c 4c 12 10 14 1c 13 c 18 1f7a
FIXUPS: 31e96 c8 27 4b 26 6c 9 3d 64 13 20 7 10 a 18 18 f 50 1a 9d 121
FIXUPS: 323d7 17 13 12 13 6 14 1d 42 f 2a6 38 4e 19 69 5d 37 c 21 20 f
FIXUPS: 32a8d d8 ad 7 5 3e 7 5 ffffefa0 18 20 19 20 1e 40 40 13 29 13 29
FIXUPS: 31da2 3bd4 40 48 61 64 17 5f 87 8a 64 44 49 12 b1 4b 32 22 43 21
FIXUPS: 35f2e 33 3b 23 17 3b 8d 15 14 10 39 ffffc5f7 16 2cdf e 3f e5 13
FIXUPS: 355e1 2e b 6 1e 2c 38 b 6 1e 4c 2d 9 1d 20 3f 22 22 22 18 6 37
FIXUPS: 358b8 24 2d 2e 11 fffff617 37 2f b 6 1e 39 37 2f b 6 1e 39 37 2f
FIXUPS: 3516c 6 1e 39 37 2f b 6 1e 39 1b 28 18 28 18 b0 d fffff70e 1e 39
FIXUPS: 34b8b 2f b 6 1e 39 37 2f b 6 1e 39 37 2f b 6 1e 39 3c 2f b 6 1e
FIXUPS: 34e91 37 2f b 6 1e fffff7bb b 6 1e 39 37 2f b 6 1e 39 3c 2f b 6
FIXUPS: 348b1 39 37 2f b 6 1e 39 37 2f b 6 1e 39 37 2f b fffff774 3c 2f
FIXUPS: 342e1 6 1e 39 37 2f b 6 1e 39 37 2f b 6 1e 39 37 2f b 6 1e 39 3c
FIXUPS: 34613 b 6 1e 39 37 fffff757 1e 39 37 2f b 6 1e 39 37 2f b 6 1e
FIXUPS: 33ffc 37 2f b 6 1e 39 3c 2f b 6 1e 39 37 2f b 6 1e fffff7b6 b 6
FIXUPS: 33a17 39 3c 2f b 6 1e 39 37 2f b 6 1e 39 3c 2f b 6 1e 39 37 2f
FIXUPS: 33d35 6 1e 39 37 2f b fffff618 22 b 2e d 22 d2 1c 64 66 22 2a 2a
FIXUPS: 336fd 2a 2a 2f 2a 2a 49 2f b 6 1e 39 37 2f b 6 1e 39 37 fffff418
FIXUPS: 32dfd 16a 6c 5f 10 83 d a 2a 15 27 32 2d 10 8c b b 2d 1a 10 b 6
FIXUPS: 332ec 9 2c 14 11 21 39 c 4e 41a4 41 f 9 17 1b 3f5d0 e fffc0a98
FIXUPS: 376ae 9 1a 1b 3f52d e fffc0b38 f 9 17 1b 3f490 e fffc0bb4 40 20
FIXUPS: 3788f 15 80 9 ffffb3c9 17 5d 4115 7 3f 18 69 5b 1f 4d dd 1a 51
FIXUPS: 37170 c3 15 1a 1c 1c 2a 7 7 9 2b e 5 1b 22 18 16 3c 9 26 9 fffff4f8
FIXUPS: 36903 a 8e f8 9 10 16 c9 8 8 12 31 30 4d 22 7 43 31 7 35 1d 19
FIXUPS: 36d75 5 16 31 7 60 9 22 7 3fe2d fffc18e4 40 ffffde0d 11 18 20 19
FIXUPS: 3643a 11 16 45 58 1b f d 19 56 34 61 6 2e 7 13 9 35 a 17e 24 51
FIXUPS: 368c7 20 188f 9 8 1f 7 9 43 d 29 1f 4a 16 20 11 74 20 24 22 10
FIXUPS: 3840f f 9 17 1b 3e800 e fffc1868 f 9 17 1b 3e760 fffc106a 21 34
FIXUPS: 37d50 d 34 f 6c 9 c 21 13 ea 3a 46 9 8 1f 9 1e 9 f 2b d 5e 9 13
FIXUPS: 38124 9 1e 9 17 5f30 20 4a 26 20 ffffa480 3b 3c fffff316 18 20
FIXUPS: 379a9 20 1e 13 21 24 20 19 20 12 1d 35 41 6b 63 2b f 10 21 4e f
FIXUPS: 3dcfc 3905d e fffc7008 f 9 1a 1b 38fbd e fffc70a8 f 9 1a 1b 38f1d
FIXUPS: 76da7 fffc7124 20 40 20 20 e e 24 20 b b 2a 20 20 20 fffff944 f
FIXUPS: 3d9c7 1a 1b 392dd e fffc6d88 f 9 1a 1b 3923d e fffc6e28 f 9 17
FIXUPS: 3db79 391a0 e fffc6ec8 f 9 17 1b 39100 e fffc6f68 f 9 1a fffff741
FIXUPS: 3d429 13 b 8 1b 11 3d 94 c1 39 28 1a 2f e 26 d0 8 6c f 9 1a 1b
FIXUPS: 76c99 e fffc6c48 f 9 17 1b 39380 e fffc6116 24 37 13 24 37 10 45
FIXUPS: 3cf0c 13 11 b8 4f 13 2e 3a 30 56 18 20 19 20 45 28 fa 2a 7 13 d
FIXUPS: 3d3bd e 11 fffff305 117 9 8 ec 37 9 16 9 10 b 13 18 19 16 2d 13
FIXUPS: 3caa3 8 a 3b 1e 89 8 a 3b 1e 122 26 41 9 d fffff437 18 20 19 20
FIXUPS: 3c260 2a 26 51 44 57 29 40 3d 38 63 f 14 28 f 14 28 f 28 9 6d 7
FIXUPS: 3c630 e e 17 e fffff376 24 3a 30 23 7 8f 25 7 1f 7 55 3a 1f 10
FIXUPS: 3bce6 28 80 33 19 9e 1cd 37 f 15 10 3b 15 9 52 33 19 fffff252 79
FIXUPS: 3b4be d 12 14 15 ad 9 21 9 c1 3b 9 16 2c 3e 9 29 b 13 19 1a 9e
FIXUPS: 3b895 31 35 18 24 1c a 64 fffff348 17 39 9 70 47 10 15 42 34 7
FIXUPS: 3aeec 43 1b 28 9 d c 15 15 72 25 9d b 65 b 45 b ab 114 10 1c fffff2dd
FIXUPS: 3a698 29 13 29 13 29 13 3e 13 21 99 22 72 7 7 fb 42 5e 2c d 98
FIXUPS: 3abec 9 26 9 3f 6 4d 9 b 36 fffff3e8 d b 36 6 48 9 63 7 13 b 8
FIXUPS: 3a267 9 52 7 10 d 15 9f aa 32 19 46 20 ca 20 19 20 12 1f 13 fffff31d
FIXUPS: 399df 9 20 65 18 20 19 20 1e 13 24 a2 c5 9 4e a5 6 47 9 7f 6 47
FIXUPS: 39ec1 17 5a 6 47 9 de 68 7 fffff2fa 8 41 9 48 9 5e 9 38 8 41 9
FIXUPS: 395ab 9 e1 9 45 18 20 19 20 31 41 13 71 3c 8 13 2e 13 56 2e ffffeea9
FIXUPS: 38817 29 13 8 26 13 24 512 9d 28 28 fb 1e 16 1d 1a 2c 1d b a 6a
FIXUPS: 390fe 9 17 19 9 ca 29 af ac 9 10000 17 1b 2da70 e fffd25f8 f 9
FIXUPS: 4946e 1b 2d9d0 e fffd2674 30 b 25 30 20 20 fffef0e4 20 19 20 1e
FIXUPS: 38719 29 13 29 13 2c 13 2c 10722 6 15b f 9 17 1b 2dcf0 e fffd2378
FIXUPS: 4914e 9 17 1b 2dc50 e fffd2418 f 9 1a 1b 2dbad e fffd24b8 f 9 17
FIXUPS: 49309 2db10 e fffd2558 f fffff75c 13 12 20 13 12 20 13 12 1d 13
FIXUPS: 48bdb 18 20 9 c 15 b 4b b b 41 4f 8d f 27 7 a 40 1f 4c 9 fffff61a
FIXUPS: 48520 7 7 96 b5 54 9 25 9 9 25 27 9 12 5 52 2c 7f 13 24 12 2b 73
FIXUPS: 489d6 5b 16 12 18 20 19 20 fffff31b d 104 32 c 15 27 b 27 14 63
FIXUPS: 48022 25 9 80 7a 9 1b 9 14 19 10 13 56 d1 78 2d 26 12 19 12 de
FIXUPS: 477bd 43 16 9 4c 25 a9 64 58 34 22 13 b 2c 17 1c 7 21 6 18 1d 15
FIXUPS: 47b6e 15 77 75 48 57 10 84 23 11 fffff4a9 7 6 15 2e 8 38 3e 7 6
FIXUPS: 473a3 16 10 a 99 42 8 2d 34 b3 7 24 27 8 1c 8 2e 7 39 10 a4 4c
FIXUPS: 468b0 36 20 14 6c 1e 58 14 1b cc 50 60 46 b7 1c 29 6f 10f ae 6
FIXUPS: 46f30 29 1e 46 9 144 1f 7 2f a3 1b 1d ffffed28 d d d d d d d d
FIXUPS: 45fd7 d d 5f 42 ab 62 45 149 98 c 8a c8 8c e1 37 56 19 2d 59 3c
FIXUPS: 4686f 1a fffff422 23 7 20 6 39 15 a e bb 28 d d d d d d d d d d
FIXUPS: 45ed3 d d d d d d d d d d fffff83e 10 11 62 2b 36 f d 18 f f 1a
FIXUPS: 45906 7 20 6 1c 10 86 9 34 69 9 34 b3 8 7e 33 c a 31 13 fffff3e3
FIXUPS: 45089 d b a6 e1 44 db 112 10 41 59 9 1a 12 14 1e 15 2d 13 10 14
FIXUPS: 455ef 18 e 4b 3d 10 41 4d 18 2d ffffeebf f 27 f 12 1e 16 23a 29
FIXUPS: 44966 18 d 1c 18 d 14 38 122 339 20 26 23 45 17 e d 22 9b 6 1a
FIXUPS: 45048 d fffff191 54 12 5c 4e 1b a e b 7f 43 27 f 1d f 61 11 15
FIXUPS: 444fe 15 f 12 1b 17 2a 26 13 9 b 9 24 22 fffff34e 9 17 9 b8 1c
FIXUPS: 43c0b 6 9 4e 5 93 68 b2 31 50 1d 41 2d 21 8 c1 9 20 9 4e 9 20 b
FIXUPS: 44141 13 c ffffe95d 83 1a 22 15 21 435 c8 b 8 60 8 17 43 78 18
FIXUPS: 43224 17 13 10 22 184 6 b3 39 71 6 25f 40 7c c7 18 ffffea2e 7d
FIXUPS: 4241b 21 9 21 9 21 9 3e 9 21 9 21 9 21 9 162 8 8 8 8 4e e 90 3f
FIXUPS: 4286e 7 cf 43 10d c fffff5e3 21 9 21 9 21 9 3e 9 21 9 21 9 21 9
FIXUPS: 4221c 9 24 9 21 9 21 9 21 9 3e 9 21 9 21 9 21 fffff8d0 30 b 6 1e
FIXUPS: 41cf5 2f 107 9 21 9 21 9 21 9 3e 9 21 9 21 9 21 9 3e 9 21 9 21
FIXUPS: 42012 21 9 3e fffff7ab 16 27 6 1f 1d 1b 10 17 6e 2e 7 2d 22 7 1c
FIXUPS: 41a02 7 7 2c d 15 33 22 7 10 24 15 5d 39 1b 10 fffff5bd 9 e3 9
FIXUPS: 41291 8 8 8 f5 9 22 9 22 9 22 9 56 28 14 c 80 3e 25 1c e 20 24
FIXUPS: 4164f 3b 3c 13c 1c fffff438 7 7 b8 5f 25 c 14 13 10 19 a b e 8
FIXUPS: 40e80 1e 21 4d a7 6 3d 9 1e 16 1b 45 15 a 2b e 27 fffff78b 13 1c
FIXUPS: 408d6 b e b e1 48 25 c 14 13 10 19 a b e 8 53 12 11 8 8 13 17 10
FIXUPS: 40b99 14 1f 5e 25 fffff6e8 d 9 8 13 13 49 10 25 2f 13 8f 4e e 24
FIXUPS: 40556 31 5c dc 91 3f 15 f 2f 2c 19 13 b d f 12 14 fffff5be 22 9
FIXUPS: 3fe92 9 3b 6f 9 22 9 22 9 22 9 4f b 5e b 7a 9 22 9 22 9 22 9 79
FIXUPS: 40225 84 1e 1e 22 fffff1cb 33 60 6c 5f 1c9 50 29 13 16 f 87 3e
FIXUPS: 3f982 16 f 5e 18 28 28 1b 46 d9 9 43 9 13d b 42 8b 9 22 ffffec64
FIXUPS: 3ead0 31 30 77 14 5f 2f 35 58 16 3c 16 5d 269 25 be 3a 2e 29 21
FIXUPS: 3f305 66 1e 21 8 6 9 14 a 22 ad ffffef88 9 14 9 1e 2e 9 8d 9 31
FIXUPS: 3e581 31 9 2e 9 22 9 32 5 19 24 a1 31 c8 1a 13b 30 13 37 31 13
FIXUPS: 3ea72 b58a 2ce7d e fffd31e8 f 9 17 1b 2cde0 e fffd3264 30 34 15
FIXUPS: 4a1f9 9 ffff3f66 4e 9 32 9 22 9 57 21 34 24 1d ce 9 22 9 b58e 9
FIXUPS: 499e5 22 22 32 7 7 7 6 6f 9 72 9 2d 1a 9 27 b e e 10 16f 9 a3 16
FIXUPS: 49ea1 cf 3f f 9 1a f50 1b 2bf6d e fffd40f8 f 9 17 1b 2bed0 e fffd4174
FIXUPS: 4b08b 34 15 75 9 ffffe486 4a 1f 150 1a 57 1b bc 28 6 1a 2d 2d 19
FIXUPS: 4999b 1091 32 14 10 9 8 b 12 1d 11 1a 22 10 7 b b 17 17 2f 17 3b
FIXUPS: 4ac09 d a 7f a dd 1d ee 6e f 9 fffff6cc 33 22 10 1d 3a 10 c 22
FIXUPS: 4a6ed 1d 10 3a 8 2b 22 1b 22 10 22 87 2b 2b 3f 6 14 21 45 44 9
FIXUPS: 4aa16 e 108b f 9 1a 1b 2b3fd e fffd4c68 f 9 17 1b 2b360 e fffd4ce4
FIXUPS: 4bc3b 34 15 83 9 ffffe518 32 1f aa 1a e1 10d 4c 22 10 17 13 f8c
FIXUPS: 4b58c 2d 19 7 7 9 3a 22 22 32 7 7 7 6 2d 1a 9 27 b e e 10 a1 9
FIXUPS: 4b85f 9 9a 48 9 24 f9 180e 9 1a 1b 29cbd e fffd63a8 f 9 17 1b 29c20
FIXUPS: 76fa7 fffd6424 30 40 20 34 15 80 9 ffffdc4b 32 1f 17 1a 15b 180
FIXUPS: 4b50b 9 2b 6 184c 9 26 9 8a 80 120 18 24 11 8 13 17 d a 16 13 3d
FIXUPS: 4d0fe 9 17 1b 29e00 e fffd6268 f 9 1a 1b 29d5d e fffd6308 fffff51d
FIXUPS: 4c793 25 7 3f 18 91 2e 5b 2c 3f d cf 1a 51 1b 107 15 1a 1c 1c 2a
FIXUPS: 4cc9c 7 9 2b e 5 1b 22 18 16 fffff550 10 16 c9 8 8 12 32 23 22
FIXUPS: 4c463 19 f 24 62 30 50 25 7 43 31 7 35 1d 19 b 5 16 31 7 60 9 e02
FIXUPS: 4d7a8 78 66 ffffe4a2 11 18 20 19 20 11 a2 23 a4 18 20 19 20 11
FIXUPS: 4bfbc 66 58 1b f d 19 56 34 9e 6 f 95 46eb 171 13 21 43 f 9 1a
FIXUPS: 50bbc 263fd e fffd9c68 f 9 17 1b 26360 e fffd9d08 f 9 17 1b 262c0
FIXUPS: 77007 fffd9d84 20 20 20 20 ffffcb2f fffffc21 297a 47 32 2f 4c 95
FIXUPS: 500ba 58 44 c 1a 21 77 10 240 6f 66 9 28 9 46 9 54 18 20 19 20
FIXUPS: 506d0 10 260 9 35 ffffed04 19 12 10 12 2f 1e 16 13 5a 6e 98 58
FIXUPS: 4f927 25 41 47 2a 82 4d 1b 12 10 35 dd 75 75 c1 4f 14 20 49 fffff0a0
FIXUPS: 4ef72 1d 15 9 15 17 4b 10 49 10 40 36 e 1c7 10 12 10 111 13 10
FIXUPS: 4f455 10 5d 43 32 2b 32 33 2b 26 33 fffff4a8 13 78 13 3c 13 61
FIXUPS: 4ec54 4f 13 4c 13 47 12 18 20 19 20 1e 13 24 13 2b 1f 9 18 9 8
FIXUPS: 4eecb d 13 2f fffff014 9 bc 3b 1a0 9 46 1f2 143 30 9 16a 9 45 9
FIXUPS: 4e757 3d 9 3e 13 29 13 52 13 52 13 78 13 78 13 5e 13 2595 11 b
FIXUPS: 51047 111 c9 57 175 52 f 9 1a 1b 25b8d e fffda4b4 15 2b ffffc46d
FIXUPS: 4d9a0 20 19 20 c2 10 136 10 28 78 9 15d 9 3ed0 144 22 6 47 9 24
FIXUPS: 51ee4 9 21 b e e d 80 16 59 ae f 9 1a 1b 24f0d e fffdb134 fffff463
FIXUPS: 51607 3b c2 fffff724 106 ac 7c0 1f 7c 1a e1 124 28 6 1a 2d 2d 19
FIXUPS: 51b16 7 9 37 22 22 36 7 7 7 6 4a 9 2d 1a 9 24 b e e 114f 79 9 19
FIXUPS: 52ed3 8 d 13 64 f 9 17 1b 240b0 e fffdbfb8 f 9 17 1b 24010 e fffdc058
FIXUPS: 530ee 9 17 1b 23f70 e fffdc0d4 20 ffffe5cd 11a6 21 c 24 20 19 20
FIXUPS: 529d6 13 29 13 29 3d 13 21 3a c 18 9 8 3b 3b 72 10 48 c 18 9 8
FIXUPS: 52cde ec 3c fffff57b 2f 20 19 20 1e 13 26 35 1f 34 42 f 12 7e 20
FIXUPS: 5261c 9f 72 f 10 9 45 1a 34 20 c 15 29 c 15 24 12ad 9 6b 7 10 b
FIXUPS: 53be8 9 81 9 3a 9 56 5b f 9 1a 1b 232fd e fffdcd44 e ffffe3b1 1d
FIXUPS: 521f8 11 11 1d 3b 25 92 13 1252 18 24 15 2a 17 10 9 16 13 2d 15
FIXUPS: 536c4 2c 1b 7 1b 7 e 123 9 13 15 c2 5 51 3f 47 ae 9 28 9 dd1 8c
FIXUPS: 549a1 4d d4 b3 3e 100 1a 4b 1e 39 42 ad 2d ffffe32d 32 1f d1 1a
FIXUPS: 5333c 5c f 8 23 7 10 28 bf 26 7 4b e9a 9 4a 1a 2e 2a 66 2b 1c 32
FIXUPS: 545b2 13 43 1d 30 13 1e 13 36 13 f 2e 2e 4e 44 c 9 15 6 37 2a 8
FIXUPS: 53e7b 14 2c a 52 1c f 25 21 c3 2a 24 10 30 2c b 68 18 47 b d 2a
FIXUPS: 5423a 20 39 b e 3e 4b 10 e 51 6767 ffffa3bd 32 15 144 9 1c ba 9
FIXUPS: 55186 9 42 a a 7a a 88 9 26 24 4c 5 75 165 f 9 1a 1b 21b1d e fffde524
FIXUPS: 53e4d 235ba fffe3324 20 20 20 20 20 20 20 20 20 20 20 20 20 20
FIXUPS: 5a90b 20 20 20 20 20 20 20 20 20 20 20 20 20 20 20 fffff8bc 1a
FIXUPS: 5a3dc 1cf9d e fffe30c8 f 9 1a 1b 1cefd e fffe3168 f 9 1a 1b 1ce5d
FIXUPS: 773c7 fffe3208 f 9 17 1b 1cdc0 e fffe32a8 f 9 17 1b 1cd20 fffffee0
FIXUPS: 772e7 fffe2da8 f 9 1a 1b 1d21d e fffe2e48 f 9 1a 1b 1d17d e fffe2ee8
FIXUPS: 5a21e 9 1a 1b 1d0dd e fffe2f88 f 9 1a 1b 1d03d e fffe3028 f fffff940
FIXUPS: 59ce7 1a 1b 1d53d e fffe2b28 f 9 1a 1b 1d49d e fffe2bc8 f 9 1a
FIXUPS: 59e9c 1d3fd e fffe2c68 f 9 17 1b 1d360 e fffe2d08 f 9 17 1b fffff943
FIXUPS: 771b9 e fffe2808 f 9 1a 1b 1d7bd e fffe28a8 f 9 1a 1b 1d71d e fffe2948
FIXUPS: 59b5e 9 1a 1b 1d67d e fffe29e8 f 9 17 1b 1d5e0 e fffe2a88 fffff940
FIXUPS: 5961e 9 17 1b 1dae0 e fffe2588 f 9 17 1b 1da40 e fffe2628 f 9 1a
FIXUPS: 597dc 1d99d e fffe26c8 f 9 17 1b 1d900 e fffe2768 f 9 1a fffff658
FIXUPS: 58fa9 e 41 b a c 152 27 4c 90 c6 9 8 12 72 3c 40 2c 7 7 5c 33 1dbe6
FIXUPS: 770ff fffe2450 f 9 17 1b 1db80 e fffe190c b5 13 29 3a 13 26 13
FIXUPS: 58bcb 22 60 15 73 b 26 23 9 af d 68 21 9 2e 3d 1a 14 28 20 7 c
FIXUPS: 58f7b 17 fffff4c9 f 52 ae 14 1a 11 2c 17 28 30 23 64 30 17 8a 21
FIXUPS: 587f8 12 14 53 18 20 19 20 1e 35 3f 4e 18 20 19 fffff2ff 4f 14
FIXUPS: 57df8 b7 1a 2c 19 23 f 25 1a e 9 1a 5e 18 be 2d 18 20 19 6c 99
FIXUPS: 5827a 47 28 c 26 9c 80 f fffff3d0 42 72 6 1a 18 13 19 f 1e c 6d
FIXUPS: 579e9 6a 22 1a 1c 3c 59 18 f 10 1d 13 1f 31 28 17 14 9 1a 30 fffff60f
FIXUPS: 572f5 50 3d 63 9 13 18 20 19 20 1e 13 35 23 13 34 23 3d 13 24 20
FIXUPS: 57624 33 19 35 2c 31 15 54 2a 65 fffff224 39 7 3c 7 24 19 af f0
FIXUPS: 56cf2 14a 35 31 1a 1e 7d 13 42 1d 2d 36 38 9 15 12 9 42 b7 24 9
FIXUPS: 57291 9 fffff2c7 13 6c 30 6 16 13 1f 13 2a 77 5d 7 1b 1c 6 c 16
FIXUPS: 567f1 96 25 8 8 8 8 6c 7 36 2a 53 14 9 fffff598 1b c 1b 14 58 3b
FIXUPS: 560d0 f 15 cc 1f 10 47 60 13 32 13 8 26 13 24 12 11 18 b 3f 2d
FIXUPS: 56443 91 50 28 fffff349 54 66 1a 1c 13 18 20 19 20 20 13 54 2d
FIXUPS: 55ad9 15 18 20 19 20 26 13 3e 35 1b9 7b 26 43 d 4d 2d 5b 5fd4 9
FIXUPS: 5bf7e 1b 1b4a0 e fffe4ba4 e e e e 28 41 13 33 13 ffff9553 18 20
FIXUPS: 55689 20 42 80 13 27 12 18 20 19 20 20 3a 607e 15 d 34 d0 ba 9
FIXUPS: 5bb48 6 2a 12 8 16 1a 10 a 20 37 c e 19 10 b 51 1bd f 9 1a 1b 1b53d
FIXUPS: 77427 fffe4b28 fffff562 10 1c 1f 1f 17 f 12 17 27 1b 15 1b 15 4a
FIXUPS: 5b6d1 1c 3c 5c 9 1a 8 10 1d 13 18 13 6 11 10 34 55 fffff7e6 19
FIXUPS: 5b0d3 83 1b 18 15 18 1e 9 19 9 2c 19 b 3c 72 e 24 9 4b 25 10 1e
FIXUPS: 5b430 7 13 9 d 14 13 17 48c2 ffffadc8 18 20 19 20 4b 45 27 18 d
FIXUPS: 5ac8e cb 9 20 9 27 3b 13 ab 11 40 20 16 1b 16 6 aa 15 11 32 3d
FIXUPS: 5f72e 12 2c 43 12 c c 19 12 a7 b4 18 c 19 13 f 9d 35 3b 29 e f
FIXUPS: 5fb28 23 26 1c 20 3f 59 44 7b 38 fffff223 2c 2c a9 2d 2d 2a 23
FIXUPS: 5f113 39 2c 2c 2c 2e 2c 29 29 9b e 5e 10 1b 2b e 64 40 15 9a 116
FIXUPS: 5f683 6d 12 fffff239 13 49 25 13 4b 1f 3b 13 21 20 13 3d 9 10 10
FIXUPS: 5eb58 8 13 36 2e 1f 42 13 5c 59 20 27 6e 99 3f 7d fffff232 9 1a
FIXUPS: 5e175 a bd 36 4a b2 89 22 9 44 31 14 7 17 17 a b0 21 c 16 c 1bb
FIXUPS: 5e7db 7f 57 23 24 24 17 ffffeee2 f4 4b 13 2a 1f 5b 2f 6b c7 57
FIXUPS: 5dc36 a 4a 34 a 52 a 4b 51 2b 3c 98 3e 8d d7 9 19 f 1c 40 47 fffff0cb
FIXUPS: 5d223 9 1a d 11 11 10 74 12 9 a 1a 17 a 45 9 67 f 138 21 8 1e 29
FIXUPS: 5d5d4 10 b1 19 2f a b7 6d fffff410 34 21 c1 23 23 2c 1b 2e 30 5d
FIXUPS: 5ce96 1d 88 90 10 b 33 b 35 20 20 20 2f 10 4a 19 34 9 29 9 2d fffff4b8
FIXUPS: 5c6cc 18 1e 27 1e 86 1e 6b 15 36 59 9 8 34 f 10 59 42 16 17 14
FIXUPS: 5ca4b 11 44 10 ac 2f 13 2c 10 35 3a08 17 1b 16e30 e fffe9214 30
FIXUPS: 606ff 15 83 9 ffffb990 35 86 16 9 19 12b 16c 51 18 1a 10 1d 2d
FIXUPS: 5c5a7 20 1a 1d 2e 22 7 3bdc 7 7 9 3a 22 22 33 7 7 7 6 2d 1a 9 27
FIXUPS: 60396 e e 10 8f 2f 81 3e f 9 1a 1b 16ecd e fffe9198 f 25f7 33 44
FIXUPS: 62ca7 126 7d 33 13 33 13 b9 f 9 1a 1b 144bd e fffebb84 ffffcded
FIXUPS: 5fe58 29 10a 1a 48 147 36 9 2b 6 1a 2d 2d 2212 79 9 12d c 9 9 10
FIXUPS: 6261c c 9 b 38 9 74 18 20 19 20 3e 1d 81 14 82 87 17 f0 6 16 1e
FIXUPS: 62b9a 47 ffffebe3 9e 9c c 60 77 50 191 44 8a 3b 6 11 6 c6 a0 119
FIXUPS: 61f88 9 67 9 49 2b 13 2d bb 148 9 c6 15 d 19 ffffec66 161 20 19
FIXUPS: 611e2 19 20 19 20 23 13 33 13 5f 11 f d 84 3d 9 25 45 9 5e 57 b4
FIXUPS: 61648 b3 47 9 13 43 fffff6d3 d d d d d d d d d d d d d d d d d
FIXUPS: 60f5e d d d d d d d d d d d d d fffffc52 48 1c 10 2a 14 17 d d
FIXUPS: 60d49 d d d d d d d d d d d d d d d d d d d d d d 3627 1b 13080
FIXUPS: 77537 fffecfc4 20 30 ffffc2b2 46 72 8 8 65 32 13 40 18 18 23 13
FIXUPS: 60a38 d 10 d 13 d 14 a e5 7e 25 9 349f 43 13 47 13 3a 13 42 40
FIXUPS: 64262 3a 13218 b 8 b fffece0d f 9 17 1b 131c0 e fffecea8 f 9 17
FIXUPS: 643e9 13120 e fffecf48 f 9 fffff4e2 15 f 35 15 f 1b 18 9f 8 c 36
FIXUPS: 63af7 5 5 5 75 15c 20 e 22 1e ad 13d 43 35 3c 13 2f 13 53 13 fffff255
FIXUPS: 632f9 c 18 38 12 1c 59 12 2f c8 9 5b 1f 25 64 8e 32 1f 36 2d 21
FIXUPS: 6378e 4b 2f 18 50 34 22 25 32 13 247b 20 20 20 20 30 30 20 30 20
FIXUPS: 65f1b 20 ffffd109 f e 53 21 50 10 1d 13 18 13 6 10 66 25 57 10
FIXUPS: 632b5 13 18 2759 11b70 e fffee4f8 f 9 17 1b 11ad0 e fffee598 f
FIXUPS: 65b87 17 1b 11a30 e fffee638 f 9 17 1b 11990 e fffee6d8 f 9 17
FIXUPS: 65d39 118f0 e fffee754 fffff833 18 15 a 3e 90 72 7a f 9 17 1b 11d50
FIXUPS: 77557 fffee318 f 9 17 1b 11cb0 e fffee3b8 f 9 17 1b 11c10 e fffee458
FIXUPS: 659fe 9 17 fffff921 11 26 17 15 d 28 17 15 d f 1c b 14 b 14 b 14
FIXUPS: 654a3 14 b 25 17 18 d b 8 a 9 10 39 22 fffff893 20 15 10 b6 11
FIXUPS: 64f68 f 5c 9 58 e c 10 43 5d 17 65 9 11 1a 2b 8 1e 30 1c d 24 4b
FIXUPS: 652e7 36 11 fffff5f3 3e d f 1d 45 3a 26 21 15 d 69 5d 47 10 9b
FIXUPS: 64c62 18 20 19 20 2b 54 15 d d 60 c 10 14 13 1d fffff72e 20 19
FIXUPS: 645c8 1b 39 12 18 20 19 20 2b 44 15 d d 6c 13 b 27 12 12 12 e a
FIXUPS: 64848 3e 26 2a 8 26 8
