"blank"                       "[General Movement Control]"
"+forward"				"Move forward"
"+back"				"Move back"
"+left"				"Turn left"
"+right"				"Turn right"
"+moveleft"				"strafe left"
"+moveright"			"strafe right"
"+strafe"				"Strafe modifier"
"+jump"				"Jump"
"+duck"				"Duck"
"+moveup"				"Swim up"
"+movedown"				"Swim down"
"+lookup"				"Look up"
"+lookdown"				"Look down"
"centerview"			"Look straight ahead"
"+mlook"				"Mouse look modifier"
"+klook"				"Keyboard look modifier"
"+speed"             		"Walk"
"blank"                       " "
"blank"                       "[General Weapon Control]"
"+attack"				"Primary attack"
"+attack2"				"Secondary attack"
"+reload"				"Reload weapon"
"use weapon_steelpipe"		"Select Steel Pipe"
"use weapon_9mmpistol"		"Select 9mm Pistol"
"use weapon_slugrifle" 		"Select Slug Rifle"
"use weapon_smg"			"Select Sub Machinegun"
"use weapon_sigrifle"         "Select Sig Rifle"
"use weapon_blaser"		"Select Blaser Rifle"
"use weapon_minigun"          "Select Minigun"
"use weapon_grenadel"         "Select Grenade Launcher"
"use weapon_handgrenade"      "Select Frag Grenade"
"use weapon_c4mine"           "Select C4 Mine"
"invnext"				"Next weapon"
"lastinv"				"Last used weapon"
"invprev"				"Previous weapon"
"blank"                       " "
"blank"                       "[Specific Cold-Ice Controls]"
"drop_rune"                   "Drop PowerUp"
"play_mp3_next"               "Play Next Audio File"
"play_mp3_prev"               "Play Previous Audio File"
"blank"                       " "
"blank"                       "[Misc. Control]"
"+use"				"Use"
"impulse 100"			"Flashlight"
"+showscores"			"Display multiplayer scores"
"messagemode"			"Chat message"
"impulse 201"			"Spray logo"
"snapshot"				"Take screen shot"
"pause"				"Pause game"
"quit"				"Quit game"