 hla

 Timestamp is 3e90c472 (Sun Apr 06 20:21:06 2003)

 Preferred load address is 10000000

 Start         Length     Name                   Class
 0001:00000000 00083cacH .text                   CODE
 0001:00083cb0 000016ebH .text$x                 CODE
 0002:00000000 0000d338H .rdata                  DATA
 0002:0000d338 00001ce0H .xdata$x                DATA
 0002:0000f020 00002e47H .edata                  DATA
 0003:00000000 00000004H .CRT$XCA                DATA
 0003:00000004 00000030H .CRT$XCU                DATA
 0003:00000034 00000004H .CRT$XCZ                DATA
 0003:00000038 00000004H .CRT$XIA                DATA
 0003:0000003c 0000000cH .CRT$XIC                DATA
 0003:00000048 00000004H .CRT$XIY                DATA
 0003:0000004c 00000004H .CRT$XIZ                DATA
 0003:00000050 00000004H .CRT$XPA                DATA
 0003:00000054 00000004H .CRT$XPX                DATA
 0003:00000058 00000004H .CRT$XPZ                DATA
 0003:0000005c 00000004H .CRT$XTA                DATA
 0003:00000060 00000004H .CRT$XTB                DATA
 0003:00000064 00000004H .CRT$XTZ                DATA
 0003:00000070 00017154H .data                   DATA
 0003:000171c8 00010124H .bss                    DATA
 0004:00000000 00000014H .idata$2                DATA
 0004:00000014 00000014H .idata$3                DATA
 0004:00000028 00000138H .idata$4                DATA
 0004:00000160 00000138H .idata$5                DATA
 0004:00000298 0000057cH .idata$6                DATA

  Address         Publics by Value              Rva+Base     Lib:Object

 0001:00000000       _item_airtank              10001000 f   airtank.obj
 0001:00000011       ?Save@CAirtank@@EAEHAAVCSave@@@Z 10001011 f   airtank.obj
 0001:0000004a       ?Restore@CAirtank@@EAEHAAVCRestore@@@Z 1000104a f   airtank.obj
 0001:00000083       ?Spawn@CAirtank@@EAEXXZ    10001083 f   airtank.obj
 0001:0000019a       ?Precache@CAirtank@@EAEXXZ 1000119a f   airtank.obj
 0001:000001b3       ?Killed@CAirtank@@EAEXPAUentvars_s@@H@Z 100011b3 f   airtank.obj
 0001:00000214       ?TankThink@CAirtank@@AAEXXZ 10001214 f   airtank.obj
 0001:0000023c       ?TankTouch@CAirtank@@AAEXPAVCBaseEntity@@@Z 1000123c f   airtank.obj
 0001:000002f0       ?GetClassPtr@@YAPAVCAirtank@@PAV1@@Z 100012f0 f i airtank.obj
 0001:000003b0       ??0CAirtank@@QAE@XZ        100013b0 f i airtank.obj
 0001:000003d0       ?BloodColor@CAirtank@@EAEHXZ 100013d0 f i airtank.obj
 0001:000003e0       ??0CGrenade@@QAE@XZ        100013e0 f i airtank.obj
 0001:00000400       ??0CBaseMonster@@QAE@XZ    10001400 f i airtank.obj
 0001:00000440       ??0CBaseToggle@@QAE@XZ     10001440 f i airtank.obj
 0001:000004c0       ??0CBaseAnimating@@QAE@XZ  100014c0 f i airtank.obj
 0001:000004e0       ??0CBaseDelay@@QAE@XZ      100014e0 f i airtank.obj
 0001:00000500       ??0CBaseEntity@@QAE@XZ     10001500 f i airtank.obj
 0001:00000520       ??0Vector@@QAE@XZ          10001520 f i airtank.obj
 0001:00000530       ??0Vector@@QAE@MMM@Z       10001530 f i airtank.obj
 0001:00000560       ??0Vector@@QAE@ABV0@@Z     10001560 f i airtank.obj
 0001:000005a0       ?GET_PRIVATE@@YAPAXPAUedict_s@@@Z 100015a0 f i airtank.obj
 0001:000005c0       ?ENT@@YAPAUedict_s@@PBUentvars_s@@@Z 100015c0 f i airtank.obj
 0001:000005d0       ?VARS@@YAPAUentvars_s@@PAUedict_s@@@Z 100015d0 f i airtank.obj
 0001:000005f0       ?EMIT_SOUND@@YAXPAUedict_s@@HPBDMM@Z 100015f0 f i airtank.obj
 0001:00000620       ?Spawn@CBaseEntity@@UAEXXZ 10001620 f i airtank.obj
 0001:00000630       ?Precache@CBaseEntity@@UAEXXZ 10001630 f i airtank.obj
 0001:00000640       ?KeyValue@CBaseEntity@@UAEXPAUKeyValueData_s@@@Z 10001640 f i airtank.obj
 0001:00000660       ?ObjectCaps@CBaseEntity@@UAEHXZ 10001660 f i airtank.obj
 0001:00000670       ?Activate@CBaseEntity@@UAEXXZ 10001670 f i airtank.obj
 0001:00000680       ?Classify@CBaseEntity@@UAEHXZ 10001680 f i airtank.obj
 0001:00000690       ?DeathNotice@CBaseEntity@@UAEXPAUentvars_s@@@Z 10001690 f i airtank.obj
 0001:000006a0       ?BloodColor@CBaseEntity@@UAEHXZ 100016a0 f i airtank.obj
 0001:000006b0       ?IsTriggered@CBaseEntity@@UAEHPAV1@@Z 100016b0 f i airtank.obj
 0001:000006d0       ?MyMonsterPointer@CBaseEntity@@UAEPAVCBaseMonster@@XZ 100016d0 f i airtank.obj
 0001:000006e0       ?MySquadMonsterPointer@CBaseEntity@@UAEPAVCSquadMonster@@XZ 100016e0 f i airtank.obj
 0001:000006f0       ?GetToggleState@CBaseEntity@@UAEHXZ 100016f0 f i airtank.obj
 0001:00000700       ?AddPoints@CBaseEntity@@UAEXHH@Z 10001700 f i airtank.obj
 0001:00000710       ?AddPointsToTeam@CBaseEntity@@UAEXHH@Z 10001710 f i airtank.obj
 0001:00000720       ?AddPlayerItem@CBaseEntity@@UAEHPAVCBasePlayerItem@@@Z 10001720 f i airtank.obj
 0001:00000730       ?RemovePlayerItem@CBaseEntity@@UAEHPAVCBasePlayerItem@@@Z 10001730 f i airtank.obj
 0001:00000740       ?GiveAmmo@CBaseEntity@@UAEHHPADH@Z 10001740 f i airtank.obj
 0001:00000750       ?GetDelay@CBaseEntity@@UAEMXZ 10001750 f i airtank.obj
 0001:00000770       ?IsMoving@CBaseEntity@@UAEHXZ 10001770 f i airtank.obj
 0001:00000790       ??9Vector@@QBEHABV0@@Z     10001790 f i airtank.obj
 0001:000007b0       ??8Vector@@QBEHABV0@@Z     100017b0 f i airtank.obj
 0001:00000810       ?OverrideReset@CBaseEntity@@UAEXXZ 10001810 f i airtank.obj
 0001:00000820       ?SetToggleState@CBaseEntity@@UAEXH@Z 10001820 f i airtank.obj
 0001:00000830       ?StartSneaking@CBaseEntity@@UAEXXZ 10001830 f i airtank.obj
 0001:00000840       ?StopSneaking@CBaseEntity@@UAEXXZ 10001840 f i airtank.obj
 0001:00000850       ?OnControls@CBaseEntity@@UAEHPAUentvars_s@@@Z 10001850 f i airtank.obj
 0001:00000860       ?IsSneaking@CBaseEntity@@UAEHXZ 10001860 f i airtank.obj
 0001:00000870       ?IsAlive@CBaseEntity@@UAEHXZ 10001870 f i airtank.obj
 0001:000008c0       ?IsBSPModel@CBaseEntity@@UAEHXZ 100018c0 f i airtank.obj
 0001:00000900       ?ReflectGauss@CBaseEntity@@UAEHXZ 10001900 f i airtank.obj
 0001:00000950       ?HasTarget@CBaseEntity@@UAEHH@Z 10001950 f i airtank.obj
 0001:00000990       ?FStrEq@@YAHPBD0@Z         10001990 f i airtank.obj
 0001:000009b0       ?IsPlayer@CBaseEntity@@UAEHXZ 100019b0 f i airtank.obj
 0001:000009c0       ?IsNetClient@CBaseEntity@@UAEHXZ 100019c0 f i airtank.obj
 0001:000009d0       ?TeamID@CBaseEntity@@UAEPBDXZ 100019d0 f i airtank.obj
 0001:000009e0       ?Think@CBaseEntity@@UAEXXZ 100019e0 f i airtank.obj
 0001:00000a00       ?Touch@CBaseEntity@@UAEXPAV1@@Z 10001a00 f i airtank.obj
 0001:00000a30       ?Use@CBaseEntity@@UAEXPAV1@0W4USE_TYPE@@M@Z 10001a30 f i airtank.obj
 0001:00000a60       ?Blocked@CBaseEntity@@UAEXPAV1@@Z 10001a60 f i airtank.obj
 0001:00000a90       ??2CBaseEntity@@SAPAXIPAUentvars_s@@@Z 10001a90 f i airtank.obj
 0001:00000ab0       ??3CBaseEntity@@SAXPAXPAUentvars_s@@@Z 10001ab0 f i airtank.obj
 0001:00000ad0       ?SUB_CallUseToggle@CBaseEntity@@QAEXXZ 10001ad0 f i airtank.obj
 0001:00000b00       ?Respawn@CBaseEntity@@UAEPAV1@XZ 10001b00 f i airtank.obj
 0001:00000b10       ?UpdateOwner@CBaseEntity@@UAEXXZ 10001b10 f i airtank.obj
 0001:00000b20       ?FBecomeProne@CBaseEntity@@UAEHXZ 10001b20 f i airtank.obj
 0001:00000b30       ?Center@CBaseEntity@@UAE?AVVector@@XZ 10001b30 f i airtank.obj
 0001:00000b80       ??HVector@@QBE?AV0@ABV0@@Z 10001b80 f i airtank.obj
 0001:00000be0       ??DVector@@QBE?AV0@M@Z     10001be0 f i airtank.obj
 0001:00000c30       ?EyePosition@CBaseEntity@@UAE?AVVector@@XZ 10001c30 f i airtank.obj
 0001:00000c70       ?EarPosition@CBaseEntity@@UAE?AVVector@@XZ 10001c70 f i airtank.obj
 0001:00000cb0       ?BodyTarget@CBaseEntity@@UAE?AVVector@@ABV2@@Z 10001cb0 f i airtank.obj
 0001:00000ce0       ?Illumination@CBaseEntity@@UAEHXZ 10001ce0 f i airtank.obj
 0001:00000d10       ?HandleAnimEvent@CBaseAnimating@@UAEXPAUMonsterEvent_t@@@Z 10001d10 f i airtank.obj
 0001:00000d20       ?GetToggleState@CBaseToggle@@UAEHXZ 10001d20 f i airtank.obj
 0001:00000d40       ?GetDelay@CBaseToggle@@UAEMXZ 10001d40 f i airtank.obj
 0001:00000d60       ?PainSound@CBaseMonster@@UAEXXZ 10001d60 f i airtank.obj
 0001:00000d70       ?IsAlive@CBaseMonster@@UAEHXZ 10001d70 f i airtank.obj
 0001:00000d90       ?BloodColor@CGrenade@@UAEHXZ 10001d90 f i airtank.obj
 0001:00000da0       ?Save@CBaseAnimating@@UAEHAAVCSave@@@Z 10001da0 f   animating.obj
 0001:00000dd9       ?Restore@CBaseAnimating@@UAEHAAVCRestore@@@Z 10001dd9 f   animating.obj
 0001:00000e12       ?StudioFrameAdvance@CBaseAnimating@@QAEMM@Z 10001e12 f   animating.obj
 0001:00000f9b       ?LookupActivity@CBaseAnimating@@QAEHH@Z 10001f9b f   animating.obj
 0001:00000fdd       ?LookupActivityHeaviest@CBaseAnimating@@QAEHH@Z 10001fdd f   animating.obj
 0001:0000101f       ?LookupSequence@CBaseAnimating@@QAEHPBD@Z 1000201f f   animating.obj
 0001:0000105a       ?ResetSequenceInfo@CBaseAnimating@@QAEXXZ 1000205a f   animating.obj
 0001:000010f7       ?GetSequenceFlags@CBaseAnimating@@QAEHXZ 100020f7 f   animating.obj
 0001:00001133       ?DispatchAnimEvents@CBaseAnimating@@QAEXM@Z 10002133 f   animating.obj
 0001:00001267       ?SetBoneController@CBaseAnimating@@QAEMHM@Z 10002267 f   animating.obj
 0001:000012ad       ?InitBoneControllers@CBaseAnimating@@QAEXXZ 100022ad f   animating.obj
 0001:0000133a       ?SetBlending@CBaseAnimating@@QAEMHM@Z 1000233a f   animating.obj
 0001:00001380       ?GetBonePosition@CBaseAnimating@@QAEXHAAVVector@@0@Z 10002380 f   animating.obj
 0001:000013bc       ?GetAttachment@CBaseAnimating@@QAEXHAAVVector@@0@Z 100023bc f   animating.obj
 0001:000013f8       ?FindTransition@CBaseAnimating@@QAEHHHPAH@Z 100023f8 f   animating.obj
 0001:0000146c       ?GetAutomovement@CBaseAnimating@@QAEXAAVVector@@0M@Z 1000246c f   animating.obj
 0001:00001479       ?SetBodygroup@CBaseAnimating@@QAEXHH@Z 10002479 f   animating.obj
 0001:000014b7       ?GetBodygroup@CBaseAnimating@@QAEHH@Z 100024b7 f   animating.obj
 0001:000014f1       ?ExtractBbox@CBaseAnimating@@QAEHHPAM0@Z 100024f1 f   animating.obj
 0001:0000152c       ?SetSequenceBox@CBaseAnimating@@QAEXXZ 1000252c f   animating.obj
 0001:000017e0       ??_H@YGXPAXIHP6EX0@Z@Z     100027e0 f i animating.obj
 0001:00001810       ??BVector@@QAEPAMXZ        10002810 f i animating.obj
 0001:00001820       ?ExtractBbox@@YAHPAXHPAM1@Z 10002820 f   animation.obj
 0001:000018d3       ?LookupActivity@@YAHPAXPAUentvars_s@@H@Z 100028d3 f   animation.obj
 0001:0000198d       ?LookupActivityHeaviest@@YAHPAXPAUentvars_s@@H@Z 1000298d f   animation.obj
 0001:00001a2f       ?GetEyePosition@@YAXPAXPAM@Z 10002a2f f   animation.obj
 0001:00001a78       ?LookupSequence@@YAHPAXPBD@Z 10002a78 f   animation.obj
 0001:00001aea       ?IsSoundEvent@@YAHH@Z      10002aea f   animation.obj
 0001:00001b0a       ?SequencePrecache@@YAXPAXPBD@Z 10002b0a f   animation.obj
 0001:00001c4f       ?GetSequenceInfo@@YAXPAXPAUentvars_s@@PAM2@Z 10002c4f f   animation.obj
 0001:00001d4c       ?GetSequenceFlags@@YAHPAXPAUentvars_s@@@Z 10002d4c f   animation.obj
 0001:00001da0       ?GetAnimationEvent@@YAHPAXPAUentvars_s@@PAUMonsterEvent_t@@MMH@Z 10002da0 f   animation.obj
 0001:00001f51       ?SetController@@YAMPAXPAUentvars_s@@HM@Z 10002f51 f   animation.obj
 0001:00002152       ?SetBlending@@YAMPAXPAUentvars_s@@HM@Z 10003152 f   animation.obj
 0001:0000232b       ?FindTransition@@YAHPAXHHPAH@Z 1000332b f   animation.obj
 0001:00002505       ?SetBodygroup@@YAXPAXPAUentvars_s@@HH@Z 10003505 f   animation.obj
 0001:00002595       ?GetBodygroup@@YAHPAXPAUentvars_s@@H@Z 10003595 f   animation.obj
 0001:00002610       ?VecBModelOrigin@@YA?AVVector@@PAUentvars_s@@@Z 10003610 f   bmodels.obj
 0001:00002650       _func_wall                 10003650 f   bmodels.obj
 0001:00002661       ?Spawn@CFuncWall@@UAEXXZ   10003661 f   bmodels.obj
 0001:000026fc       ?Use@CFuncWall@@UAEXPAVCBaseEntity@@0W4USE_TYPE@@M@Z 100036fc f   bmodels.obj
 0001:00002749       _func_wall_toggle          10003749 f   bmodels.obj
 0001:0000275a       ?Spawn@CFuncWallToggle@@UAEXXZ 1000375a f   bmodels.obj
 0001:00002788       ?TurnOff@CFuncWallToggle@@QAEXXZ 10003788 f   bmodels.obj
 0001:000027d7       ?TurnOn@CFuncWallToggle@@QAEXXZ 100037d7 f   bmodels.obj
 0001:00002826       ?IsOn@CFuncWallToggle@@QAEHXZ 10003826 f   bmodels.obj
 0001:00002849       ?Use@CFuncWallToggle@@UAEXPAVCBaseEntity@@0W4USE_TYPE@@M@Z 10003849 f   bmodels.obj
 0001:0000288f       _func_conveyor             1000388f f   bmodels.obj
 0001:000028a0       ?Spawn@CFuncConveyor@@UAEXXZ 100038a0 f   bmodels.obj
 0001:00002961       ?UpdateSpeed@CFuncConveyor@@QAEXM@Z 10003961 f   bmodels.obj
 0001:000029f4       ?Use@CFuncConveyor@@UAEXPAVCBaseEntity@@0W4USE_TYPE@@M@Z 100039f4 f   bmodels.obj
 0001:00002a30       _func_illusionary          10003a30 f   bmodels.obj
 0001:00002a41       ?KeyValue@CFuncIllusionary@@UAEXPAUKeyValueData_s@@@Z 10003a41 f   bmodels.obj
 0001:00002a9e       ?Spawn@CFuncIllusionary@@UAEXXZ 10003a9e f   bmodels.obj
 0001:00002b1c       _func_monsterclip          10003b1c f   bmodels.obj
 0001:00002b2d       ?Spawn@CFuncMonsterClip@@UAEXXZ 10003b2d f   bmodels.obj
 0001:00002b89       ?Save@CFuncRotating@@UAEHAAVCSave@@@Z 10003b89 f   bmodels.obj
 0001:00002bc2       ?Restore@CFuncRotating@@UAEHAAVCRestore@@@Z 10003bc2 f   bmodels.obj
 0001:00002bfb       _func_rotating             10003bfb f   bmodels.obj
 0001:00002c0c       ?KeyValue@CFuncRotating@@UAEXPAUKeyValueData_s@@@Z 10003c0c f   bmodels.obj
 0001:00002d83       ?Spawn@CFuncRotating@@UAEXXZ 10003d83 f   bmodels.obj
 0001:00003075       ?Precache@CFuncRotating@@UAEXXZ 10004075 f   bmodels.obj
 0001:000032b6       ?HurtTouch@CFuncRotating@@QAEXPAVCBaseEntity@@@Z 100042b6 f   bmodels.obj
 0001:0000338d       ?RampPitchVol@CFuncRotating@@QAEXH@Z 1000438d f   bmodels.obj
 0001:0000350f       ?SpinUp@CFuncRotating@@QAEXXZ 1000450f f   bmodels.obj
 0001:0000370d       ?SpinDown@CFuncRotating@@QAEXXZ 1000470d f   bmodels.obj
 0001:00003915       ?Rotate@CFuncRotating@@QAEXXZ 10004915 f   bmodels.obj
 0001:0000393e       ?RotatingUse@CFuncRotating@@QAEXPAVCBaseEntity@@0W4USE_TYPE@@M@Z 1000493e f   bmodels.obj
 0001:00003b08       ?Blocked@CFuncRotating@@UAEXPAVCBaseEntity@@@Z 10004b08 f   bmodels.obj
 0001:00003b3d       _func_pendulum             10004b3d f   bmodels.obj
 0001:00003b4e       ?Save@CPendulum@@UAEHAAVCSave@@@Z 10004b4e f   bmodels.obj
 0001:00003b87       ?Restore@CPendulum@@UAEHAAVCRestore@@@Z 10004b87 f   bmodels.obj
 0001:00003bc0       ?KeyValue@CPendulum@@UAEXPAUKeyValueData_s@@@Z 10004bc0 f   bmodels.obj
 0001:00003c51       ?Spawn@CPendulum@@UAEXXZ   10004c51 f   bmodels.obj
 0001:00003e6c       ?PendulumUse@CPendulum@@QAEXPAVCBaseEntity@@0W4USE_TYPE@@M@Z 10004e6c f   bmodels.obj
 0001:00003fbc       ?Stop@CPendulum@@QAEXXZ    10004fbc f   bmodels.obj
 0001:00004021       ?Blocked@CPendulum@@UAEXPAVCBaseEntity@@@Z 10005021 f   bmodels.obj
 0001:0000403c       ?Swing@CPendulum@@QAEXXZ   1000503c f   bmodels.obj
 0001:000042ad       ?Touch@CPendulum@@UAEXPAVCBaseEntity@@@Z 100052ad f   bmodels.obj
 0001:000043a9       ?RopeTouch@CPendulum@@QAEXPAVCBaseEntity@@@Z 100053a9 f   bmodels.obj
 0001:00004440       ??GVector@@QBE?AV0@ABV0@@Z 10005440 f i bmodels.obj
 0001:000044a0       ?Length@Vector@@QBEMXZ     100054a0 f i bmodels.obj
 0001:000044f0       ?Normalize@Vector@@QBE?AV1@XZ 100054f0 f i bmodels.obj
 0001:00004580       ?FStringNull@@YAHH@Z       10005580 f i bmodels.obj
 0001:00004590       ??D@YA?AVVector@@MABV0@@Z  10005590 f i bmodels.obj
 0001:000045c0       ?GetClassPtr@@YAPAVCFuncWall@@PAV1@@Z 100055c0 f i bmodels.obj
 0001:00004680       ?edict@CBaseEntity@@QAEPAUedict_s@@XZ 10005680 f i bmodels.obj
 0001:000046a0       ?GetClassPtr@@YAPAVCFuncWallToggle@@PAV1@@Z 100056a0 f i bmodels.obj
 0001:00004760       ?GetClassPtr@@YAPAVCFuncConveyor@@PAV1@@Z 10005760 f i bmodels.obj
 0001:00004820       ?GetClassPtr@@YAPAVCFuncIllusionary@@PAV1@@Z 10005820 f i bmodels.obj
 0001:000048e0       ?GetClassPtr@@YAPAVCFuncMonsterClip@@PAV1@@Z 100058e0 f i bmodels.obj
 0001:000049a0       ?GetClassPtr@@YAPAVCFuncRotating@@PAV1@@Z 100059a0 f i bmodels.obj
 0001:00004a60       ?GetClassPtr@@YAPAVCPendulum@@PAV1@@Z 10005a60 f i bmodels.obj
 0001:00004b20       ??0CFuncWall@@QAE@XZ       10005b20 f i bmodels.obj
 0001:00004b40       ?ObjectCaps@CFuncWall@@UAEHXZ 10005b40 f i bmodels.obj
 0001:00004b60       ??0CFuncWallToggle@@QAE@XZ 10005b60 f i bmodels.obj
 0001:00004b80       ??0CFuncConveyor@@QAE@XZ   10005b80 f i bmodels.obj
 0001:00004ba0       ??0CFuncIllusionary@@QAE@XZ 10005ba0 f i bmodels.obj
 0001:00004bc0       ?ObjectCaps@CFuncIllusionary@@UAEHXZ 10005bc0 f i bmodels.obj
 0001:00004be0       ??0CFuncMonsterClip@@QAE@XZ 10005be0 f i bmodels.obj
 0001:00004c00       ?Use@CFuncMonsterClip@@UAEXPAVCBaseEntity@@0W4USE_TYPE@@M@Z 10005c00 f i bmodels.obj
 0001:00004c10       ??0CFuncRotating@@QAE@XZ   10005c10 f i bmodels.obj
 0001:00004c30       ?ObjectCaps@CFuncRotating@@UAEHXZ 10005c30 f i bmodels.obj
 0001:00004c50       ??0CPendulum@@QAE@XZ       10005c50 f i bmodels.obj
 0001:00004c90       ?ObjectCaps@CPendulum@@UAEHXZ 10005c90 f i bmodels.obj
 0001:00004cb0       ?Save@CEnvGlobal@@UAEHAAVCSave@@@Z 10005cb0 f   buttons.obj
 0001:00004ce9       ?Restore@CEnvGlobal@@UAEHAAVCRestore@@@Z 10005ce9 f   buttons.obj
 0001:00004d22       _env_global                10005d22 f   buttons.obj
 0001:00004d33       ?KeyValue@CEnvGlobal@@UAEXPAUKeyValueData_s@@@Z 10005d33 f   buttons.obj
 0001:00004de4       ?Spawn@CEnvGlobal@@UAEXXZ  10005de4 f   buttons.obj
 0001:00004e5d       ?Use@CEnvGlobal@@UAEXPAVCBaseEntity@@0W4USE_TYPE@@M@Z 10005e5d f   buttons.obj
 0001:00004f27       ?Save@CMultiSource@@UAEHAAVCSave@@@Z 10005f27 f   buttons.obj
 0001:00004f60       ?Restore@CMultiSource@@UAEHAAVCRestore@@@Z 10005f60 f   buttons.obj
 0001:00004f99       _multisource               10005f99 f   buttons.obj
 0001:00004faa       ?KeyValue@CMultiSource@@UAEXPAUKeyValueData_s@@@Z 10005faa f   buttons.obj
 0001:0000509c       ?Spawn@CMultiSource@@UAEXXZ 1000609c f   buttons.obj
 0001:0000510a       ?Use@CMultiSource@@UAEXPAVCBaseEntity@@0W4USE_TYPE@@M@Z 1000610a f   buttons.obj
 0001:0000521a       ?IsTriggered@CMultiSource@@UAEHPAVCBaseEntity@@@Z 1000621a f   buttons.obj
 0001:000052ae       ?Register@CMultiSource@@QAEXXZ 100062ae f   buttons.obj
 0001:00005494       ?Save@CBaseButton@@UAEHAAVCSave@@@Z 10006494 f   buttons.obj
 0001:000054cd       ?Restore@CBaseButton@@UAEHAAVCRestore@@@Z 100064cd f   buttons.obj
 0001:00005506       ?Precache@CBaseButton@@UAEXXZ 10006506 f   buttons.obj
 0001:000058a9       ?KeyValue@CBaseButton@@UAEXPAUKeyValueData_s@@@Z 100068a9 f   buttons.obj
 0001:00005a4b       ?TakeDamage@CBaseButton@@UAEHPAUentvars_s@@0MH@Z 10006a4b f   buttons.obj
 0001:00005b35       _func_button               10006b35 f   buttons.obj
 0001:00005b46       ?Spawn@CBaseButton@@UAEXXZ 10006b46 f   buttons.obj
 0001:00005e9c       ?ButtonSound@@YAPADH@Z     10006e9c f   buttons.obj
 0001:00005ff8       ?DoSpark@@YAXPAUentvars_s@@ABVVector@@@Z 10006ff8 f   buttons.obj
 0001:0000618f       ?ButtonSpark@CBaseButton@@QAEXXZ 1000718f f   buttons.obj
 0001:000061f5       ?ButtonUse@CBaseButton@@QAEXPAVCBaseEntity@@0W4USE_TYPE@@M@Z 100071f5 f   buttons.obj
 0001:000062a2       ?ButtonResponseToTouch@CBaseButton@@QAE?AW4BUTTON_CODE@1@XZ 100072a2 f   buttons.obj
 0001:00006325       ?ButtonTouch@CBaseButton@@QAEXPAVCBaseEntity@@@Z 10007325 f   buttons.obj
 0001:0000642a       ?ButtonActivate@CBaseButton@@QAEXXZ 1000742a f   buttons.obj
 0001:0000654e       ?TriggerAndWait@CBaseButton@@QAEXXZ 1000754e f   buttons.obj
 0001:0000662c       ?ButtonReturn@CBaseButton@@QAEXXZ 1000762c f   buttons.obj
 0001:000066c1       ?ButtonBackHome@CBaseButton@@QAEXXZ 100076c1 f   buttons.obj
 0001:0000681e       _func_rot_button           1000781e f   buttons.obj
 0001:0000682f       ?Spawn@CRotButton@@UAEXXZ  1000782f f   buttons.obj
 0001:00006a91       ?Save@CMomentaryRotButton@@UAEHAAVCSave@@@Z 10007a91 f   buttons.obj
 0001:00006aca       ?Restore@CMomentaryRotButton@@UAEHAAVCRestore@@@Z 10007aca f   buttons.obj
 0001:00006b03       _momentary_rot_button      10007b03 f   buttons.obj
 0001:00006b14       ?Spawn@CMomentaryRotButton@@UAEXXZ 10007b14 f   buttons.obj
 0001:00006d3f       ?KeyValue@CMomentaryRotButton@@UAEXPAUKeyValueData_s@@@Z 10007d3f f   buttons.obj
 0001:00006dd0       ?PlaySound@CMomentaryRotButton@@QAEXXZ 10007dd0 f   buttons.obj
 0001:00006e18       ?Use@CMomentaryRotButton@@UAEXPAVCBaseEntity@@0W4USE_TYPE@@M@Z 10007e18 f   buttons.obj
 0001:00006e8b       ?UpdateAllButtons@CMomentaryRotButton@@QAEXMH@Z 10007e8b f   buttons.obj
 0001:00006f39       ?UpdateSelf@CMomentaryRotButton@@QAEXM@Z 10007f39 f   buttons.obj
 0001:0000712c       ?UpdateTarget@CMomentaryRotButton@@QAEXM@Z 1000812c f   buttons.obj
 0001:000071c8       ?Off@CMomentaryRotButton@@QAEXXZ 100081c8 f   buttons.obj
 0001:00007271       ?Return@CMomentaryRotButton@@QAEXXZ 10008271 f   buttons.obj
 0001:000072d9       ?UpdateSelfReturn@CMomentaryRotButton@@QAEXM@Z 100082d9 f   buttons.obj
 0001:000073b6       ?Save@CEnvSpark@@UAEHAAVCSave@@@Z 100083b6 f   buttons.obj
 0001:000073ef       ?Restore@CEnvSpark@@UAEHAAVCRestore@@@Z 100083ef f   buttons.obj
 0001:00007428       _env_spark                 10008428 f   buttons.obj
 0001:00007439       _env_debris                10008439 f   buttons.obj
 0001:0000744a       ?Spawn@CEnvSpark@@UAEXXZ   1000844a f   buttons.obj
 0001:00007517       ?Precache@CEnvSpark@@UAEXXZ 10008517 f   buttons.obj
 0001:00007576       ?KeyValue@CEnvSpark@@UAEXPAUKeyValueData_s@@@Z 10008576 f   buttons.obj
 0001:00007667       ?SparkThink@CEnvSpark@@QAEXXZ 10008667 f   buttons.obj
 0001:000076c1       ?SparkStart@CEnvSpark@@QAEXPAVCBaseEntity@@0W4USE_TYPE@@M@Z 100086c1 f   buttons.obj
 0001:00007719       ?SparkStop@CEnvSpark@@QAEXPAVCBaseEntity@@0W4USE_TYPE@@M@Z 10008719 f   buttons.obj
 0001:0000773a       _button_target             1000873a f   buttons.obj
 0001:0000774b       ?Spawn@CButtonTarget@@UAEXXZ 1000874b f   buttons.obj
 0001:000077da       ?Use@CButtonTarget@@UAEXPAVCBaseEntity@@0W4USE_TYPE@@M@Z 100087da f   buttons.obj
 0001:00007864       ?ObjectCaps@CButtonTarget@@UAEHXZ 10008864 f   buttons.obj
 0001:0000789b       ?TakeDamage@CButtonTarget@@UAEHPAUentvars_s@@0MH@Z 1000889b f   buttons.obj
 0001:000078d0       ?FNullEnt@@YAHPBUedict_s@@@Z 100088d0 f i buttons.obj
 0001:00007910       ?OFFSET@@YAHPBUedict_s@@@Z 10008910 f i buttons.obj
 0001:00007930       ?FNullEnt@@YAHH@Z          10008930 f i buttons.obj
 0001:00007940       ?FClassnameIs@@YAHPAUentvars_s@@PBD@Z 10008940 f i buttons.obj
 0001:00007970       ?EntityInTable@CGlobalState@@QAEHH@Z 10008970 f i buttons.obj
 0001:00007990       ?FIND_ENTITY_BY_TARGETNAME@@YAPAUedict_s@@PAU1@PBD@Z 10008990 f i buttons.obj
 0001:000079b0       ?FClassnameIs@@YAHPAUedict_s@@PBD@Z 100089b0 f i buttons.obj
 0001:000079e0       ?Instance@CBaseEntity@@SAPAV1@PAUedict_s@@@Z 100089e0 f i buttons.obj
 0001:00007a10       ?ENT@@YAPAUedict_s@@H@Z    10008a10 f i buttons.obj
 0001:00007a30       ?Instance@CBaseEntity@@SAPAV1@PAUentvars_s@@@Z 10008a30 f i buttons.obj
 0001:00007a50       ?Instance@CMomentaryRotButton@@SAPAV1@PAUedict_s@@@Z 10008a50 f i buttons.obj
 0001:00007a70       ?GetClassPtr@@YAPAVCEnvGlobal@@PAV1@@Z 10008a70 f i buttons.obj
 0001:00007b30       ?GetClassPtr@@YAPAVCMultiSource@@PAV1@@Z 10008b30 f i buttons.obj
 0001:00007bf0       ?GetClassPtr@@YAPAVCBaseButton@@PAV1@@Z 10008bf0 f i buttons.obj
 0001:00007cb0       ?GetClassPtr@@YAPAVCRotButton@@PAV1@@Z 10008cb0 f i buttons.obj
 0001:00007d70       ?GetClassPtr@@YAPAVCMomentaryRotButton@@PAV1@@Z 10008d70 f i buttons.obj
 0001:00007e30       ?GetClassPtr@@YAPAVCEnvSpark@@PAV1@@Z 10008e30 f i buttons.obj
 0001:00007ef0       ?GetClassPtr@@YAPAVCButtonTarget@@PAV1@@Z 10008ef0 f i buttons.obj
 0001:00007fb0       ??0CEnvGlobal@@QAE@XZ      10008fb0 f i buttons.obj
 0001:00007fd0       ?ObjectCaps@CPointEntity@@UAEHXZ 10008fd0 f i buttons.obj
 0001:00007ff0       ??0CMultiSource@@QAE@XZ    10008ff0 f i buttons.obj
 0001:00008010       ?ObjectCaps@CMultiSource@@UAEHXZ 10009010 f i buttons.obj
 0001:00008030       ??0CBaseButton@@QAE@XZ     10009030 f i buttons.obj
 0001:00008050       ?ObjectCaps@CBaseButton@@UAEHXZ 10009050 f i buttons.obj
 0001:000080a0       ??0CRotButton@@QAE@XZ      100090a0 f i buttons.obj
 0001:000080c0       ??0CMomentaryRotButton@@QAE@XZ 100090c0 f i buttons.obj
 0001:00008100       ?ObjectCaps@CMomentaryRotButton@@UAEHXZ 10009100 f i buttons.obj
 0001:00008140       ??0CEnvSpark@@QAE@XZ       10009140 f i buttons.obj
 0001:00008160       ??0CButtonTarget@@QAE@XZ   10009160 f i buttons.obj
 0001:00008180       ??0CPointEntity@@QAE@XZ    10009180 f i buttons.obj
 0001:000081a0       _GetEntityAPI              100091a0 f   cbase.obj
 0001:000081d3       _GetEntityAPI2             100091d3 f   cbase.obj
 0001:00008211       ?DispatchSpawn@@YAHPAUedict_s@@@Z 10009211 f   cbase.obj
 0001:000083bc       ?DispatchKeyValue@@YAXPAUedict_s@@PAUKeyValueData_s@@@Z 100093bc f   cbase.obj
 0001:00008424       ?DispatchTouch@@YAXPAUedict_s@@0@Z 10009424 f   cbase.obj
 0001:00008496       ?DispatchUse@@YAXPAUedict_s@@0@Z 10009496 f   cbase.obj
 0001:000084f4       ?DispatchThink@@YAXPAUedict_s@@@Z 100094f4 f   cbase.obj
 0001:00008558       ?DispatchBlocked@@YAXPAUedict_s@@0@Z 10009558 f   cbase.obj
 0001:00008598       ?DispatchSave@@YAXPAUedict_s@@PAUsaverestore_s@@@Z 10009598 f   cbase.obj
 0001:000086e2       ?FindGlobalEntity@@YAPAVCBaseEntity@@HH@Z 100096e2 f   cbase.obj
 0001:00008783       ?DispatchRestore@@YAHPAUedict_s@@PAUsaverestore_s@@H@Z 10009783 f   cbase.obj
 0001:00008b99       ?DispatchObjectCollsionBox@@YAXPAUedict_s@@@Z 10009b99 f   cbase.obj
 0001:00008bd4       ?SaveWriteFields@@YAXPAUsaverestore_s@@PBDPAXPAUTYPEDESCRIPTION@@H@Z 10009bd4 f   cbase.obj
 0001:00008c35       ?SaveReadFields@@YAXPAUsaverestore_s@@PBDPAXPAUTYPEDESCRIPTION@@H@Z 10009c35 f   cbase.obj
 0001:00008c98       ?Get@EHANDLE@@QAEPAUedict_s@@XZ 10009c98 f   cbase.obj
 0001:00008cc8       ?Set@EHANDLE@@QAEPAUedict_s@@PAU2@@Z 10009cc8 f   cbase.obj
 0001:00008cf4       ??BEHANDLE@@QAEPAVCBaseEntity@@XZ 10009cf4 f   cbase.obj
 0001:00008d10       ??4EHANDLE@@QAEPAVCBaseEntity@@PAV1@@Z 10009d10 f   cbase.obj
 0001:00008d65       ??BEHANDLE@@QAEHXZ         10009d65 f   cbase.obj
 0001:00008d7e       ??CEHANDLE@@QAEPAVCBaseEntity@@XZ 10009d7e f   cbase.obj
 0001:00008d9a       ?TakeHealth@CBaseEntity@@UAEHMH@Z 10009d9a f   cbase.obj
 0001:00008e3e       ?TakeDamage@CBaseEntity@@UAEHPAUentvars_s@@0MH@Z 10009e3e f   cbase.obj
 0001:000090cf       ?Killed@CBaseEntity@@UAEXPAUentvars_s@@H@Z 1000a0cf f   cbase.obj
 0001:00009108       ?GetNextTarget@CBaseEntity@@UAEPAV1@XZ 1000a108 f   cbase.obj
 0001:00009178       ?Save@CBaseEntity@@UAEHAAVCSave@@@Z 1000a178 f   cbase.obj
 0001:000091b9       ?Restore@CBaseEntity@@UAEHAAVCRestore@@@Z 1000a1b9 f   cbase.obj
 0001:0000953c       ?SetObjectCollisionBox@CBaseEntity@@UAEXXZ 1000a53c f   cbase.obj
 0001:00009556       ?Intersects@CBaseEntity@@QAEHPAV1@@Z 1000a556 f   cbase.obj
 0001:0000962a       ?MakeDormant@CBaseEntity@@QAEXXZ 1000a62a f   cbase.obj
 0001:000096b7       ?IsDormant@CBaseEntity@@QAEHXZ 1000a6b7 f   cbase.obj
 0001:000096d3       ?IsInWorld@CBaseEntity@@UAEHXZ 1000a6d3 f   cbase.obj
 0001:00009830       ?ShouldToggle@CBaseEntity@@QAEHW4USE_TYPE@@H@Z 1000a830 f   cbase.obj
 0001:0000986a       ?DamageDecal@CBaseEntity@@UAEHH@Z 1000a86a f   cbase.obj
 0001:000098ae       ?Create@CBaseEntity@@SAPAV1@PADABVVector@@1PAUedict_s@@@Z 1000a8ae f   cbase.obj
 0001:00009970       ??1CSave@@QAE@XZ           1000a970 f i cbase.obj
 0001:00009990       ??0entvars_s@@QAE@XZ       1000a990 f i cbase.obj
 0001:00009ad0       ??1CRestore@@QAE@XZ        1000aad0 f i cbase.obj
 0001:00009af0       ?FNullEnt@@YAHPAUentvars_s@@@Z 1000aaf0 f i cbase.obj
 0001:00009b30       ?OFFSET@@YAHPAUentvars_s@@@Z 1000ab30 f i cbase.obj
 0001:00009b50       ??0CSave@@QAE@PAUsaverestore_s@@@Z 1000ab50 f i cbase.obj
 0001:00009b70       ??0CRestore@@QAE@PAUsaverestore_s@@@Z 1000ab70 f i cbase.obj
 0001:00009ba0       ?SetGlobalMode@CRestore@@QAEXH@Z 1000aba0 f i cbase.obj
 0001:00009bc0       ?PrecacheMode@CRestore@@QAEXH@Z 1000abc0 f i cbase.obj
 0001:00009be0       ?set_suicide_frame@@YAXPAUentvars_s@@@Z 1000abe0 f   client.obj
 0001:00009c41       ?ClientConnect@@YAHPAUedict_s@@PBD1QAD@Z 1000ac41 f   client.obj
 0001:00009c67       ?ClientDisconnect@@YAXPAUedict_s@@@Z 1000ac67 f   client.obj
 0001:00009d66       ?respawn@@YAXPAUentvars_s@@H@Z 1000ad66 f   client.obj
 0001:00009dd4       ?ClientKill@@YAXPAUedict_s@@@Z 1000add4 f   client.obj
 0001:00009e69       ?ClientPutInServer@@YAXPAUedict_s@@@Z 1000ae69 f   client.obj
 0001:00009ebb       ?Host_Say@@YAXPAUedict_s@@H@Z 1000aebb f   client.obj
 0001:0000a3b3       ?ClientCommand@@YAXPAUedict_s@@@Z 1000b3b3 f   client.obj
 0001:0000b1d2       ?ClientUserInfoChanged@@YAXPAUedict_s@@PAD@Z 1000c1d2 f   client.obj
 0001:0000b471       ?ServerDeactivate@@YAXXZ   1000c471 f   client.obj
 0001:0000b48b       ?ServerActivate@@YAXPAUedict_s@@HH@Z 1000c48b f   client.obj
 0001:0000b56b       ?PlayerPreThink@@YAXPAUedict_s@@@Z 1000c56b f   client.obj
 0001:0000b5a3       ?PlayerPostThink@@YAXPAUedict_s@@@Z 1000c5a3 f   client.obj
 0001:0000b5db       ?ParmsNewLevel@@YAXXZ      1000c5db f   client.obj
 0001:0000b5e0       ?ParmsChangeLevel@@YAXXZ   1000c5e0 f   client.obj
 0001:0000b613       ?StartFrame@@YAXXZ         1000c613 f   client.obj
 0001:0000b659       ?ClientPrecache@@YAXXZ     1000c659 f   client.obj
 0001:0000baaa       ?GetGameDescription@@YAPBDXZ 1000caaa f   client.obj
 0001:0000bacf       ?Sys_Error@@YAXPBD@Z       1000cacf f   client.obj
 0001:0000bad4       ?PlayerCustomization@@YAXPAUedict_s@@PAUcustomization_s@@@Z 1000cad4 f   client.obj
 0001:0000bb6b       ?SpectatorConnect@@YAXPAUedict_s@@@Z 1000cb6b f   client.obj
 0001:0000bb9d       ?SpectatorDisconnect@@YAXPAUedict_s@@@Z 1000cb9d f   client.obj
 0001:0000bbcf       ?SpectatorThink@@YAXPAUedict_s@@@Z 1000cbcf f   client.obj
 0001:0000bc01       ?SetupVisibility@@YAXPAUedict_s@@0PAPAE1@Z 1000cc01 f   client.obj
 0001:0000bd09       ?AddToFullPack@@YAHPAUentity_state_s@@HPAUedict_s@@1HHPAE@Z 1000cd09 f   client.obj
 0001:0000c33a       ?CreateBaseline@@YAXHHPAUentity_state_s@@PAUedict_s@@HVVector@@2@Z 1000d33a f   client.obj
 0001:0000c554       ?Entity_FieldInit@@YAXPAUdelta_s@@@Z 1000d554 f   client.obj
 0001:0000c5e3       ?Entity_Encode@@YAXPAUdelta_s@@PBE1@Z 1000d5e3 f   client.obj
 0001:0000c7c2       ?Player_FieldInit@@YAXPAUdelta_s@@@Z 1000d7c2 f   client.obj
 0001:0000c80c       ?Player_Encode@@YAXPAUdelta_s@@PBE1@Z 1000d80c f   client.obj
 0001:0000c945       ?Custom_Entity_FieldInit@@YAXPAUdelta_s@@@Z 1000d945 f   client.obj
 0001:0000ca19       ?Custom_Encode@@YAXPAUdelta_s@@PBE1@Z 1000da19 f   client.obj
 0001:0000cb48       ?RegisterEncoders@@YAXXZ   1000db48 f   client.obj
 0001:0000cb86       ?GetWeaponData@@YAHPAUedict_s@@PAUweapon_data_s@@@Z 1000db86 f   client.obj
 0001:0000ce07       ?UpdateClientData@@YAXPBUedict_s@@HPAUclientdata_s@@@Z 1000de07 f   client.obj
 0001:0000d187       ?CmdStart@@YAXPBUedict_s@@PBUusercmd_s@@I@Z 1000e187 f   client.obj
 0001:0000d1e5       ?CmdEnd@@YAXPBUedict_s@@@Z 1000e1e5 f   client.obj
 0001:0000d225       ?ConnectionlessPacket@@YAHPBUnetadr_s@@PBDPADPAH@Z 1000e225 f   client.obj
 0001:0000d240       ?GetHullBounds@@YAHHPAM0@Z 1000e240 f   client.obj
 0001:0000d345       ?CreateInstancedBaselines@@YAXXZ 1000e345 f   client.obj
 0001:0000d37d       ?InconsistentFile@@YAHPBUedict_s@@PBDPAD@Z 1000e37d f   client.obj
 0001:0000d3bb       ?AllowLagCompensation@@YAHXZ 1000e3bb f   client.obj
 0001:0000d3d0       ?MESSAGE_BEGIN@@YAXHHPBMPAUedict_s@@@Z 1000e3d0 f i client.obj
 0001:0000d3f0       ?ENTINDEX@@YAHPAUedict_s@@@Z 1000e3f0 f i client.obj
 0001:0000d410       ?MESSAGE_BEGIN@@YAXHHPBMPAUentvars_s@@@Z 1000e410 f i client.obj
 0001:0000d440       ??0entity_state_s@@QAE@XZ  1000e440 f i client.obj
 0001:0000d4f0       ?GetClassPtr@@YAPAVCBasePlayer@@PAV1@@Z 1000e4f0 f i client.obj
 0001:0000d5b0       ??0CBasePlayer@@QAE@XZ     1000e5b0 f i client.obj
 0001:0000d5f0       ?BodyTarget@CBasePlayer@@UAE?AVVector@@ABV2@@Z 1000e5f0 f i client.obj
 0001:0000d660       ?StartSneaking@CBasePlayer@@UAEXXZ 1000e660 f i client.obj
 0001:0000d690       ?StopSneaking@CBasePlayer@@UAEXXZ 1000e690 f i client.obj
 0001:0000d6c0       ?IsSneaking@CBasePlayer@@UAEHXZ 1000e6c0 f i client.obj
 0001:0000d700       ?IsAlive@CBasePlayer@@UAEHXZ 1000e700 f i client.obj
 0001:0000d750       ?ShouldFadeOnDeath@CBasePlayer@@UAEHXZ 1000e750 f i client.obj
 0001:0000d760       ?IsPlayer@CBasePlayer@@UAEHXZ 1000e760 f i client.obj
 0001:0000d770       ?IsNetClient@CBasePlayer@@UAEHXZ 1000e770 f i client.obj
 0001:0000d780       ?ObjectCaps@CBasePlayer@@UAEHXZ 1000e780 f i client.obj
 0001:0000d7a0       ?BloodColor@CBasePlayer@@UAEHXZ 1000e7a0 f i client.obj
 0001:0000d7b0       ?LimitVelocity@CGib@@QAEXXZ 1000e7b0 f   combat.obj
 0001:0000d819       ?SpawnStickyGibs@CGib@@SAXPAUentvars_s@@VVector@@H@Z 1000e819 f   combat.obj
 0001:0000db3c       ?SpawnHeadGib@CGib@@SAXPAUentvars_s@@@Z 1000eb3c f   combat.obj
 0001:0000de17       ?SpawnRandomGibs@CGib@@SAXPAUentvars_s@@HH@Z 1000ee17 f   combat.obj
 0001:0000e1a2       ?HasHumanGibs@CBaseMonster@@UAEHXZ 1000f1a2 f   combat.obj
 0001:0000e1de       ?HasAlienGibs@CBaseMonster@@UAEHXZ 1000f1de f   combat.obj
 0001:0000e226       ?FadeMonster@CBaseMonster@@UAEXXZ 1000f226 f   combat.obj
 0001:0000e2c5       ?GibMonster@CBaseMonster@@UAEXXZ 1000f2c5 f   combat.obj
 0001:0000e3ee       ?GetDeathActivity@CBaseMonster@@UAE?AW4Activity@@XZ 1000f3ee f   combat.obj
 0001:0000e695       ?GetSmallFlinchActivity@CBaseMonster@@QAE?AW4Activity@@XZ 1000f695 f   combat.obj
 0001:0000e77c       ?BecomeDead@CBaseMonster@@UAEXXZ 1000f77c f   combat.obj
 0001:0000e7d5       ?ShouldGibMonster@CBaseMonster@@QAEHH@Z 1000f7d5 f   combat.obj
 0001:0000e810       ?CallGibMonster@CBaseMonster@@QAEXXZ 1000f810 f   combat.obj
 0001:0000e947       ?Killed@CBaseMonster@@UAEXPAUentvars_s@@H@Z 1000f947 f   combat.obj
 0001:0000ea8d       ?SUB_StartFadeOut@CBaseEntity@@QAEXXZ 1000fa8d f   combat.obj
 0001:0000eb11       ?SUB_FadeOut@CBaseEntity@@QAEXXZ 1000fb11 f   combat.obj
 0001:0000ebba       ?WaitTillLand@CGib@@QAEXXZ 1000fbba f   combat.obj
 0001:0000ec6a       ?BounceGibTouch@CGib@@QAEXPAVCBaseEntity@@@Z 1000fc6a f   combat.obj
 0001:0000eea5       ?StickyGibTouch@CGib@@QAEXPAVCBaseEntity@@@Z 1000fea5 f   combat.obj
 0001:0000f02a       ?Spawn@CGib@@QAEXPBD@Z     1001002a f   combat.obj
 0001:0000f146       ?TakeHealth@CBaseMonster@@UAEHMH@Z 10010146 f   combat.obj
 0001:0000f19f       ?TakeDamage@CBaseMonster@@UAEHPAUentvars_s@@0MH@Z 1001019f f   combat.obj
 0001:0000f6b3       ?DeadTakeDamage@CBaseMonster@@QAEHPAUentvars_s@@0MH@Z 100106b3 f   combat.obj
 0001:0000f82e       ?DamageForce@CBaseMonster@@QAEMM@Z 1001082e f   combat.obj
 0001:0000f88f       ?RadiusDamage@@YAXVVector@@PAUentvars_s@@1MMHH@Z 1001088f f   combat.obj
 0001:0000fe71       ?RadiusDamage@CBaseMonster@@QAEXPAUentvars_s@@0MHH@Z 10010e71 f   combat.obj
 0001:0000fec0       ?RadiusDamage@CBaseMonster@@QAEXVVector@@PAUentvars_s@@1MHH@Z 10010ec0 f   combat.obj
 0001:0000ff09       ?CheckTraceHullAttack@CBaseMonster@@QAEPAVCBaseEntity@@MHH@Z 10010f09 f   combat.obj
 0001:0001001e       ?FInViewCone@CBaseMonster@@UAEHPAVCBaseEntity@@@Z 1001101e f   combat.obj
 0001:000100ce       ?FInViewCone@CBaseMonster@@UAEHPAVVector@@@Z 100110ce f   combat.obj
 0001:00010178       ?FVisible@CBaseEntity@@UAEHPAV1@@Z 10011178 f   combat.obj
 0001:00010292       ?FVisible@CBaseEntity@@UAEHABVVector@@@Z 10011292 f   combat.obj
 0001:00010315       ?TraceAttack@CBaseEntity@@UAEXPAUentvars_s@@MVVector@@PAUTraceResult@@H@Z 10011315 f   combat.obj
 0001:000103d6       ?TraceAttack@CBaseMonster@@UAEXPAUentvars_s@@MVVector@@PAUTraceResult@@H@Z 100113d6 f   combat.obj
 0001:000104f9       ?FireBullets@CBaseEntity@@QAEXKVVector@@00MHHHPAUentvars_s@@@Z 100114f9 f   combat.obj
 0001:00010b9a       ?FireBulletsPlayer@CBaseEntity@@QAE?AVVector@@KV2@00MHHHPAUentvars_s@@H@Z 10011b9a f   combat.obj
 0001:0001117b       ?TraceBleed@CBaseEntity@@UAEXMVVector@@PAUTraceResult@@H@Z 1001217b f   combat.obj
 0001:0001132b       ?MakeDamageBloodDecal@CBaseMonster@@QAEXHMPAUTraceResult@@ABVVector@@@Z 1001232b f   combat.obj
 0001:000114a0       ??0TraceResult@@QAE@XZ     100124a0 f i combat.obj
 0001:000114d0       ?DotProduct@@YAMABVVector@@0@Z 100124d0 f i combat.obj
 0001:00011500       ?StopAnimation@CBaseMonster@@QAEXXZ 10012500 f i combat.obj
 0001:00011520       ?SetConditions@CBaseMonster@@QAEXH@Z 10012520 f i combat.obj
 0001:00011550       ?Remember@CBaseMonster@@QAEXH@Z 10012550 f i combat.obj
 0001:00011580       ?HasMemory@CBaseMonster@@QAEHH@Z 10012580 f i combat.obj
 0001:000115b0       ?HasConditions@CBaseMonster@@QAEHH@Z 100125b0 f i combat.obj
 0001:000115e0       ??0Vector2D@@QAE@XZ        100125e0 f i combat.obj
 0001:000115f0       ?Normalize@Vector2D@@QBE?AV1@XZ 100125f0 f i combat.obj
 0001:00011680       ??0Vector2D@@QAE@MM@Z      10012680 f i combat.obj
 0001:000116b0       ?Length@Vector2D@@QBEMXZ   100126b0 f i combat.obj
 0001:000116f0       ?DotProduct@@YAMABVVector2D@@0@Z 100126f0 f i combat.obj
 0001:00011710       ?Make2D@Vector@@QBE?AVVector2D@@XZ 10012710 f i combat.obj
 0001:00011750       ?GetClassPtr@@YAPAVCGib@@PAV1@@Z 10012750 f i combat.obj
 0001:00011810       ??0CGib@@QAE@XZ            10012810 f i combat.obj
 0001:00011830       ?ObjectCaps@CGib@@UAEHXZ   10012830 f i combat.obj
 0001:00011850       _crossbow_bolt             10012850 f   crossbow.obj
 0001:00011861       ?BoltCreate@CCrossbowBolt@@SAPAV1@XZ 10012861 f   crossbow.obj
 0001:0001189b       ?Spawn@CCrossbowBolt@@EAEXXZ 1001289b f   crossbow.obj
 0001:00011978       ?Precache@CCrossbowBolt@@EAEXXZ 10012978 f   crossbow.obj
 0001:000119eb       ?Classify@CCrossbowBolt@@EAEHXZ 100129eb f   crossbow.obj
 0001:000119f8       ?BoltTouch@CCrossbowBolt@@AAEXPAVCBaseEntity@@@Z 100129f8 f   crossbow.obj
 0001:00011e4c       ?BubbleThink@CCrossbowBolt@@AAEXXZ 10012e4c f   crossbow.obj
 0001:00011ed9       ?ExplodeThink@CCrossbowBolt@@AAEXXZ 10012ed9 f   crossbow.obj
 0001:00012054       _weapon_crossbow           10013054 f   crossbow.obj
 0001:00012065       ?Spawn@CCrossbow@@UAEXXZ   10013065 f   crossbow.obj
 0001:000120e7       ?AddToPlayer@CCrossbow@@UAEHPAVCBasePlayer@@@Z 100130e7 f   crossbow.obj
 0001:0001213c       ?Precache@CCrossbow@@UAEXXZ 1001313c f   crossbow.obj
 0001:000121ce       ?GetItemInfo@CCrossbow@@UAEHPAUItemInfo@@@Z 100131ce f   crossbow.obj
 0001:0001225d       ?Deploy@CCrossbow@@UAEHXZ  1001325d f   crossbow.obj
 0001:000122b0       ?Holster@CCrossbow@@UAEXH@Z 100132b0 f   crossbow.obj
 0001:00012336       ?PrimaryAttack@CCrossbow@@UAEXXZ 10013336 f   crossbow.obj
 0001:00012374       ?FireSniperBolt@CCrossbow@@QAEXXZ 10013374 f   crossbow.obj
 0001:0001265d       ?FireBolt@CCrossbow@@QAEXXZ 1001365d f   crossbow.obj
 0001:00012999       ?SecondaryAttack@CCrossbow@@UAEXXZ 10013999 f   crossbow.obj
 0001:00012a6e       ?Reload@CCrossbow@@UAEXXZ  10013a6e f   crossbow.obj
 0001:00012b1b       ?WeaponIdle@CCrossbow@@UAEXXZ 10013b1b f   crossbow.obj
 0001:00012c5b       _ammo_crossbow             10013c5b f   crossbow.obj
 0001:00012c70       ??0TraceResult@@QAE@ABU0@@Z 10013c70 f i crossbow.obj
 0001:00012d10       ?GetClassPtr@@YAPAVCCrossbowBolt@@PAV1@@Z 10013d10 f i crossbow.obj
 0001:00012dd0       ?GetClassPtr@@YAPAVCCrossbow@@PAV1@@Z 10013dd0 f i crossbow.obj
 0001:00012e90       ?GetClassPtr@@YAPAVCCrossbowAmmo@@PAV1@@Z 10013e90 f i crossbow.obj
 0001:00012f50       ??0CCrossbowBolt@@QAE@XZ   10013f50 f i crossbow.obj
 0001:00012f70       ??0CCrossbow@@QAE@XZ       10013f70 f i crossbow.obj
 0001:00012f90       ??0CCrossbowAmmo@@QAE@XZ   10013f90 f i crossbow.obj
 0001:00012fb0       ?Spawn@CCrossbowAmmo@@EAEXXZ 10013fb0 f i crossbow.obj
 0001:00013020       ?Precache@CCrossbowAmmo@@EAEXXZ 10014020 f i crossbow.obj
 0001:00013050       ?AddAmmo@CCrossbowAmmo@@EAEHPAVCBaseEntity@@@Z 10014050 f i crossbow.obj
 0001:000130b0       ??0CBasePlayerWeapon@@QAE@XZ 100140b0 f i crossbow.obj
 0001:000130d0       ??0CBasePlayerAmmo@@QAE@XZ 100140d0 f i crossbow.obj
 0001:000130f0       ??0CBasePlayerItem@@QAE@XZ 100140f0 f i crossbow.obj
 0001:00013110       ?AddDuplicate@CBasePlayerItem@@UAEHPAV1@@Z 10014110 f i crossbow.obj
 0001:00013120       ?GetItemInfo@CBasePlayerItem@@UAEHPAUItemInfo@@@Z 10014120 f i crossbow.obj
 0001:00013130       ?CanDeploy@CBasePlayerItem@@UAEHXZ 10014130 f i crossbow.obj
 0001:00013140       ?Deploy@CBasePlayerItem@@UAEHXZ 10014140 f i crossbow.obj
 0001:00013150       ?CanHolster@CBasePlayerItem@@UAEHXZ 10014150 f i crossbow.obj
 0001:00013160       ?UpdateItemInfo@CBasePlayerItem@@UAEXXZ 10014160 f i crossbow.obj
 0001:00013170       ?ItemPreFrame@CBasePlayerItem@@UAEXXZ 10014170 f i crossbow.obj
 0001:00013180       ?ItemPostFrame@CBasePlayerItem@@UAEXXZ 10014180 f i crossbow.obj
 0001:00013190       ?PrimaryAmmoIndex@CBasePlayerItem@@UAEHXZ 10014190 f i crossbow.obj
 0001:000131a0       ?SecondaryAmmoIndex@CBasePlayerItem@@UAEHXZ 100141a0 f i crossbow.obj
 0001:000131b0       ?UpdateClientData@CBasePlayerItem@@UAEHPAVCBasePlayer@@@Z 100141b0 f i crossbow.obj
 0001:000131c0       ?GetWeaponPtr@CBasePlayerItem@@UAEPAV1@XZ 100141c0 f i crossbow.obj
 0001:000131d0       ?iItemSlot@CBasePlayerItem@@UAEHXZ 100141d0 f i crossbow.obj
 0001:000131e0       ?AddWeapon@CBasePlayerWeapon@@UAEHXZ 100141e0 f i crossbow.obj
 0001:00013210       ?UpdateItemInfo@CBasePlayerWeapon@@UAEXXZ 10014210 f i crossbow.obj
 0001:00013220       ?PrimaryAttack@CBasePlayerWeapon@@UAEXXZ 10014220 f i crossbow.obj
 0001:00013230       ?SecondaryAttack@CBasePlayerWeapon@@UAEXXZ 10014230 f i crossbow.obj
 0001:00013240       ?Reload@CBasePlayerWeapon@@UAEXXZ 10014240 f i crossbow.obj
 0001:00013250       ?WeaponIdle@CBasePlayerWeapon@@UAEXXZ 10014250 f i crossbow.obj
 0001:00013260       ?ShouldWeaponIdle@CBasePlayerWeapon@@UAEHXZ 10014260 f i crossbow.obj
 0001:00013270       ?UseDecrement@CBasePlayerWeapon@@UAEHXZ 10014270 f i crossbow.obj
 0001:00013280       ?GetWeaponPtr@CBasePlayerWeapon@@UAEPAVCBasePlayerItem@@XZ 10014280 f i crossbow.obj
 0001:00013290       ?AddAmmo@CBasePlayerAmmo@@UAEHPAVCBaseEntity@@@Z 10014290 f i crossbow.obj
 0001:000132b0       ?iItemSlot@CCrossbow@@UAEHXZ 100142b0 f i crossbow.obj
 0001:000132c0       ?UseDecrement@CCrossbow@@UAEHXZ 100142c0 f i crossbow.obj
 0001:000132d0       _weapon_crowbar            100142d0 f   crowbar.obj
 0001:000132e1       ?Spawn@CCrowbar@@UAEXXZ    100142e1 f   crowbar.obj
 0001:00013363       ?Precache@CCrowbar@@UAEXXZ 10014363 f   crowbar.obj
 0001:00013406       ?GetItemInfo@CCrowbar@@UAEHPAUItemInfo@@@Z 10014406 f   crowbar.obj
 0001:0001348b       ?Deploy@CCrowbar@@UAEHXZ   1001448b f   crowbar.obj
 0001:000134b3       ?Holster@CCrowbar@@UAEXH@Z 100144b3 f   crowbar.obj
 0001:000134f0       ?FindHullIntersection@@YAXABVVector@@AAUTraceResult@@PAM2PAUedict_s@@@Z 100144f0 f   crowbar.obj
 0001:000136ac       ?PrimaryAttack@CCrowbar@@UAEXXZ 100146ac f   crowbar.obj
 0001:000136ee       ?Smack@CCrowbar@@QAEXXZ    100146ee f   crowbar.obj
 0001:0001370c       ?SwingAgain@CCrowbar@@QAEXXZ 1001470c f   crowbar.obj
 0001:00013721       ?Swing@CCrowbar@@QAEHH@Z   10014721 f   crowbar.obj
 0001:00013ec0       ?GetClassPtr@@YAPAVCCrowbar@@PAV1@@Z 10014ec0 f i crowbar.obj
 0001:00013f80       ??0CCrowbar@@QAE@XZ        10014f80 f i crowbar.obj
 0001:00013fb0       ?iItemSlot@CCrowbar@@UAEHXZ 10014fb0 f i crowbar.obj
 0001:00013fc0       ?UseDecrement@CCrowbar@@UAEHXZ 10014fc0 f i crowbar.obj
 0001:00013fd0       ?Save@CBaseDoor@@UAEHAAVCSave@@@Z 10014fd0 f   doors.obj
 0001:00014009       ?Restore@CBaseDoor@@UAEHAAVCRestore@@@Z 10015009 f   doors.obj
 0001:00014042       ?PlayLockSounds@@YAXPAUentvars_s@@PAUlocksounds@@HH@Z 10015042 f   doors.obj
 0001:0001432b       ?KeyValue@CBaseDoor@@UAEXPAUKeyValueData_s@@@Z 1001532b f   doors.obj
 0001:000145ae       _func_door                 100155ae f   doors.obj
 0001:000145bf       _func_water                100155bf f   doors.obj
 0001:000145d0       ?Spawn@CBaseDoor@@UAEXXZ   100155d0 f   doors.obj
 0001:0001488a       ?SetToggleState@CBaseDoor@@UAEXH@Z 1001588a f   doors.obj
 0001:000148cf       ?Precache@CBaseDoor@@UAEXXZ 100158cf f   doors.obj
 0001:00014ffe       ?DoorTouch@CBaseDoor@@QAEXPAVCBaseEntity@@@Z 10015ffe f   doors.obj
 0001:000150d3       ?Use@CBaseDoor@@UAEXPAVCBaseEntity@@0W4USE_TYPE@@M@Z 100160d3 f   doors.obj
 0001:0001511f       ?DoorActivate@CBaseDoor@@QAEHXZ 1001611f f   doors.obj
 0001:00015213       ?DoorGoUp@CBaseDoor@@QAEXXZ 10016213 f   doors.obj
 0001:0001542a       ?DoorHitTop@CBaseDoor@@QAEXXZ 1001642a f   doors.obj
 0001:000155b9       ?DoorGoDown@CBaseDoor@@QAEXXZ 100165b9 f   doors.obj
 0001:0001569d       ?DoorHitBottom@CBaseDoor@@QAEXXZ 1001669d f   doors.obj
 0001:000157d8       ?Blocked@CBaseDoor@@UAEXPAVCBaseEntity@@@Z 100167d8 f   doors.obj
 0001:00015a32       _func_door_rotating        10016a32 f   doors.obj
 0001:00015a43       ?Spawn@CRotDoor@@UAEXXZ    10016a43 f   doors.obj
 0001:00015cb6       ?SetToggleState@CRotDoor@@UAEXH@Z 10016cb6 f   doors.obj
 0001:00015d27       _momentary_door            10016d27 f   doors.obj
 0001:00015d38       ?Save@CMomentaryDoor@@UAEHAAVCSave@@@Z 10016d38 f   doors.obj
 0001:00015d71       ?Restore@CMomentaryDoor@@UAEHAAVCRestore@@@Z 10016d71 f   doors.obj
 0001:00015daa       ?Spawn@CMomentaryDoor@@UAEXXZ 10016daa f   doors.obj
 0001:00015ffe       ?Precache@CMomentaryDoor@@UAEXXZ 10016ffe f   doors.obj
 0001:000161e9       ?KeyValue@CMomentaryDoor@@UAEXPAUKeyValueData_s@@@Z 100171e9 f   doors.obj
 0001:0001628b       ?Use@CMomentaryDoor@@UAEXPAVCBaseEntity@@0W4USE_TYPE@@M@Z 1001728b f   doors.obj
 0001:000163e0       ?STOP_SOUND@@YAXPAUedict_s@@HPBD@Z 100173e0 f i doors.obj
 0001:00016410       ?GetClassPtr@@YAPAVCBaseDoor@@PAV1@@Z 10017410 f i doors.obj
 0001:000164d0       ?GetClassPtr@@YAPAVCRotDoor@@PAV1@@Z 100174d0 f i doors.obj
 0001:00016590       ?GetClassPtr@@YAPAVCMomentaryDoor@@PAV1@@Z 10017590 f i doors.obj
 0001:00016650       ??0CBaseDoor@@QAE@XZ       10017650 f i doors.obj
 0001:00016670       ?ObjectCaps@CBaseDoor@@UAEHXZ 10017670 f i doors.obj
 0001:000166b0       ??0CRotDoor@@QAE@XZ        100176b0 f i doors.obj
 0001:000166d0       ??0CMomentaryDoor@@QAE@XZ  100176d0 f i doors.obj
 0001:000166f0       ?ObjectCaps@CMomentaryDoor@@UAEHXZ 100176f0 f i doors.obj
 0001:00016710       _info_target               10017710 f   effects.obj
 0001:00016721       _env_bubbles               10017721 f   effects.obj
 0001:00016732       ?Save@CBubbling@@UAEHAAVCSave@@@Z 10017732 f   effects.obj
 0001:0001676b       ?Restore@CBubbling@@UAEHAAVCRestore@@@Z 1001776b f   effects.obj
 0001:000167a4       ?Spawn@CBubbling@@UAEXXZ   100177a4 f   effects.obj
 0001:0001691e       ?Precache@CBubbling@@UAEXXZ 1001791e f   effects.obj
 0001:0001693d       ?Use@CBubbling@@UAEXPAVCBaseEntity@@0W4USE_TYPE@@M@Z 1001793d f   effects.obj
 0001:000169c1       ?KeyValue@CBubbling@@UAEXPAUKeyValueData_s@@@Z 100179c1 f   effects.obj
 0001:00016a96       ?FizzThink@CBubbling@@QAEXXZ 10017a96 f   effects.obj
 0001:00016b6d       _beam                      10017b6d f   effects.obj
 0001:00016b7e       ?Spawn@CBeam@@UAEXXZ       10017b7e f   effects.obj
 0001:00016ba4       ?Precache@CBeam@@UAEXXZ    10017ba4 f   effects.obj
 0001:00016c09       ?SetStartEntity@CBeam@@QAEXH@Z 10017c09 f   effects.obj
 0001:00016c5a       ?SetEndEntity@CBeam@@QAEXH@Z 10017c5a f   effects.obj
 0001:00016cab       ?GetStartPos@CBeam@@QAEABVVector@@XZ 10017cab f   effects.obj
 0001:00016ced       ?GetEndPos@CBeam@@QAEABVVector@@XZ 10017ced f   effects.obj
 0001:00016d4a       ?BeamCreate@CBeam@@SAPAV1@PBDH@Z 10017d4a f   effects.obj
 0001:00016d8a       ?BeamInit@CBeam@@QAEXPBDH@Z 10017d8a f   effects.obj
 0001:00016e64       ?PointsInit@CBeam@@QAEXABVVector@@0@Z 10017e64 f   effects.obj
 0001:00016eaf       ?HoseInit@CBeam@@QAEXABVVector@@0@Z 10017eaf f   effects.obj
 0001:00016efa       ?PointEntInit@CBeam@@QAEXABVVector@@H@Z 10017efa f   effects.obj
 0001:00016f45       ?EntsInit@CBeam@@QAEXHH@Z  10017f45 f   effects.obj
 0001:00016f90       ?RelinkBeam@CBeam@@QAEXXZ  10017f90 f   effects.obj
 0001:000171af       ?TriggerTouch@CBeam@@QAEXPAVCBaseEntity@@@Z 100181af f   effects.obj
 0001:00017222       ?RandomTargetname@CBeam@@QAEPAVCBaseEntity@@PBD@Z 10018222 f   effects.obj
 0001:0001728a       ?DoSparks@CBeam@@QAEXABVVector@@0@Z 1001828a f   effects.obj
 0001:000172e8       _env_lightning             100182e8 f   effects.obj
 0001:000172f9       _env_beam                  100182f9 f   effects.obj
 0001:0001730a       ?Save@CLightning@@UAEHAAVCSave@@@Z 1001830a f   effects.obj
 0001:00017343       ?Restore@CLightning@@UAEHAAVCRestore@@@Z 10018343 f   effects.obj
 0001:0001737c       ?Spawn@CLightning@@UAEXXZ  1001837c f   effects.obj
 0001:00017515       ?Precache@CLightning@@UAEXXZ 10018515 f   effects.obj
 0001:00017549       ?Activate@CLightning@@UAEXXZ 10018549 f   effects.obj
 0001:00017568       ?KeyValue@CLightning@@UAEXPAUKeyValueData_s@@@Z 10018568 f   effects.obj
 0001:00017823       ?ToggleUse@CLightning@@QAEXPAVCBaseEntity@@0W4USE_TYPE@@M@Z 10018823 f   effects.obj
 0001:0001790b       ?StrikeUse@CLightning@@QAEXPAVCBaseEntity@@0W4USE_TYPE@@M@Z 1001890b f   effects.obj
 0001:00017996       ?IsPointEntity@@YAHPAVCBaseEntity@@@Z 10018996 f   effects.obj
 0001:00017a02       ?StrikeThink@CLightning@@QAEXXZ 10018a02 f   effects.obj
 0001:00017eac       ?BeamDamage@CBeam@@QAEXPAUTraceResult@@@Z 10018eac f   effects.obj
 0001:00017fe2       ?DamageThink@CLightning@@QAEXXZ 10018fe2 f   effects.obj
 0001:00018041       ?Zap@CLightning@@QAEXABVVector@@0@Z 10019041 f   effects.obj
 0001:000181d2       ?RandomArea@CLightning@@QAEXXZ 100191d2 f   effects.obj
 0001:000184ca       ?RandomPoint@CLightning@@QAEXAAVVector@@@Z 100194ca f   effects.obj
 0001:00018628       ?BeamUpdateVars@CLightning@@QAEXXZ 10019628 f   effects.obj
 0001:00018884       _env_laser                 10019884 f   effects.obj
 0001:00018895       ?Save@CLaser@@UAEHAAVCSave@@@Z 10019895 f   effects.obj
 0001:000188ce       ?Restore@CLaser@@UAEHAAVCRestore@@@Z 100198ce f   effects.obj
 0001:00018907       ?Spawn@CLaser@@UAEXXZ      10019907 f   effects.obj
 0001:00018a82       ?Precache@CLaser@@UAEXXZ   10019a82 f   effects.obj
 0001:00018ae0       ?KeyValue@CLaser@@UAEXPAUKeyValueData_s@@@Z 10019ae0 f   effects.obj
 0001:00018d07       ?IsOn@CLaser@@QAEHXZ       10019d07 f   effects.obj
 0001:00018d31       ?TurnOff@CLaser@@QAEXXZ    10019d31 f   effects.obj
 0001:00018d7b       ?TurnOn@CLaser@@QAEXXZ     10019d7b f   effects.obj
 0001:00018ddc       ?Use@CLaser@@UAEXPAVCBaseEntity@@0W4USE_TYPE@@M@Z 10019ddc f   effects.obj
 0001:00018e24       ?FireAtPoint@CLaser@@QAEXAAUTraceResult@@@Z 10019e24 f   effects.obj
 0001:00018e86       ?StrikeThink@CLaser@@QAEXXZ 10019e86 f   effects.obj
 0001:00018f2e       _env_glow                  10019f2e f   effects.obj
 0001:00018f3f       ?Save@CGlow@@UAEHAAVCSave@@@Z 10019f3f f   effects.obj
 0001:00018f78       ?Restore@CGlow@@UAEHAAVCRestore@@@Z 10019f78 f   effects.obj
 0001:00018fb1       ?Spawn@CGlow@@UAEXXZ       10019fb1 f   effects.obj
 0001:000190d1       ?Think@CGlow@@UAEXXZ       1001a0d1 f   effects.obj
 0001:0001912f       ?Animate@CGlow@@QAEXM@Z    1001a12f f   effects.obj
 0001:00019189       _env_sprite                1001a189 f   effects.obj
 0001:0001919a       ?Save@CSprite@@UAEHAAVCSave@@@Z 1001a19a f   effects.obj
 0001:000191d3       ?Restore@CSprite@@UAEHAAVCRestore@@@Z 1001a1d3 f   effects.obj
 0001:0001920c       ?Spawn@CSprite@@UAEXXZ     1001a20c f   effects.obj
 0001:0001933c       ?Precache@CSprite@@UAEXXZ  1001a33c f   effects.obj
 0001:000193bc       ?SpriteInit@CSprite@@QAEXPBDABVVector@@@Z 1001a3bc f   effects.obj
 0001:00019409       ?SpriteCreate@CSprite@@SAPAV1@PBDABVVector@@H@Z 1001a409 f   effects.obj
 0001:00019478       ?AnimateThink@CSprite@@QAEXXZ 1001a478 f   effects.obj
 0001:000194d6       ?AnimateUntilDead@CSprite@@QAEXXZ 1001a4d6 f   effects.obj
 0001:00019525       ?Expand@CSprite@@QAEXMM@Z  1001a525 f   effects.obj
 0001:0001957a       ?ExpandThink@CSprite@@QAEXXZ 1001a57a f   effects.obj
 0001:00019647       ?Animate@CSprite@@QAEXM@Z  1001a647 f   effects.obj
 0001:000196ef       ?TurnOff@CSprite@@QAEXXZ   1001a6ef f   effects.obj
 0001:0001971a       ?TurnOn@CSprite@@QAEXXZ    1001a71a f   effects.obj
 0001:000197b0       ?Use@CSprite@@UAEXPAVCBaseEntity@@0W4USE_TYPE@@M@Z 1001a7b0 f   effects.obj
 0001:00019803       ?Save@CGibShooter@@UAEHAAVCSave@@@Z 1001a803 f   effects.obj
 0001:0001983c       ?Restore@CGibShooter@@UAEHAAVCRestore@@@Z 1001a83c f   effects.obj
 0001:00019875       _gibshooter                1001a875 f   effects.obj
 0001:00019886       ?Precache@CGibShooter@@UAEXXZ 1001a886 f   effects.obj
 0001:000198c4       ?KeyValue@CGibShooter@@UAEXPAUKeyValueData_s@@@Z 1001a8c4 f   effects.obj
 0001:000199d0       ?Use@CGibShooter@@UAEXPAVCBaseEntity@@0W4USE_TYPE@@M@Z 1001a9d0 f   effects.obj
 0001:000199fa       ?Spawn@CGibShooter@@UAEXXZ 1001a9fa f   effects.obj
 0001:00019a95       ?CreateGib@CGibShooter@@UAEPAVCGib@@XZ 1001aa95 f   effects.obj
 0001:00019b2e       ?ShootThink@CGibShooter@@QAEXXZ 1001ab2e f   effects.obj
 0001:00019e66       _env_shooter               1001ae66 f   effects.obj
 0001:00019e77       ?KeyValue@CEnvShooter@@EAEXPAUKeyValueData_s@@@Z 1001ae77 f   effects.obj
 0001:00019f7b       ?Precache@CEnvShooter@@EAEXXZ 1001af7b f   effects.obj
 0001:00019fbd       ?CreateGib@CEnvShooter@@EAEPAVCGib@@XZ 1001afbd f   effects.obj
 0001:0001a0f3       _test_effect               1001b0f3 f   effects.obj
 0001:0001a104       ?Spawn@CTestEffect@@UAEXXZ 1001b104 f   effects.obj
 0001:0001a11a       ?Precache@CTestEffect@@UAEXXZ 1001b11a f   effects.obj
 0001:0001a133       ?TestThink@CTestEffect@@QAEXXZ 1001b133 f   effects.obj
 0001:0001a3f3       ?Use@CTestEffect@@UAEXPAVCBaseEntity@@0W4USE_TYPE@@M@Z 1001b3f3 f   effects.obj
 0001:0001a43a       _env_blood                 1001b43a f   effects.obj
 0001:0001a44b       ?Spawn@CBlood@@UAEXXZ      1001b44b f   effects.obj
 0001:0001a4a5       ?KeyValue@CBlood@@UAEXPAUKeyValueData_s@@@Z 1001b4a5 f   effects.obj
 0001:0001a562       ?Direction@CBlood@@QAE?AVVector@@XZ 1001b562 f   effects.obj
 0001:0001a5b3       ?BloodPosition@CBlood@@QAE?AVVector@@PAVCBaseEntity@@@Z 1001b5b3 f   effects.obj
 0001:0001a6ab       ?Use@CBlood@@UAEXPAVCBaseEntity@@0W4USE_TYPE@@M@Z 1001b6ab f   effects.obj
 0001:0001a86e       _env_shake                 1001b86e f   effects.obj
 0001:0001a87f       ?Spawn@CShake@@UAEXXZ      1001b87f f   effects.obj
 0001:0001a8ed       ?KeyValue@CShake@@UAEXPAUKeyValueData_s@@@Z 1001b8ed f   effects.obj
 0001:0001aa16       ?Use@CShake@@UAEXPAVCBaseEntity@@0W4USE_TYPE@@M@Z 1001ba16 f   effects.obj
 0001:0001aa65       _env_fade                  1001ba65 f   effects.obj
 0001:0001aa76       ?Spawn@CFade@@UAEXXZ       1001ba76 f   effects.obj
 0001:0001aac1       ?KeyValue@CFade@@UAEXPAUKeyValueData_s@@@Z 1001bac1 f   effects.obj
 0001:0001ab60       ?Use@CFade@@UAEXPAVCBaseEntity@@0W4USE_TYPE@@M@Z 1001bb60 f   effects.obj
 0001:0001ac6e       _env_message               1001bc6e f   effects.obj
 0001:0001ac7f       ?Spawn@CMessage@@UAEXXZ    1001bc7f f   effects.obj
 0001:0001ad59       ?Precache@CMessage@@UAEXXZ 1001bd59 f   effects.obj
 0001:0001ad95       ?KeyValue@CMessage@@UAEXPAUKeyValueData_s@@@Z 1001bd95 f   effects.obj
 0001:0001ae7a       ?Use@CMessage@@UAEXPAVCBaseEntity@@0W4USE_TYPE@@M@Z 1001be7a f   effects.obj
 0001:0001afac       ?Precache@CEnvFunnel@@UAEXXZ 1001bfac f   effects.obj
 0001:0001afcb       _env_funnel                1001bfcb f   effects.obj
 0001:0001afdc       ?Use@CEnvFunnel@@UAEXPAVCBaseEntity@@0W4USE_TYPE@@M@Z 1001bfdc f   effects.obj
 0001:0001b09c       ?Spawn@CEnvFunnel@@UAEXXZ  1001c09c f   effects.obj
 0001:0001b0d2       ?Precache@CEnvBeverage@@UAEXXZ 1001c0d2 f   effects.obj
 0001:0001b0f9       _env_beverage              1001c0f9 f   effects.obj
 0001:0001b10a       ?Use@CEnvBeverage@@UAEXPAVCBaseEntity@@0W4USE_TYPE@@M@Z 1001c10a f   effects.obj
 0001:0001b1ed       ?Spawn@CEnvBeverage@@UAEXXZ 1001c1ed f   effects.obj
 0001:0001b25c       ?Precache@CItemSoda@@UAEXXZ 1001c25c f   effects.obj
 0001:0001b267       _item_sodacan              1001c267 f   effects.obj
 0001:0001b278       ?Spawn@CItemSoda@@UAEXXZ   1001c278 f   effects.obj
 0001:0001b321       ?CanThink@CItemSoda@@QAEXXZ 1001c321 f   effects.obj
 0001:0001b3b7       ?CanTouch@CItemSoda@@QAEXPAVCBaseEntity@@@Z 1001c3b7 f   effects.obj
 0001:0001b480       ?GetType@CBeam@@QAEHXZ     1001c480 f i effects.obj
 0001:0001b4a0       ?GetStartEntity@CBeam@@QAEHXZ 1001c4a0 f i effects.obj
 0001:0001b4c0       ?GetEndEntity@CBeam@@QAEHXZ 1001c4c0 f i effects.obj
 0001:0001b4e0       ?SetTexture@CBeam@@QAEXH@Z 1001c4e0 f i effects.obj
 0001:0001b500       ?SetWidth@CBeam@@QAEXH@Z   1001c500 f i effects.obj
 0001:0001b520       ?SetNoise@CBeam@@QAEXH@Z   1001c520 f i effects.obj
 0001:0001b540       ?SetColor@CBeam@@QAEXHHH@Z 1001c540 f i effects.obj
 0001:0001b580       ?SetBrightness@CBeam@@QAEXH@Z 1001c580 f i effects.obj
 0001:0001b5a0       ?SetFrame@CBeam@@QAEXM@Z   1001c5a0 f i effects.obj
 0001:0001b5c0       ?SetScrollRate@CBeam@@QAEXH@Z 1001c5c0 f i effects.obj
 0001:0001b5e0       ?SetType@CBeam@@QAEXH@Z    1001c5e0 f i effects.obj
 0001:0001b620       ?SetStartPos@CBeam@@QAEXABVVector@@@Z 1001c620 f i effects.obj
 0001:0001b650       ?SetEndPos@CBeam@@QAEXABVVector@@@Z 1001c650 f i effects.obj
 0001:0001b680       ?SetStartAttachment@CBeam@@QAEXH@Z 1001c680 f i effects.obj
 0001:0001b6c0       ?SetEndAttachment@CBeam@@QAEXH@Z 1001c6c0 f i effects.obj
 0001:0001b700       ?ServerSide@CLightning@@QAEHXZ 1001c700 f i effects.obj
 0001:0001b740       ?BeamDamageInstant@CBeam@@QAEXPAUTraceResult@@M@Z 1001c740 f i effects.obj
 0001:0001b790       ?entindex@CBaseEntity@@QAEHXZ 1001c790 f i effects.obj
 0001:0001b7b0       ?SetFlags@CBeam@@QAEXH@Z   1001c7b0 f i effects.obj
 0001:0001b7f0       ?SetTransparency@CSprite@@QAEXHHHHHH@Z 1001c7f0 f i effects.obj
 0001:0001b860       ?SetAttachment@CSprite@@QAEXPAUedict_s@@H@Z 1001c860 f i effects.obj
 0001:0001b8c0       ?SetColor@CBlood@@QAEXH@Z  1001c8c0 f i effects.obj
 0001:0001b8e0       ?SetBloodAmount@CBlood@@QAEXM@Z 1001c8e0 f i effects.obj
 0001:0001b900       ?Color@CBlood@@QAEHXZ      1001c900 f i effects.obj
 0001:0001b920       ?BloodAmount@CBlood@@QAEMXZ 1001c920 f i effects.obj
 0001:0001b940       ?SetAmplitude@CShake@@QAEXM@Z 1001c940 f i effects.obj
 0001:0001b960       ?SetFrequency@CShake@@QAEXM@Z 1001c960 f i effects.obj
 0001:0001b980       ?SetDuration@CShake@@QAEXM@Z 1001c980 f i effects.obj
 0001:0001b9a0       ?SetRadius@CShake@@QAEXM@Z 1001c9a0 f i effects.obj
 0001:0001b9c0       ?Amplitude@CShake@@QAEMXZ  1001c9c0 f i effects.obj
 0001:0001b9e0       ?Frequency@CShake@@QAEMXZ  1001c9e0 f i effects.obj
 0001:0001ba00       ?Duration@CShake@@QAEMXZ   1001ca00 f i effects.obj
 0001:0001ba20       ?Radius@CShake@@QAEMXZ     1001ca20 f i effects.obj
 0001:0001ba40       ?SetDuration@CFade@@QAEXM@Z 1001ca40 f i effects.obj
 0001:0001ba60       ?SetHoldTime@CFade@@QAEXM@Z 1001ca60 f i effects.obj
 0001:0001ba80       ?Duration@CFade@@QAEMXZ    1001ca80 f i effects.obj
 0001:0001baa0       ?HoldTime@CFade@@QAEMXZ    1001caa0 f i effects.obj
 0001:0001bac0       ?GetClassPtr@@YAPAVCPointEntity@@PAV1@@Z 1001cac0 f i effects.obj
 0001:0001bb80       ?GetClassPtr@@YAPAVCBubbling@@PAV1@@Z 1001cb80 f i effects.obj
 0001:0001bc40       ?GetClassPtr@@YAPAVCBeam@@PAV1@@Z 1001cc40 f i effects.obj
 0001:0001bd00       ?GetClassPtr@@YAPAVCLightning@@PAV1@@Z 1001cd00 f i effects.obj
 0001:0001bdc0       ?GetClassPtr@@YAPAVCLaser@@PAV1@@Z 1001cdc0 f i effects.obj
 0001:0001be80       ?GetClassPtr@@YAPAVCGlow@@PAV1@@Z 1001ce80 f i effects.obj
 0001:0001bf40       ?GetClassPtr@@YAPAVCSprite@@PAV1@@Z 1001cf40 f i effects.obj
 0001:0001c000       ?GetClassPtr@@YAPAVCGibShooter@@PAV1@@Z 1001d000 f i effects.obj
 0001:0001c0c0       ?GetClassPtr@@YAPAVCEnvShooter@@PAV1@@Z 1001d0c0 f i effects.obj
 0001:0001c180       ?GetClassPtr@@YAPAVCTestEffect@@PAV1@@Z 1001d180 f i effects.obj
 0001:0001c240       ?GetClassPtr@@YAPAVCBlood@@PAV1@@Z 1001d240 f i effects.obj
 0001:0001c300       ?GetClassPtr@@YAPAVCShake@@PAV1@@Z 1001d300 f i effects.obj
 0001:0001c3c0       ?GetClassPtr@@YAPAVCFade@@PAV1@@Z 1001d3c0 f i effects.obj
 0001:0001c480       ?GetClassPtr@@YAPAVCMessage@@PAV1@@Z 1001d480 f i effects.obj
 0001:0001c540       ?GetClassPtr@@YAPAVCEnvFunnel@@PAV1@@Z 1001d540 f i effects.obj
 0001:0001c600       ?GetClassPtr@@YAPAVCEnvBeverage@@PAV1@@Z 1001d600 f i effects.obj
 0001:0001c6c0       ?GetClassPtr@@YAPAVCItemSoda@@PAV1@@Z 1001d6c0 f i effects.obj
 0001:0001c780       ??0CBubbling@@QAE@XZ       1001d780 f i effects.obj
 0001:0001c7a0       ?ObjectCaps@CBubbling@@UAEHXZ 1001d7a0 f i effects.obj
 0001:0001c7c0       ??0CBeam@@QAE@XZ           1001d7c0 f i effects.obj
 0001:0001c7e0       ?ObjectCaps@CBeam@@UAEHXZ  1001d7e0 f i effects.obj
 0001:0001c820       ?Center@CBeam@@UAE?AVVector@@XZ 1001d820 f i effects.obj
 0001:0001c870       ??0CLightning@@QAE@XZ      1001d870 f i effects.obj
 0001:0001c890       ??0CLaser@@QAE@XZ          1001d890 f i effects.obj
 0001:0001c8c0       ??0CGlow@@QAE@XZ           1001d8c0 f i effects.obj
 0001:0001c8e0       ??0CSprite@@QAE@XZ         1001d8e0 f i effects.obj
 0001:0001c900       ?ObjectCaps@CSprite@@UAEHXZ 1001d900 f i effects.obj
 0001:0001c940       ??0CGibShooter@@QAE@XZ     1001d940 f i effects.obj
 0001:0001c960       ??0CEnvShooter@@QAE@XZ     1001d960 f i effects.obj
 0001:0001c980       ??0CTestEffect@@QAE@XZ     1001d980 f i effects.obj
 0001:0001c9a0       ??0CBlood@@QAE@XZ          1001d9a0 f i effects.obj
 0001:0001c9c0       ??0CShake@@QAE@XZ          1001d9c0 f i effects.obj
 0001:0001c9e0       ??0CFade@@QAE@XZ           1001d9e0 f i effects.obj
 0001:0001ca00       ??0CMessage@@QAE@XZ        1001da00 f i effects.obj
 0001:0001ca20       ??0CEnvFunnel@@QAE@XZ      1001da20 f i effects.obj
 0001:0001ca40       ??0CEnvBeverage@@QAE@XZ    1001da40 f i effects.obj
 0001:0001ca60       ??0CItemSoda@@QAE@XZ       1001da60 f i effects.obj
 0001:0001ca80       _weapon_egon               1001da80 f   egon.obj
 0001:0001ca91       ?Spawn@CEgon@@UAEXXZ       1001da91 f   egon.obj
 0001:0001cb13       ?Precache@CEgon@@UAEXXZ    1001db13 f   egon.obj
 0001:0001cbec       ?Deploy@CEgon@@UAEHXZ      1001dbec f   egon.obj
 0001:0001cc2b       ?AddToPlayer@CEgon@@UAEHPAVCBasePlayer@@@Z 1001dc2b f   egon.obj
 0001:0001cc80       ?Holster@CEgon@@UAEXH@Z    1001dc80 f   egon.obj
 0001:0001ccc5       ?GetItemInfo@CEgon@@UAEHPAUItemInfo@@@Z 1001dcc5 f   egon.obj
 0001:0001cd5e       ?GetPulseInterval@CEgon@@QAEMXZ 1001dd5e f   egon.obj
 0001:0001cd6f       ?GetDischargeInterval@CEgon@@QAEMXZ 1001dd6f f   egon.obj
 0001:0001cd80       ?HasAmmo@CEgon@@QAEHXZ     1001dd80 f   egon.obj
 0001:0001cda0       ?UseAmmo@CEgon@@QAEXH@Z    1001dda0 f   egon.obj
 0001:0001ce13       ?Attack@CEgon@@QAEXXZ      1001de13 f   egon.obj
 0001:0001d0c6       ?PrimaryAttack@CEgon@@UAEXXZ 1001e0c6 f   egon.obj
 0001:0001d0e6       ?Fire@CEgon@@QAEXABVVector@@0@Z 1001e0e6 f   egon.obj
 0001:0001d6d7       ?UpdateEffect@CEgon@@QAEXABVVector@@0M@Z 1001e6d7 f   egon.obj
 0001:0001d8d6       ?CreateEffect@CEgon@@QAEXXZ 1001e8d6 f   egon.obj
 0001:0001dbec       ?DestroyEffect@CEgon@@QAEXXZ 1001ebec f   egon.obj
 0001:0001dc9e       ?WeaponIdle@CEgon@@UAEXXZ  1001ec9e f   egon.obj
 0001:0001dd84       ?EndAttack@CEgon@@QAEXXZ   1001ed84 f   egon.obj
 0001:0001de40       _ammo_egonclip             1001ee40 f   egon.obj
 0001:0001de60       ?GetClassPtr@@YAPAVCEgon@@PAV1@@Z 1001ee60 f i egon.obj
 0001:0001df20       ?GetClassPtr@@YAPAVCEgonAmmo@@PAV1@@Z 1001ef20 f i egon.obj
 0001:0001dfe0       ??0CEgon@@QAE@XZ           1001efe0 f i egon.obj
 0001:0001e000       ??0CEgonAmmo@@QAE@XZ       1001f000 f i egon.obj
 0001:0001e020       ?Spawn@CEgonAmmo@@EAEXXZ   1001f020 f i egon.obj
 0001:0001e090       ?Precache@CEgonAmmo@@EAEXXZ 1001f090 f i egon.obj
 0001:0001e0c0       ?AddAmmo@CEgonAmmo@@EAEHPAVCBaseEntity@@@Z 1001f0c0 f i egon.obj
 0001:0001e120       ?Frames@CSprite@@QAEMXZ    1001f120 f i egon.obj
 0001:0001e140       ?iItemSlot@CEgon@@UAEHXZ   1001f140 f i egon.obj
 0001:0001e150       ?UseDecrement@CEgon@@UAEHXZ 1001f150 f i egon.obj
 0001:0001e160       _spark_shower              1001f160 f   explode.obj
 0001:0001e171       ?Spawn@CShower@@EAEXXZ     1001f171 f   explode.obj
 0001:0001e32f       ?Think@CShower@@EAEXXZ     1001f32f f   explode.obj
 0001:0001e3cb       ?Touch@CShower@@EAEXPAVCBaseEntity@@@Z 1001f3cb f   explode.obj
 0001:0001e495       ?Save@CEnvExplosion@@UAEHAAVCSave@@@Z 1001f495 f   explode.obj
 0001:0001e4ce       ?Restore@CEnvExplosion@@UAEHAAVCRestore@@@Z 1001f4ce f   explode.obj
 0001:0001e507       _env_explosion             1001f507 f   explode.obj
 0001:0001e518       ?KeyValue@CEnvExplosion@@UAEXPAUKeyValueData_s@@@Z 1001f518 f   explode.obj
 0001:0001e56d       ?Spawn@CEnvExplosion@@UAEXXZ 1001f56d f   explode.obj
 0001:0001e5ed       ?Use@CEnvExplosion@@UAEXPAVCBaseEntity@@0W4USE_TYPE@@M@Z 1001f5ed f   explode.obj
 0001:0001e9fd       ?Smoke@CEnvExplosion@@QAEXXZ 1001f9fd f   explode.obj
 0001:0001ead6       ?ExplosionCreate@@YAXABVVector@@0PAUedict_s@@HH@Z 1001fad6 f   explode.obj
 0001:0001eb80       ?GetClassPtr@@YAPAVCShower@@PAV1@@Z 1001fb80 f i explode.obj
 0001:0001ec40       ?GetClassPtr@@YAPAVCEnvExplosion@@PAV1@@Z 1001fc40 f i explode.obj
 0001:0001ed00       ??0CShower@@QAE@XZ         1001fd00 f i explode.obj
 0001:0001ed20       ?ObjectCaps@CShower@@EAEHXZ 1001fd20 f i explode.obj
 0001:0001ed30       ??0CEnvExplosion@@QAE@XZ   1001fd30 f i explode.obj
 0001:0001ed50       ?KeyValue@CBreakable@@UAEXPAUKeyValueData_s@@@Z 1001fd50 f   func_break.obj
 0001:0001ef87       _func_breakable            1001ff87 f   func_break.obj
 0001:0001ef98       ?Save@CBreakable@@UAEHAAVCSave@@@Z 1001ff98 f   func_break.obj
 0001:0001efd1       ?Restore@CBreakable@@UAEHAAVCRestore@@@Z 1001ffd1 f   func_break.obj
 0001:0001f00a       ?Spawn@CBreakable@@UAEXXZ  1002000a f   func_break.obj
 0001:0001f13c       ?MaterialSoundList@CBreakable@@SAPAPBDW4Materials@@AAH@Z 1002013c f   func_break.obj
 0001:0001f1ed       ?MaterialSoundPrecache@CBreakable@@SAXW4Materials@@@Z 100201ed f   func_break.obj
 0001:0001f240       ?MaterialSoundRandom@CBreakable@@SAXPAUedict_s@@W4Materials@@M@Z 10020240 f   func_break.obj
 0001:0001f29a       ?Precache@CBreakable@@UAEXXZ 1002029a f   func_break.obj
 0001:0001f48a       ?DamageSound@CBreakable@@QAEXXZ 1002048a f   func_break.obj
 0001:0001f63a       ?BreakTouch@CBreakable@@QAEXPAVCBaseEntity@@@Z 1002063a f   func_break.obj
 0001:0001f789       ?Use@CBreakable@@UAEXPAVCBaseEntity@@0W4USE_TYPE@@M@Z 10020789 f   func_break.obj
 0001:0001f7ec       ?TraceAttack@CBreakable@@UAEXPAUentvars_s@@MVVector@@PAUTraceResult@@H@Z 100207ec f   func_break.obj
 0001:0001f910       ?TakeDamage@CBreakable@@UAEHPAUentvars_s@@0MH@Z 10020910 f   func_break.obj
 0001:0001fadc       ?Die@CBreakable@@QAEXXZ    10020adc f   func_break.obj
 0001:000203a7       ?IsBreakable@CBreakable@@QAEHXZ 100213a7 f   func_break.obj
 0001:000203c0       ?DamageDecal@CBreakable@@UAEHH@Z 100213c0 f   func_break.obj
 0001:00020404       ?Save@CPushable@@UAEHAAVCSave@@@Z 10021404 f   func_break.obj
 0001:0002043d       ?Restore@CPushable@@UAEHAAVCRestore@@@Z 1002143d f   func_break.obj
 0001:00020476       _func_pushable             10021476 f   func_break.obj
 0001:00020487       ?Spawn@CPushable@@UAEXXZ   10021487 f   func_break.obj
 0001:0002060c       ?Precache@CPushable@@UAEXXZ 1002160c f   func_break.obj
 0001:00020665       ?KeyValue@CPushable@@UAEXPAUKeyValueData_s@@@Z 10021665 f   func_break.obj
 0001:00020856       ?Use@CPushable@@UAEXPAVCBaseEntity@@0W4USE_TYPE@@M@Z 10021856 f   func_break.obj
 0001:000208d0       ?Touch@CPushable@@UAEXPAVCBaseEntity@@@Z 100218d0 f   func_break.obj
 0001:00020905       ?Move@CPushable@@QAEXPAVCBaseEntity@@H@Z 10021905 f   func_break.obj
 0001:00020bb3       ?TakeDamage@CPushable@@UAEHPAUentvars_s@@0MH@Z 10021bb3 f   func_break.obj
 0001:00020c00       ?MaxSpeed@CPushable@@QAEMXZ 10021c00 f i func_break.obj
 0001:00020c20       ?GetClassPtr@@YAPAVCBreakable@@PAV1@@Z 10021c20 f i func_break.obj
 0001:00020ce0       ?GetClassPtr@@YAPAVCPushable@@PAV1@@Z 10021ce0 f i func_break.obj
 0001:00020da0       ??0CBreakable@@QAE@XZ      10021da0 f i func_break.obj
 0001:00020dc0       ??0CPushable@@QAE@XZ       10021dc0 f i func_break.obj
 0001:00020de0       ?ObjectCaps@CPushable@@UAEHXZ 10021de0 f i func_break.obj
 0001:00020e00       ?ObjectCaps@CBreakable@@UAEHXZ 10021e00 f i func_break.obj
 0001:00020e20       ?Explodable@CBreakable@@QAEHXZ 10021e20 f i func_break.obj
 0001:00020e40       ?ExplosionMagnitude@CBreakable@@QAEHXZ 10021e40 f i func_break.obj
 0001:00020e60       ?ExplosionSetMagnitude@CBreakable@@QAEXH@Z 10021e60 f i func_break.obj
 0001:00020e80       ?Save@CFuncTank@@UAEHAAVCSave@@@Z 10021e80 f   func_tank.obj
 0001:00020eb9       ?Restore@CFuncTank@@UAEHAAVCRestore@@@Z 10021eb9 f   func_tank.obj
 0001:00020fa7       ?Spawn@CFuncTank@@UAEXXZ   10021fa7 f   func_tank.obj
 0001:000210de       ?Precache@CFuncTank@@UAEXXZ 100220de f   func_tank.obj
 0001:0002116f       ?KeyValue@CFuncTank@@UAEXPAUKeyValueData_s@@@Z 1002216f f   func_tank.obj
 0001:000216a8       ?OnControls@CFuncTank@@UAEHPAUentvars_s@@@Z 100226a8 f   func_tank.obj
 0001:00021723       ?StartControl@CFuncTank@@QAEHPAVCBasePlayer@@@Z 10022723 f   func_tank.obj
 0001:00021841       ?StopControl@CFuncTank@@QAEXXZ 10022841 f   func_tank.obj
 0001:000218fc       ?ControllerPostFrame@CFuncTank@@QAEXXZ 100228fc f   func_tank.obj
 0001:000219fe       ?Use@CFuncTank@@UAEXPAVCBaseEntity@@0W4USE_TYPE@@M@Z 100229fe f   func_tank.obj
 0001:00021abe       ?FindTarget@CFuncTank@@QAEPAUedict_s@@PAU2@@Z 10022abe f   func_tank.obj
 0001:00021ace       ?InRange@CFuncTank@@QAEHM@Z 10022ace f   func_tank.obj
 0001:00021b24       ?Think@CFuncTank@@UAEXXZ   10022b24 f   func_tank.obj
 0001:00021bb3       ?TrackTarget@CFuncTank@@QAEXXZ 10022bb3 f   func_tank.obj
 0001:00022333       ?AdjustAnglesForBarrel@CFuncTank@@QAEXAAVVector@@M@Z 10023333 f   func_tank.obj
 0001:00022463       ?Fire@CFuncTank@@UAEXABVVector@@0PAUentvars_s@@@Z 10023463 f   func_tank.obj
 0001:00022609       ?TankTrace@CFuncTank@@QAEXABVVector@@00AAUTraceResult@@@Z 10023609 f   func_tank.obj
 0001:00022753       ?StartRotSound@CFuncTank@@QAEXXZ 10023753 f   func_tank.obj
 0001:000227d5       ?StopRotSound@CFuncTank@@QAEXXZ 100237d5 f   func_tank.obj
 0001:0002283d       _func_tank                 1002383d f   func_tank.obj
 0001:0002284e       ?Fire@CFuncTankGun@@UAEXABVVector@@0PAUentvars_s@@@Z 1002384e f   func_tank.obj
 0001:00022a41       _func_tanklaser            10023a41 f   func_tank.obj
 0001:00022a52       ?Save@CFuncTankLaser@@UAEHAAVCSave@@@Z 10023a52 f   func_tank.obj
 0001:00022a8b       ?Restore@CFuncTankLaser@@UAEHAAVCRestore@@@Z 10023a8b f   func_tank.obj
 0001:00022ac4       ?Activate@CFuncTankLaser@@UAEXXZ 10023ac4 f   func_tank.obj
 0001:00022b07       ?KeyValue@CFuncTankLaser@@UAEXPAUKeyValueData_s@@@Z 10023b07 f   func_tank.obj
 0001:00022b60       ?GetLaser@CFuncTankLaser@@QAEPAVCLaser@@XZ 10023b60 f   func_tank.obj
 0001:00022c1c       ?Think@CFuncTankLaser@@UAEXXZ 10023c1c f   func_tank.obj
 0001:00022c61       ?Fire@CFuncTankLaser@@UAEXABVVector@@0PAUentvars_s@@@Z 10023c61 f   func_tank.obj
 0001:00022de3       _func_tankrocket           10023de3 f   func_tank.obj
 0001:00022df4       ?Precache@CFuncTankRocket@@UAEXXZ 10023df4 f   func_tank.obj
 0001:00022e14       ?Fire@CFuncTankRocket@@UAEXABVVector@@0PAUentvars_s@@@Z 10023e14 f   func_tank.obj
 0001:00022ed8       _func_tankmortar           10023ed8 f   func_tank.obj
 0001:00022ee9       ?KeyValue@CFuncTankMortar@@UAEXPAUKeyValueData_s@@@Z 10023ee9 f   func_tank.obj
 0001:00022f41       ?Fire@CFuncTankMortar@@UAEXABVVector@@0PAUentvars_s@@@Z 10023f41 f   func_tank.obj
 0001:00023035       _func_tankcontrols         10024035 f   func_tank.obj
 0001:00023046       ?Save@CFuncTankControls@@UAEHAAVCSave@@@Z 10024046 f   func_tank.obj
 0001:0002307f       ?Restore@CFuncTankControls@@UAEHAAVCRestore@@@Z 1002407f f   func_tank.obj
 0001:000230b8       ?ObjectCaps@CFuncTankControls@@UAEHXZ 100240b8 f   func_tank.obj
 0001:000230cf       ?Use@CFuncTankControls@@UAEXPAVCBaseEntity@@0W4USE_TYPE@@M@Z 100240cf f   func_tank.obj
 0001:00023109       ?Think@CFuncTankControls@@UAEXXZ 10024109 f   func_tank.obj
 0001:000231c9       ?Spawn@CFuncTankControls@@UAEXXZ 100241c9 f   func_tank.obj
 0001:000232b0       ?IsActive@CFuncTank@@QAEHXZ 100242b0 f i func_tank.obj
 0001:000232d0       ?BarrelPosition@CFuncTank@@QAE?AVVector@@XZ 100242d0 f i func_tank.obj
 0001:000233a0       ?TankActivate@CFuncTank@@QAEXXZ 100243a0 f i func_tank.obj
 0001:00023400       ?TankDeactivate@CFuncTank@@QAEXXZ 10024400 f i func_tank.obj
 0001:00023440       ?CanFire@CFuncTank@@QAEHXZ 10024440 f i func_tank.obj
 0001:00023480       ?UTIL_MakeVectorsPrivate@@YAXABVVector@@PAM11@Z 10024480 f i func_tank.obj
 0001:000234b0       ??BVector@@QBEPBMXZ        100244b0 f i func_tank.obj
 0001:000234c0       ?SetScale@CSprite@@QAEXM@Z 100244c0 f i func_tank.obj
 0001:000234e0       ?AnimateAndDie@CSprite@@QAEXM@Z 100244e0 f i func_tank.obj
 0001:00023540       ?GetClassPtr@@YAPAVCFuncTankGun@@PAV1@@Z 10024540 f i func_tank.obj
 0001:00023600       ?GetClassPtr@@YAPAVCFuncTankLaser@@PAV1@@Z 10024600 f i func_tank.obj
 0001:000236c0       ?GetClassPtr@@YAPAVCFuncTankRocket@@PAV1@@Z 100246c0 f i func_tank.obj
 0001:00023780       ?GetClassPtr@@YAPAVCFuncTankMortar@@PAV1@@Z 10024780 f i func_tank.obj
 0001:00023840       ?GetClassPtr@@YAPAVCFuncTankControls@@PAV1@@Z 10024840 f i func_tank.obj
 0001:00023900       ??0CFuncTankGun@@QAE@XZ    10024900 f i func_tank.obj
 0001:00023920       ?UpdateTargetPosition@CFuncTank@@UAE?AVVector@@PAVCBaseEntity@@@Z 10024920 f i func_tank.obj
 0001:00023960       ?ObjectCaps@CFuncTank@@UAEHXZ 10024960 f i func_tank.obj
 0001:00023980       ??0CFuncTankLaser@@QAE@XZ  10024980 f i func_tank.obj
 0001:000239a0       ??0CFuncTankRocket@@QAE@XZ 100249a0 f i func_tank.obj
 0001:000239c0       ??0CFuncTankMortar@@QAE@XZ 100249c0 f i func_tank.obj
 0001:000239e0       ??0CFuncTankControls@@QAE@XZ 100249e0 f i func_tank.obj
 0001:00023a00       ??0CFuncTank@@QAE@XZ       10024a00 f i func_tank.obj
 0001:00023a50       ?GameDLLInit@@YAXXZ        10024a50 f   game.obj
 0001:00024980       ?CanHaveAmmo@CGameRules@@UAEHPAVCBasePlayer@@PBDH@Z 10025980 f   gamerules.obj
 0001:000249c4       ?GetPlayerSpawnSpot@CGameRules@@UAEPAUedict_s@@PAVCBasePlayer@@@Z 100259c4 f   gamerules.obj
 0001:00024ac5       ?CanHavePlayerItem@CGameRules@@UAEHPAVCBasePlayer@@PAVCBasePlayerItem@@@Z 10025ac5 f   gamerules.obj
 0001:00024b48       ?RefreshSkillData@CGameRules@@UAEXXZ 10025b48 f   gamerules.obj
 0001:000251df       ?InstallGameRules@@YAPAVCGameRules@@XZ 100261df f   gamerules.obj
 0001:00025390       ?pszAmmo1@CBasePlayerItem@@QAEPBDXZ 10026390 f i gamerules.obj
 0001:000253b0       ?iMaxAmmo1@CBasePlayerItem@@QAEHXZ 100263b0 f i gamerules.obj
 0001:000253d0       _weapon_gauss              100263d0 f   gauss.obj
 0001:000253e1       ?GetFullChargeTime@CGauss@@QAEMXZ 100263e1 f   gauss.obj
 0001:0002540e       ?Spawn@CGauss@@UAEXXZ      1002640e f   gauss.obj
 0001:00025490       ?Precache@CGauss@@UAEXXZ   10026490 f   gauss.obj
 0001:00025592       ?AddToPlayer@CGauss@@UAEHPAVCBasePlayer@@@Z 10026592 f   gauss.obj
 0001:000255e7       ?GetItemInfo@CGauss@@UAEHPAUItemInfo@@@Z 100265e7 f   gauss.obj
 0001:00025680       ?Deploy@CGauss@@UAEHXZ     10026680 f   gauss.obj
 0001:000256b8       ?Holster@CGauss@@UAEXH@Z   100266b8 f   gauss.obj
 0001:0002574c       ?PrimaryAttack@CGauss@@UAEXXZ 1002674c f   gauss.obj
 0001:00025876       ?SecondaryAttack@CGauss@@UAEXXZ 10026876 f   gauss.obj
 0001:00025e87       ?StartFire@CGauss@@QAEXXZ  10026e87 f   gauss.obj
 0001:0002606d       ?Fire@CGauss@@QAEXVVector@@0M@Z 1002706d f   gauss.obj
 0001:000267a3       ?WeaponIdle@CGauss@@UAEXXZ 100277a3 f   gauss.obj
 0001:00026a04       _ammo_gaussclip            10027a04 f   gauss.obj
 0001:00026a20       ?VARS@@YAPAUentvars_s@@H@Z 10027a20 f i gauss.obj
 0001:00026a40       ?GetClassPtr@@YAPAVCGauss@@PAV1@@Z 10027a40 f i gauss.obj
 0001:00026b00       ?GetClassPtr@@YAPAVCGaussAmmo@@PAV1@@Z 10027b00 f i gauss.obj
 0001:00026bc0       ??0CGauss@@QAE@XZ          10027bc0 f i gauss.obj
 0001:00026be0       ??0CGaussAmmo@@QAE@XZ      10027be0 f i gauss.obj
 0001:00026c00       ?Spawn@CGaussAmmo@@EAEXXZ  10027c00 f i gauss.obj
 0001:00026c70       ?Precache@CGaussAmmo@@EAEXXZ 10027c70 f i gauss.obj
 0001:00026ca0       ?AddAmmo@CGaussAmmo@@EAEHPAVCBaseEntity@@@Z 10027ca0 f i gauss.obj
 0001:00026d00       ?iItemSlot@CGauss@@UAEHXZ  10027d00 f i gauss.obj
 0001:00026d10       ?UseDecrement@CGauss@@UAEHXZ 10027d10 f i gauss.obj
 0001:00026d20       _grenade                   10027d20 f   ggrenade.obj
 0001:00026d31       ?Explode@CGrenade@@QAEXVVector@@0@Z 10027d31 f   ggrenade.obj
 0001:00026da3       ?Explode@CGrenade@@QAEXPAUTraceResult@@H@Z 10027da3 f   ggrenade.obj
 0001:00027162       ?Smoke@CGrenade@@QAEXXZ    10028162 f   ggrenade.obj
 0001:000272b5       ?Killed@CGrenade@@UAEXPAUentvars_s@@H@Z 100282b5 f   ggrenade.obj
 0001:000272ca       ?DetonateUse@CGrenade@@QAEXPAVCBaseEntity@@0W4USE_TYPE@@M@Z 100282ca f   ggrenade.obj
 0001:000272f4       ?PreDetonate@CGrenade@@QAEXXZ 100282f4 f   ggrenade.obj
 0001:00027340       ?Detonate@CGrenade@@QAEXXZ 10028340 f   ggrenade.obj
 0001:000273e1       ?ExplodeTouch@CGrenade@@QAEXPAVCBaseEntity@@@Z 100283e1 f   ggrenade.obj
 0001:000274d5       ?DangerSoundThink@CGrenade@@QAEXXZ 100284d5 f   ggrenade.obj
 0001:000275ae       ?BounceTouch@CGrenade@@QAEXPAVCBaseEntity@@@Z 100285ae f   ggrenade.obj
 0001:00027868       ?SlideTouch@CGrenade@@QAEXPAVCBaseEntity@@@Z 10028868 f   ggrenade.obj
 0001:0002790a       ?BounceSound@CGrenade@@UAEXXZ 1002890a f   ggrenade.obj
 0001:000279ba       ?TumbleThink@CGrenade@@QAEXXZ 100289ba f   ggrenade.obj
 0001:00027af8       ?Spawn@CGrenade@@UAEXXZ    10028af8 f   ggrenade.obj
 0001:00027ba6       ?ShootContact@CGrenade@@SAPAV1@PAUentvars_s@@VVector@@1@Z 10028ba6 f   ggrenade.obj
[...]
FIXUPS: 2e76d 1f 62 15 1a 1c 1c 3000 c4 b6 8c 21 2f b 3b 21 23 c4 b6 8c
FIXUPS: 31d5c 2f b 3b 24 23 c1 b6 89 21 22 b 3b 1e 23 c1 ac 89 21 ffffed02
FIXUPS: 31031 1a 92 34 9e 8c 22 a 24 36 1a 95 34 75 29 89 28 a 2e b 3b
FIXUPS: 31592 23 b8 92 89 21 22 b 3b 21 fffff039 34 15 104 6 1a 4d 32 13
FIXUPS: 30a8b 34 15 40 37 34 15 67 34 15 7a 21 34 6 22 b 3b 21 23 c1 a9
FIXUPS: 30fb8 21 fffff4d0 55290 e fffaadd8 f 9 17 1b 551f0 e fffaae78 f
FIXUPS: 305f7 17 1b 55150 e fffaaf18 f 9 17 1b 550b0 e fffaaf94 20 34 15
FIXUPS: 3080d 6 12 6 fffff934 f 9 17 1b 55510 e fffaab58 f 9 17 1b 55470
FIXUPS: 856e7 fffaabf8 f 9 17 1b 553d0 e fffaac98 f 9 17 1b 55330 e fffaad38
FIXUPS: 3046e 9 17 fffff940 1b 55830 e fffaa838 f 9 17 1b 55790 e fffaa8d8
FIXUPS: 2ff2e 9 17 1b 556f0 e fffaa978 f 9 17 1b 55650 e fffaaa18 f 9 17
FIXUPS: 300e9 555b0 e fffaa445 d d d d d d d d d d d d d 36 54 f 9 17 1b
FIXUPS: 855d9 e fffaa6f8 f 9 17 1b 558d0 e fffaa798 f 9 fffff8f6 11 af
FIXUPS: 2f787 15 d d5 6 13 13 15 11 11 11 11 11 11 11 5f d d d d d d d
FIXUPS: 2fa2f 29 31 17 32 d 2f1f 9 17 1b 52da0 e fffad2a4 20 ffffc6bd 1d
FIXUPS: 2f198 21 5c 28 28 28 75 5d 1a 15 d 56 6c 77 5c 17 5f 79 9 52 11
FIXUPS: 2f69c 2e3f bd bc 11 1f 2c 33 16 16 21 e 21 e 21 e 1f 27 27 23 1e
FIXUPS: 3286a 32 32 1d 44 f 9 17 1b 52e40 e fffad228 1e18 17 1b 51100 e
FIXUPS: 3488b 20 20 20 20 20 20 20 20 20 20 20 20 20 20 ffffd91d 18 20
FIXUPS: 323b9 20 20 13 29 13 2c 35 1f 533d1 e fffaec48 f 9 17 1b 51380
FIXUPS: 858c7 fffaece8 f 9 17 1b 512e0 e fffaed88 f 9 17 1b 51240 e fffaee28
FIXUPS: 3473e 9 1a 1b 5119d e fffaeec8 f fffff940 9 17 1b 516a0 e fffae9c8
FIXUPS: 341fe 9 1a 1b 515fd e fffaea68 f 9 17 1b 51560 e fffaeb08 f 9 17
FIXUPS: 343b9 514c0 e fffaeba8 f 9 17 1b fffff4d7 15 23 50 2c 88 e 12 a0
FIXUPS: 33b69 12 22 1d 36 3c 17 9 25 d 66 150 108 a 2e fb f 9 17 1b 51740
FIXUPS: 85807 fffae928 fffff4a8 18 30 1e 43 3f 3a 35 15 18 91 8 d 15 14
FIXUPS: 33833 8 19 27 a a 9 8 14 8 d b c 22 18 21 8 fffff814 1f 13 26 13
FIXUPS: 33216 19 62 1b 8 d 1c 53 38 15 18 e 17 12 8 d 15 18 20 19 20 1e
FIXUPS: 334c2 3d 3a 35 29 fffff818 18 20 19 20 20 13 29 13 29 13 29 13
FIXUPS: 32f30 19 47 19 47 13 29 13 26 13 26 13 21 19 e c d 1f 11 22af 1b
FIXUPS: 85979 e fffafad4 20 20 ffffd634 20 19 20 59 20 18 26 2c 4c 12 10
FIXUPS: 32c8d 1c 13 c 18 19 20 c 9 16 9 1e 18 2185 64 13 20 7 10 a 18 18
FIXUPS: 34fff 50 1a 9d 121 10 17 13 12 13 6 14 1d 42 f 9 1a 1b 5060d e
FIXUPS: 353bf f 9 fb7 33 15 87 9 25 33 33 15 81 9 ffffe4d8 18 20 19 20
FIXUPS: 34af7 40 40 13 29 13 29 13 58 9c c8 27 4b 26 6c 9 10b1 4fa1d e
FIXUPS: 35fef f 9 17 1b 4f980 e fffb06e8 f 9 17 1b 4f8e0 e fffb0788 f 9
FIXUPS: 3619e 1b 4f840 e fffb0804 20 33 33 15 84 9 28 fffff7c8 17 25 b5
FIXUPS: 35c65 22 6 1a b 17 29 7 b f 38 13 14 14 3c 2c 2f 5 6c 1c 11 11
FIXUPS: 35edd 11 41 f 9 1a c21 7 5 3e 7 5 ffffe8e0 11 83 2c 1d8 1a 4c 100
FIXUPS: 358dd 17 9 8 58 b e e 14 55 b e e 17 50 53 26 17 495e 2a 61 3c
FIXUPS: 3a593 4f 15 14 10 39 57 20 60 13 da 213 13 ffffbc39 16 37 38 4e
FIXUPS: 36763 69 5d 37 c 21 20 f 141 d8 309f 13 9c f 13 1d f 13 13 22 25
FIXUPS: 39d09 33 55 cf ca 12e 117 f 15 13 11 52 31 17 18 d 14 7b 24 10e
FIXUPS: 3a450 ffffeeae 13 2e 11 13 13 2e 10 21 6 1c 9 18 9 53 48 61 5c
FIXUPS: 39590 5f 87 8a 64 44 4c 12 a6 1c 2b 1d 79 1c fffff4db b5 22 22
FIXUPS: 38f9b 18 6 2e 1d 36 1d 13 2e 11 13 13 2d 3a 1d 13 32 21 17 2d 14
FIXUPS: 39224 13 2c 17 17 2e 22 fffff77f 3c b 6 1e 70 d 1b 3f 9 21 20 59
FIXUPS: 38c6c 1c 16 1c 16 15 1c 16 1c 16 1c 16 1c 16 1c 13 1c 13 1c fffff698
FIXUPS: 384e6 27 13 f d 12a 13 a0 3b 16 35 1b 2f 1b 1b 1b 2f 1b 2f 1b 2f
FIXUPS: 38918 2f 18 1b 18 2f 14 b 6 1e fffff5cd 13 13 2d 5d 78 b d 1a fe
FIXUPS: 382e0 12 12 12 12 12 12 f f f f f f f f 23 10 13 2d 27 13 27 fffff686
FIXUPS: 37b3f 1a 10 8c b 19 1d 13 2d d 13 13 2e 1a 10 b 6 47 9 30 18 11
FIXUPS: 37ddc 69 c d6 26 19 1d 13 2e fffff419 7d 82 34 b 19 3a 34 2e 38
FIXUPS: 37621 3b 2e 2b b5 7f 4f 35 33 31 10 2d 37 38 5f 10 83 d a 2a 15
FIXUPS: 37aec 3bbf ffffb5a9 5 f f 12 a 5 f f 12 3f 28 b 67 67 31 5 23 20
FIXUPS: 36e96 d3 7f e2 82 34 b 19 3a 34 ca e8 3ec3 1f 7 9 43 d 29 1f 4a
FIXUPS: 3b3ae 20 11 74 20 24 22 10 46 f 9 17 1b 4a4c0 e fffb5ba8 f 9 17
FIXUPS: 3b619 4a420 e fffb5c24 fffff7cd 18 d 34 f 6c 9 c 21 13 ea 3a 46
FIXUPS: 3b0c8 8 1f 9 1e 9 f 2b d 5e 9 13 44 9 1e 9 17 b 9 60c6 26 20 ffffa340
FIXUPS: 3b706 3c fffff316 18 20 19 20 1e 13 21 24 20 19 20 12 1d 35 41
FIXUPS: 3aca8 63 2b f 10 21 4e f 10 21 4ad23 fffbb488 f 9 1a 1b 44b3d e
FIXUPS: 4106f f 9 1a 1b 44a9d e fffbb5a4 20 40 20 20 e e 24 20 b b 2a 20
FIXUPS: 4128b 20 30 20 fffff90c 1a 1b 44e5d e fffbb208 f 9 1a 1b 44dbd
FIXUPS: 85ac7 fffbb2a8 f 9 1a 1b 44d1d e fffbb348 f 9 17 1b 44c80 e fffbb3e8
FIXUPS: 40efe 9 1a 1b 44bdd fffbab61 b 8 1b 11 3d 94 c1 39 28 1a 2f e 26
FIXUPS: 409fb 8 6c f 9 1a 1b 44f9d e fffbb0c8 f 9 17 1b 44f00 e fffbb168
FIXUPS: 40bfe fffff478 13 24 37 10 45 11 13 11 b8 4f 13 2e 3a 30 56 18
FIXUPS: 403ae 19 20 45 28 fa 2a 7 13 d 5c e 11 46 7 fffff3d8 8 ec 37 9
FIXUPS: 3fb89 9 10 b 13 18 19 16 2d 13 9a 8 a 3b 1e 89 8 a 3b 1e 122 26
FIXUPS: 3ffc9 9 d 3c 24 fffff406 19 20 17 2d 29 54 44 57 29 40 3d 38 63
FIXUPS: 3f72a 14 28 f 14 28 f 28 9 6d 7 9 e e 17 e 70 117 fffff21b 30 23
FIXUPS: 3ecab 8f 25 7 1f 7 55 3a 1f 10 a8 28 80 33 19 a4 1f0 37 f 15 10
FIXUPS: 3f320 15 9 52 33 19 31 18 fffff29f d 12 14 15 b0 9 21 9 c1 3b 9
FIXUPS: 3e90a 2c 3e 9 29 b 13 19 1a a1 9 31 35 18 24 1c a 64 26 24 fffff2cc
FIXUPS: 3df44 79 47 10 15 42 34 7 31 43 1b 28 9 d c 15 15 72 25 a6 b 6b
FIXUPS: 3e367 48 b ab 114 10 1c 51 82 fffff14a 29 13 29 13 2c 13 47 13
FIXUPS: 3d8f7 99 22 72 7 7 fb 42 5e 2c d 98 bd 32 9 42 6 53 9 b 39 9 39
FIXUPS: 3d21f b 36 6 48 9 63 7 13 b 8 4a 9 52 7 10 d 15 9f aa 32 19 46
FIXUPS: 3d61f ca 20 19 20 12 1f 13 29 fffff35a 9 20 65 18 20 19 20 1e 13
FIXUPS: 3cc5d a2 c5 9 4e a5 6 47 9 7f 6 47 9 17 5a 6 47 9 de 68 7 13 fffff2ed
FIXUPS: 3c540 9 48 9 5e 9 3a 8 41 9 48 9 e1 9 45 18 20 19 20 31 41 13 71
FIXUPS: 3c9b0 8 13 2e 13 56 2e 13 ffffee77 29 13 8 26 13 24 512 a9 28 28
FIXUPS: 3c0cd 1e 16 1d 1c 2f 1d b a 6a 19 9 17 19 9 d0 29 af ac 9 3a f870
FIXUPS: 4bd7e 1b 39e60 e fffc6208 f 9 17 1b 39dc0 e fffc6284 30 20 30 20
FIXUPS: 4bf6b fffef824 20 19 20 1e 13 2c 13 29 13 2c 13 2c 13 ffdc 6 15b
FIXUPS: 4ba5e 9 17 1b 3a0e0 e fffc5f88 f 9 17 1b 3a040 e fffc6028 f 9 1a
FIXUPS: 4bc1c 39f9d e fffc60c8 f 9 17 1b 39f00 e fffc6168 f fffff532 17
FIXUPS: 4b2b4 d d d d d d d d d d d d 11c f 2f 102 13 d d 7a 9e 12 38 20
FIXUPS: 4b7a6 25 13 9 ad fffff3e0 13 12 20 13 12 1d 13 12 18 20 9 c 15
FIXUPS: 4ad8d 4b b b 41 4f 8d f 27 7 a 40 1b 6a 15d 5f 40 30 fffff4c5 2c
FIXUPS: 4a74b 1c 7 21 6 18 1d 15 2e 15 77 75 48 65 13 24 12 2b 73 79 5b
FIXUPS: 4ab8c 12 18 20 19 20 20 13 12 fffff41a a 9a 42 8 2d 35 b3 7 24
FIXUPS: 4a2c3 8 1c 8 2e 7 39 10 a4 4c 7 43 16 9 4c 25 a1 64 58 34 22 13
FIXUPS: 4991d 1c 29 6f 94 b2 ae 6 15 29 1e 46 9 144 1f 7 2f 9e 1b 1d 45
FIXUPS: 49f31 6 15 2e 8 32 3e 7 6 49 16 ffffedaa 45 14b 98 c 28 69 c7 8c
FIXUPS: 49301 37 56 19 b 2a 59 3c 77 1a 27 36 20 14 6c 1e 58 14 1b cc 50
FIXUPS: 49820 46 ffffef7d 36 c 1a 13 9 12 13 17 c 5f 2e 2e 21 2a b 17 16
FIXUPS: 48a01 30 7 29 6 1a 1e e 149 45 d0 36 23 36 fffff6a9 19 b 3f 10
FIXUPS: 484c6 10 10 10 10 10 10 10 10 10 10 10 10 10 10 10 10 10 10 10
FIXUPS: 48606 10 22 14 3d 67 46 fffff7a7 23 7 20 6 1c 10 86 9 34 69 9 34
FIXUPS: 48182 8 7b 33 c a 31 13 1d 23 7 20 6 31 15 e 43 7b 6 fffff6e6 9
FIXUPS: 47b20 12 14 1e 15 2d 13 10 14 c 18 e 4b 3d 10 41 4d 18 2d 13 10
FIXUPS: 47dae 62 2b 36 f d 18 f f fffff27b 14 38 1cb 79 3a 20 26 23 45
FIXUPS: 474cd e d 22 aa 18 d 1c 18 d 15 28 1e 12 5 af e3 44 dd 114 10 41
FIXUPS: 46bc2 1f 15 f 12 1b 17 2a 26 13 9 b 9 24 22 13 f 27 f 12 1e 16
FIXUPS: 46f50 1c 91 79 29 39 18 d 1c 18 fffff10f 68 b2 62 1d 41 2d 21 8
FIXUPS: 46526 a 36 9 20 b 38 53 12 5c 4e 1b a e b 377 43 27 f 1d f 61 11
FIXUPS: 4538b 92 83 17 6 20 6 76 fe 182 8b 123 d 9f 6 1de f5 40 7c c7 18
FIXUPS: 45eba 9 17 9 b8 1c 194 6 9 4e 5 ffffe962 61 f3 e b 74 b 1d 8d 18
FIXUPS: 44dd0 1a 19 13 22 1b4 6 117 ba 23 1d 1d 1d 1d 1d 1d 1d 14 18 18
FIXUPS: 45335 c fffff27a 78 30 b 6 1e 70 2f 9b 1c 1b b 25 6 27 1a 10 9
FIXUPS: 448a2 10 20 14 2e 6 1a 52 1a 91 21 3d 22 21 fffff4f9 21 4d a7 6
FIXUPS: 44123 9 1e 16 1b 45 15 a 2b e 27 6f 9 e3 9 18 8 8 8 7c d 3c 17
FIXUPS: 444c1 38 2b 3c fffff3ba b af 4e e 24 1e 31 91 e0 a0 3f 15 f 2f
FIXUPS: 43d72 19 13 b d f 12 14 16 13 1c a b e b e1 6e fffff41f c 10 c
FIXUPS: 43404 c 10 c 10 c 10 c 10 c 90 9 43 9 13d b 42 7a 6f 9 22 9 22
FIXUPS: 43837 22 9 4f b fffff295 9 14 a a0 24 32 71 7f 32 1f 5b a4 1c9
FIXUPS: 430c7 29 13 16 f 87 3e 13 16 f 5e 18 28 28 1b 46 64 c ffffed67
FIXUPS: 42136 36 30 13 33 2e 30 30 31 77 14 5f 2f 35 57 16 3c 16 5d 269
FIXUPS: 42799 be 3a 2e 29 21 16d 8e 1e 21 8 ffffeeb4 c5 1c 7 18 10 6 1c
FIXUPS: 41b57 5 19 24 a1 25 a c 12 56 a 81 a ba a 2f c8 1a 4a 21 6 16 9
FIXUPS: 420f2 9f86 1a 1a 203 19a 18d 175 3f 110 ffff4e00 4e 9 32 9 22 9
FIXUPS: 417ae 21 34 24 1d ce 9 22 9 22 9 14 9 1e 17 1f b104 da 14 1f 14
FIXUPS: 4cc27 14 e8 14 1f 14 20 14 157 c 90 16 f 5f 2b4 45 41 16a c 16
FIXUPS: 4d4e7 7f 4e 1d ffffe9f1 56 46 79c6 2c 58 21 53 26 3d 5 13 7 5 53
FIXUPS: 53bfb 9 21 5 47 417 ee 5 ffff8743 38 14 1f 14 20 14 fa 14 1f 14
FIXUPS: 4cad2 6431 85 16 9 19e 55 46 5d 65 161 a9 1fd 37 2b 26 5 27 e 6f
FIXUPS: 537f2 5 33 73 5b a a 21 6f 58 9 1d 5 ffffe7e2 31 53 1c 61 14 53
FIXUPS: 523d3 143 13 51 38 14 7f 65 3e 6f 24d 42 9 28 86 6a 19 1a 11 99
FIXUPS: 52c11 82 70 49 1f ffffdf36 e5 55 1ec f1 2f 14 74 42 f1 3dd e4 254
FIXUPS: 519bf 17 36 6c fc cc 43 1e 42 f 41 50 2c 3e 2ab cd 29 47 1b ffffd203
FIXUPS: 4f4a6 10b 50 1f1 14 99 4a 44 6c 19e 13f 21a 3e8 3b 98 75 47 a6
FIXUPS: 50552 51 14 69 3b 2e 56 272 2b 137 100 7d 1e 40b8 73 9 ffff88b5
FIXUPS: 4d665 2b 73 14 33 14 20 c4 82 62 3a 84 c4 1f 54 103 930 20 50 e
FIXUPS: 4e655 20a 268 3a 426 8c 25a 169 53f7 e 11 4a 47 44 a6 40 1b 41
FIXUPS: 549ac 15 31 e2 3b f 9 1a 1b 310dd e fffcef88 f 9 17 1b 31040 e
FIXUPS: 54c6b 20 33 33 16f8 2f8f0 e fffd0754 20 20 20 33 33 15 9b 9 ffffdbde
FIXUPS: 541a9 b1 1a 9c 22 119 39 31 174 9 78 22 6 24 14 9 8 39 b 195a 13
FIXUPS: 560e3 d a 19 13 39 f 9 1a 1b 2facd e fffd0598 f 9 17 1b 2fa30 e
FIXUPS: 562df f 9 1a 1b 2f98d e fffd06d8 f 9 17 fffff7f3 bb 15 1a 1c 1c
FIXUPS: 55d0d 7 7 9 2b e 5 1b 22 18 16 54 2e 17 33 68 24 13 4b 43 32 2c
FIXUPS: 56061 1b 24 11 fffff53c 7 35 1d 19 b 5 16 31 7 60 9 22 7 25 7 3f
FIXUPS: 557d2 57 57 5 2e e 1f 6f 53 4d d e9 1a 58 1f fffff468 58 1b f d
FIXUPS: 55086 56 34 9e 6 f 95 9 10 16 c9 8 8 12 32 23 22 36 19 f 24 62
FIXUPS: 554fd 50 25 7 43 1db9 1f 26 f 10 20 10 e 48 f 9 1a 1b 2e84d e fffd1818
FIXUPS: 5752e 9 1a 1b 2e7ad e fffd1894 20 ffffd7ed 11 10 a2 23 a4 10 16
FIXUPS: 56da4 1a 1f 35 1f 12 68 9 9e 24 25 1d 53 14 14 2b 3f 28 7 9 b f
FIXUPS: 570fe 8e 3e 14 21 60 33 a9 8 14 fffff2e6 4c 24 18 d 19 9c 2b c
FIXUPS: 567d2 13 10 2a 30 3c 25 1b 39 42 30 fd 9 22 9 22 9 13 41 1c af
FIXUPS: 56c13 5b 16b4 15 e4 9 15 2d 22 2d 1d 35 38 f 9 1a 1b 2d7ad e fffd28b8
FIXUPS: 5860e 9 17 1b 2d710 e fffd2934 20 33 33 15 73 9 ffffde66 17b2 9
FIXUPS: 57ddb 54 b e e 14 55 b e e 17 49 53 4f 17 26 70 47 1a 14 14 29
FIXUPS: 581ad 9 38 9 1c 14 91 61 72f 66 ffffeb6a 61 22 f9 1a e5 41 f8 17
FIXUPS: 579ec 8 54 b e e 14 55 b e e 17 49 53 4f 17 26 19 63 d2 27 40a8
FIXUPS: 5be7c 73 f 9 1a 1b 29e3d e fffd6228 f 9 17 1b 29da0 e fffd62c8
FIXUPS: 5c07e 9 17 1b 29d00 e fffd6344 20 20 20 20 ffffc9cf fffffca1 11
FIXUPS: 589d0 28ce 2f 4c 95 5c 58 44 c 1a 21 77 10 240 6f 66 9 28 9 46
FIXUPS: 5b912 54 18 20 19 20 49 10 260 9 35 9 171 ffffebb2 10 12 2f 1e
FIXUPS: 5aa7f 13 5a 6e 98 58 2a 25 41 47 2a 82 4d 1b 15 10 35 dd 75 75
FIXUPS: 5b117 4f 14 20 49 42 47 fffff066 15 9 15 17 4b 10 49 10 40 36 e
FIXUPS: 5a61b 10 15 10 111 13 10 1b 10 5d 43 32 2b 32 33 2b 26 33 37 19
FIXUPS: 59e7f 13 3c 13 76 13 5e 13 5b 13 56 12 18 20 19 20 1e 13 24 13
FIXUPS: 5a1b5 1f 9 18 9 8 8 d 13 2f 19 3f ffffef9a 41 1af 9 46 22b 15e
FIXUPS: 5984d 9 18e 9 45 9 b 43 9 3e 13 29 13 52 13 52 13 7b 13 7b 13 5e
FIXUPS: 59d76 7b 13 25a8 1b 111 c9 57 175 52 f 9 1a 1b 295cd e fffd6a74
FIXUPS: 5c870 2b ffffc30d 18 20 19 20 c2 10 136 10 28 7e 9 175 9 123 9
FIXUPS: 5e1f0 2d 22 2d 1d 66 f 9 1a 1b 27abd e fffd85a8 f 9 1a 1b 27a1d
FIXUPS: 85e27 fffd8624 e e 34 ffffe4c3 29 3b c2 fffff724 106 ac 36 11 1924
FIXUPS: 5dcce 30 12 ab 9 50 b 8 53 1c 7 d 33 10 1b 10 6 3e 46 e 1f 37 7
FIXUPS: 5e06d 9 29 9 66 17 30 7c fffff435 8b 58 c 17 c0 29 1c 26 12 10
FIXUPS: 5d871 29 20 9 b4 20 9 1d 20 9 d 20 9 1e 1d 28 5f 15 9c 107 9 fffff30b
FIXUPS: 5cfc4 31 9 47 15 55 9f b3 8 15 16 23 14 15 5d 78 9 21 53 19 49
FIXUPS: 5d455 20 2d 46 24 7 45 2f 12 66 1e28 17 1b 26a20 e fffd9624 20
FIXUPS: 5cae8 18 20 19 20 34 1f 8e 24 15 d 19 fd 12 25 fa 9 1e 25 11 23
FIXUPS: 5cf5a 29 e 12 1ffe c 18 9 8 3b ec 3c 29 79 9 19 9 8 d 13 61 f 9
FIXUPS: 5f2be 1b 26b60 e fffd9508 f 9 17 1b 26ac0 e fffd95a8 f fffff6fa
FIXUPS: 5eb38 c 15 29 c 15 24 77 21 c 24 20 19 20 1e 13 2c 13 29 3d 13
FIXUPS: 5edf2 3a c 18 9 8 3b 3b 72 10 fffff5cf 11 11 1d 3b 25 92 13 45
FIXUPS: 5e6e0 20 19 20 1e 13 26 35 1f 34 42 f 12 7e 20 33 9f 72 f 10 9
FIXUPS: 5eaca 1a 14de 13 2e 30 4e 44 c 9 15 6 37 2a a 6d 8c 28 4d d4 b3
FIXUPS: 60493 100 1a 4b 1e 39 42 ad 2d 65 e ffffdd1c 1d 155d 20 38 b 10
FIXUPS: 5fb26 4b 10 e 51 3e 9 4a 1a 2e 2a 3b 21 95 2b 1c 32 2c 13 43 1d
FIXUPS: 5ff1c 13 1e 13 36 13 5dd2 ffff9772 2e 14 2c a 52 1c f 27 36 11
FIXUPS: 5f698 ad 32 33 43 1e 2a 24 10 30 2c d 68 18 47 8 11 6a d 29 26755
FIXUPS: 6599b 20 20 20 20 20 20 20 20 20 20 20 20 20 20 20 20 20 20 20
FIXUPS: 65c1b 20 20 20 20 20 20 20 20 20 20 fffff8bc 1a 1b 20acd e fffdf598
FIXUPS: 656ce 9 1a 1b 20a2d e fffdf638 f 9 1a 1b 2098d e fffdf6d8 f 9 17
FIXUPS: 65889 208f0 e fffdf778 f 9 1a 1b 2084d fffffee0 e fffdf278 f 9
FIXUPS: 65331 1b 20d4d e fffdf318 f 9 1a 1b 20cad e fffdf3b8 f 9 1a 1b
FIXUPS: 860d9 e fffdf458 f 9 1a 1b 20b6d e fffdf4f8 f fffff940 9 1a 1b
FIXUPS: 85ff9 e fffdeff8 f 9 1a 1b 20fcd e fffdf098 f 9 1a 1b 20f2d e fffdf138
FIXUPS: 6518e 9 17 1b 20e90 e fffdf1d8 f 9 17 1b fffff943 2138d e fffdecd8
FIXUPS: 64c4e 9 1a 1b 212ed e fffded78 f 9 1a 1b 2124d e fffdee18 f 9 1a
FIXUPS: 64e0c 211ad e fffdeeb8 f 9 17 1b 21110 e fffdef58 fffff940 f 9
FIXUPS: 648ae 1b 21610 e fffdea58 f 9 17 1b 21570 e fffdeaf8 f 9 1a 1b
FIXUPS: 85f19 e fffdeb98 f 9 17 1b 21430 e fffdec38 f 9 1a fffff633 10
FIXUPS: 64202 44 b a c 152 27 4c 99 c9 9 8 15 75 42 40 2c 7 7 66 33 21716
FIXUPS: 85e9f fffde920 f 9 17 1b 216b0 e fffddd84 c4 13 29 3d 13 29 13
FIXUPS: 63dfb 25 69 15 7c b 26 23 9 b2 d 68 21 9 2e 40 1a 14 28 20 7 c
FIXUPS: 641c6 17 fffff490 f 52 ae 14 1a 11 2c 17 28 30 23 6a 30 17 8a 21
FIXUPS: 63a10 12 14 53 18 20 19 20 1e 35 3f 4e 18 20 19 fffff2f9 4f 14
FIXUPS: 6300a b7 1a 2c 19 23 f 25 1a e 9 1a 5e 18 be 2d 18 20 19 6c 99
FIXUPS: 6348c 47 28 c 26 9c 80 f fffff3d0 42 72 6 1a 18 13 19 f 1e c 6d
FIXUPS: 62bfb 6a 22 1a 1c 3c 59 18 f 10 1d 13 1f 31 28 17 14 9 1a 30 fffff60f
FIXUPS: 62507 50 3d 63 9 13 18 20 19 20 1e 13 35 23 13 34 23 3d 13 24 20
FIXUPS: 62836 33 19 35 2c 31 15 54 2a 65 fffff24b 7 3c 7 24 19 af f0 75
FIXUPS: 6203c 35 31 1a 1e 7d 13 42 1d 2d 36 38 9 15 12 9 42 b7 1f 17 9
FIXUPS: 624a3 9 fffff2c8 6c 30 6 16 13 1f 13 2a 77 5d 7 1b 1c 6 c 16 1c
FIXUPS: 61a87 25 8 8 8 8 6c 7 36 2a 53 14 9 f fffff5a4 c 1b 14 58 3b 40
FIXUPS: 612df 15 cc 1f 10 47 60 13 32 13 8 26 13 24 12 11 18 b 3f 2d 3e
FIXUPS: 616d4 50 28 15 fffff388 66 1a 1c 13 18 20 19 20 20 13 54 2d 1c
FIXUPS: 60cee 18 20 19 20 26 13 3e 35 1b9 7b 26 43 d 4d 2d 5b 1d 61f0 1a
FIXUPS: 673cc 1ee0d e fffe1234 e e e e 28 41 13 33 13 ffff9323 18 20 19
FIXUPS: 608a9 42 80 13 27 12 18 20 19 20 20 3a 13 64b9 8 16 1a 10 a 3e
FIXUPS: 67009 37 c e 19 10 b 51 3a 17 25 27 70 22 2d 1d 67 f 9 1a 1b 1eead
FIXUPS: 861c7 fffe11b8 f fffff5ae 1b 15 4a 96 1c 3c 5c 9 1a 8 10 1d 13
FIXUPS: 66b83 13 6 11 10 66 55 38 15 d 34 de 12 a9 9 64 6 2a fffff66c 4b
FIXUPS: 6661e 13 24 6f 7 19 9 d 1a 16 26 29 18 18 f 1a f f 23 16 13 1c
FIXUPS: 66877 1f 17 f 12 17 27 1b fffff7f4 11 40 20 16 1b 16 6 aa 15 11
FIXUPS: 662db 3d 9 19 9 83 1b 18 15 18 1e 9 19 9 2c 19 b 3c 72 e 24 4cf6
FIXUPS: 6b2a3 f 17 23 26 1c 20 3f 59 44 7b 38 24 ffffa897 18 20 19 20 4b
FIXUPS: 65e99 27 18 d 19 cb 9 20 9 27 3b 13 4ab4 10 1b 2b e 64 40 15 9a
FIXUPS: 6adf1 33 6d 12 2c 12 2c 43 12 c c 19 12 a7 b4 18 c 19 13 f 9d 35
FIXUPS: 6b26c fffff0de 2e 1f 42 13 5c 59 20 27 6e 99 3f 7d 55 2c 2c a9
FIXUPS: 6a82e 2d 2a 23 c 39 2c 2c 2c 2e 2c 29 29 9b e fffff275 21 c 16
FIXUPS: 69d8a 1bb 37 7f 57 23 24 24 17 8 13 49 25 13 4b 1f 3b 13 21 20
FIXUPS: 6a27c 3d 9 10 10 17 8 13 fffff24d 2b 3c 98 3e 8d d7 9 19 f 1c 40
FIXUPS: 698d6 7 9 1a 16 a bd 36 4a b2 89 22 9 44 31 14 7 17 17 a fffff04a
FIXUPS: 68cf6 8 1e 29 f 10 b1 19 2f a b7 6d a 115 4b 13 2a 1f 5b 2f 6b
FIXUPS: 6930d 57 73 a 4a 34 a 52 a 4b fffff2c9 20 20 20 2f 10 4a 19 34
FIXUPS: 68918 29 9 2d 9 23 9 1a d 11 11 10 74 12 9 a 1a 17 a 45 9 67 f
FIXUPS: 6818f 17 14 11 11 44 10 ac 2f 13 2c 10 35 c 34 21 c1 23 23 2c 1b
FIXUPS: 6856c 30 5d 1d 1d 88 90 10 b 33 b fffff4e7 18 1a 10 1d 2d 10 20
FIXUPS: 67d61 1d 2e 22 7 5a 1d 18 1e 27 1e 86 1e 6b 15 36 59 9 8 34 f 10
FIXUPS: 68137 42 3c65 131 19 7 26 5d 2d ffffb5f2 23 2d 8 5 b 13 55 9 24
FIXUPS: 676e1 10 39 9 12 15 e 148 35 86 16 9 19 12b 16c 3d55 27 14 14 1c
FIXUPS: 6ba01 14 7 19 34 9d 32 7 1b 17 12 7 31 5e 7 18 23 20 1a 17 27 1d
FIXUPS: 6bd33 7 1b 7 6f 8dd 1e 1d c 34 ffffee91 f a 18 a 18 a 18 a f 143
FIXUPS: 6b79d 1d 7 11 11 27 e 43 7 1c 29 18 6b 1b 1d 10 4b1c 9 1a 1b 15d2d
FIXUPS: 86207 fffea314 ffffbbe5 2a f 29 8c 25 27 40 2b 43 11 1e 20 20 20
FIXUPS: 6c38b 46 42 31 20 16 41 43 5b 10c 34fa 19 20 19 20 1e 76 46 46
FIXUPS: 6fd37 46 46 46 70 43 46 49 49 46 c2 46 46 46 46 46 46 46 46 46
FIXUPS: 7035b 46 de fffff009 ca 47 24 33 44 2b 126 7d 33 13 33 13 b0 20
FIXUPS: 6f977 20 19 20 19 20 19 20 19 20 19 20 19 20 19 20 19 fffff445
FIXUPS: 6f02b 10 26 18 30 18 30 18 30 18 30 18 30 18 30 18 30 18 30 18
FIXUPS: 6f2e9 18 30 42 13 33 13 2d 31 18 2e fffff3cc d 19 a4 79 9 12d c
FIXUPS: 6eaca 9 13 18 c 9 b 3e 9 74 18 20 19 20 3e 1d 81 14 82 87 17 f0
FIXUPS: 6ef50 16 ffffecb8 34 aa 80 1be 44 8d 3e 6 14 6 10f dc 25 131 21
FIXUPS: 6e3d4 6a 9 4c 2b 16 30 7c 51 22 1a a6 4a 4d 9 d4 ffffe9c7 d 84
FIXUPS: 6d2bc 9 25 a4 9 77 d 19c b4 5d 20 b3 47 9 13 c8 68 4f 1d 57 19
FIXUPS: 6da33 7c 50 f 3a 74 1b c fffff201 d d d d d d d d d d d d d d d
FIXUPS: 6ceb4 21 153 20 19 20 19 20 19 20 23 13 33 13 5f 11 fffff828 18
FIXUPS: 6ca42 13 23 d 10 d 13 d 14 a e5 7e 25 9 28 48 1c 10 2a 14 17 d
FIXUPS: 6cd7c d d d d d d d 4e57 9 17 1b 145e0 e fffeba88 f 9 17 1b 14540
FIXUPS: 86277 fffebb28 f 9 17 1b 144a0 e fffebba4 20 30 ffffa9b2 46 72
FIXUPS: 6c8fd 8 65 32 13 40 4a86 1a2 20 e 22 1e ad 13d 43 35 3c 13 2f 13
FIXUPS: 719cb 13 32 43 13 47 13 3a 13 42 40 13 3a 14638 b 8 b fffeb9ed
FIXUPS: 70e59 15 f 35 15 f 1b 18 48 34 28 82 62 17 4e 21 c8 2e 65 56 14
FIXUPS: 7133e 5 e 6d 8 c 36 5 5 5 5 fffff3d7 6 c 18 38 12 1c 59 12 2f c8
FIXUPS: 709ee 5b 1f 25 64 8e 32 1f 36 2d 21 3a 4b 2f 18 50 34 22 25 32
FIXUPS: 70e30 28bb 20 20 20 20 30 30 20 30 20 20 20 ffffccc9 f e 53 21
FIXUPS: 70625 10 1d 13 18 13 6 10 66 25 57 10 1d 13 18 2b99 12f90 e fffed0d8
FIXUPS: 733fe 9 17 1b 12ef0 e fffed178 f 9 17 1b 12e50 e fffed218 f 9 17
FIXUPS: 735b9 12db0 e fffed2b8 f 9 17 1b 12d10 e fffed334 fffff833 18 15
FIXUPS: 72f35 3e 90 72 7a f 9 17 1b 13170 e fffecef8 f 9 17 1b 130d0 e
FIXUPS: 7326f f 9 17 1b 13030 e fffed038 f 9 17 fffff921 11 26 17 15 d
FIXUPS: 72d17 17 15 d f 1c b 14 b 14 b 14 b 14 b 25 17 18 d b 8 a 9 10
FIXUPS: 72ed2 22 fffff893 20 15 10 b6 11 15 f 5c 9 58 e c 10 43 5d 17 65
FIXUPS: 72ac3 11 1a 2b 8 1e 30 1c d 24 4b 20 36 11 fffff5f3 3e d f 1d 45
FIXUPS: 72357 26 21 15 d 69 5d 47 10 9b 2a 18 20 19 20 2b 54 15 d d 60
FIXUPS: 7272d 10 14 13 1d fffff72e 20 19 20 1b 39 12 18 20 19 20 2b 44
FIXUPS: 72063 d d 6c 13 b 27 12 12 12 e a c 3e 26 2a 8 26 8
