 mp

 Timestamp is 383ff1e8 (Sat Nov 27 09:59:52 1999)

 Preferred load address is 10000000

 Start         Length     Name                   Class
 0001:00000000 0007c41cH .text                   CODE
 0001:0007c420 0000180bH .text$x                 CODE
 0002:00000000 0000dee0H .rdata                  DATA
 0002:0000dee0 00001e38H .xdata$x                DATA
 0002:0000fd20 000030c1H .edata                  DATA
 0003:00000000 00000004H .CRT$XCA                DATA
 0003:00000004 00000014H .CRT$XCU                DATA
 0003:00000018 00000004H .CRT$XCZ                DATA
 0003:0000001c 00000004H .CRT$XIA                DATA
 0003:00000020 00000008H .CRT$XIC                DATA
 0003:00000028 00000004H .CRT$XIY                DATA
 0003:0000002c 00000004H .CRT$XIZ                DATA
 0003:00000030 00000004H .CRT$XPA                DATA
 0003:00000034 00000004H .CRT$XPX                DATA
 0003:00000038 00000004H .CRT$XPZ                DATA
 0003:0000003c 00000004H .CRT$XTA                DATA
 0003:00000040 00000004H .CRT$XTB                DATA
 0003:00000044 00000004H .CRT$XTZ                DATA
 0003:00000050 000153c4H .data                   DATA
 0003:00015418 0000d248H .bss                    DATA
 0004:00000000 00000014H .idata$2                DATA
 0004:00000014 00000014H .idata$3                DATA
 0004:00000028 0000012cH .idata$4                DATA
 0004:00000154 0000012cH .idata$5                DATA
 0004:00000280 00000548H .idata$6                DATA

  Address         Publics by Value              Rva+Base     Lib:Object

 0001:00000000       ?Save@CBaseAnimating@@UAEHAAVCSave@@@Z 10001000 f   animating.obj
 0001:00000039       ?Restore@CBaseAnimating@@UAEHAAVCRestore@@@Z 10001039 f   animating.obj
 0001:00000072       ?StudioFrameAdvance@CBaseAnimating@@QAEMM@Z 10001072 f   animating.obj
 0001:000001fb       ?LookupActivity@CBaseAnimating@@QAEHH@Z 100011fb f   animating.obj
 0001:0000023d       ?LookupActivityHeaviest@CBaseAnimating@@QAEHH@Z 1000123d f   animating.obj
 0001:0000027f       ?LookupSequence@CBaseAnimating@@QAEHPBD@Z 1000127f f   animating.obj
 0001:000002ba       ?ResetSequenceInfo@CBaseAnimating@@QAEXXZ 100012ba f   animating.obj
 0001:00000357       ?GetSequenceFlags@CBaseAnimating@@QAEHXZ 10001357 f   animating.obj
 0001:00000393       ?DispatchAnimEvents@CBaseAnimating@@QAEXM@Z 10001393 f   animating.obj
 0001:000004c7       ?SetBoneController@CBaseAnimating@@QAEMHM@Z 100014c7 f   animating.obj
 0001:0000050d       ?InitBoneControllers@CBaseAnimating@@QAEXXZ 1000150d f   animating.obj
 0001:0000059a       ?SetBlending@CBaseAnimating@@QAEMHM@Z 1000159a f   animating.obj
 0001:000005e0       ?GetBonePosition@CBaseAnimating@@QAEXHAAVVector@@0@Z 100015e0 f   animating.obj
 0001:0000061c       ?GetAttachment@CBaseAnimating@@QAEXHAAVVector@@0@Z 1000161c f   animating.obj
 0001:00000658       ?FindTransition@CBaseAnimating@@QAEHHHPAH@Z 10001658 f   animating.obj
 0001:000006cc       ?GetAutomovement@CBaseAnimating@@QAEXAAVVector@@0M@Z 100016cc f   animating.obj
 0001:000006d9       ?SetBodygroup@CBaseAnimating@@QAEXHH@Z 100016d9 f   animating.obj
 0001:00000717       ?GetBodygroup@CBaseAnimating@@QAEHH@Z 10001717 f   animating.obj
 0001:00000751       ?ExtractBbox@CBaseAnimating@@QAEHHPAM0@Z 10001751 f   animating.obj
 0001:0000078c       ?SetSequenceBox@CBaseAnimating@@QAEXXZ 1000178c f   animating.obj
 0001:00000aa0       ??_H@YGXPAXIHP6EX0@Z@Z     10001aa0 f i animating.obj
 0001:00000ad0       ??0Vector@@QAE@XZ          10001ad0 f i animating.obj
 0001:00000ae0       ??0Vector@@QAE@MMM@Z       10001ae0 f i animating.obj
 0001:00000b10       ??BVector@@QAEPAMXZ        10001b10 f i animating.obj
 0001:00000b20       ?ENT@@YAPAUedict_s@@PBUentvars_t@@@Z 10001b20 f i animating.obj
 0001:00000b30       ?SUB_CallUseToggle@CBaseEntity@@QAEXXZ 10001b30 f i animating.obj
 0001:00000b60       ?ExtractBbox@@YAHPAXHPAM1@Z 10001b60 f   animation.obj
 0001:00000c13       ?LookupActivity@@YAHPAXPAUentvars_t@@H@Z 10001c13 f   animation.obj
 0001:00000ccd       ?LookupActivityHeaviest@@YAHPAXPAUentvars_t@@H@Z 10001ccd f   animation.obj
 0001:00000d6f       ?GetEyePosition@@YAXPAXPAM@Z 10001d6f f   animation.obj
 0001:00000db8       ?LookupSequence@@YAHPAXPBD@Z 10001db8 f   animation.obj
 0001:00000e2a       ?IsSoundEvent@@YAHH@Z      10001e2a f   animation.obj
 0001:00000e4a       ?SequencePrecache@@YAXPAXPBD@Z 10001e4a f   animation.obj
 0001:00000f8f       ?GetSequenceInfo@@YAXPAXPAUentvars_t@@PAM2@Z 10001f8f f   animation.obj
 0001:0000108c       ?GetSequenceFlags@@YAHPAXPAUentvars_t@@@Z 1000208c f   animation.obj
 0001:000010e0       ?GetAnimationEvent@@YAHPAXPAUentvars_t@@PAUMonsterEvent_t@@MMH@Z 100020e0 f   animation.obj
 0001:00001291       ?SetController@@YAMPAXPAUentvars_t@@HM@Z 10002291 f   animation.obj
 0001:00001492       ?SetBlending@@YAMPAXPAUentvars_t@@HM@Z 10002492 f   animation.obj
 0001:0000166b       ?FindTransition@@YAHPAXHHPAH@Z 1000266b f   animation.obj
 0001:00001845       ?SetBodygroup@@YAXPAXPAUentvars_t@@HH@Z 10002845 f   animation.obj
 0001:000018d5       ?GetBodygroup@@YAHPAXPAUentvars_t@@H@Z 100028d5 f   animation.obj
 0001:00001950       _weapon_ashotgun           10002950 f   ashotgun.obj
 0001:00001961       _weapon_shotgun            10002961 f   ashotgun.obj
 0001:00001972       ?Save@CAshotgun@@UAEHAAVCSave@@@Z 10002972 f   ashotgun.obj
 0001:000019ab       ?Restore@CAshotgun@@UAEHAAVCRestore@@@Z 100029ab f   ashotgun.obj
 0001:000019e4       ?Spawn@CAshotgun@@UAEXXZ   100029e4 f   ashotgun.obj
 0001:00001a4c       ?Precache@CAshotgun@@UAEXXZ 10002a4c f   ashotgun.obj
 0001:00001ad0       ?AddToPlayer@CAshotgun@@UAEHPAVCBasePlayer@@@Z 10002ad0 f   ashotgun.obj
 0001:00001b25       ?GetItemInfo@CAshotgun@@UAEHPAUItemInfo@@@Z 10002b25 f   ashotgun.obj
 0001:00001bbe       ?Deploy@CAshotgun@@UAEHXZ  10002bbe f   ashotgun.obj
 0001:00001be2       ?PrimaryAttack@CAshotgun@@UAEXXZ 10002be2 f   ashotgun.obj
 0001:0000205b       ?SecondaryAttack@CAshotgun@@UAEXXZ 1000305b f   ashotgun.obj
 0001:00002066       ?Reload@CAshotgun@@UAEXXZ  10003066 f   ashotgun.obj
 0001:0000228c       ?WeaponIdle@CAshotgun@@UAEXXZ 1000328c f   ashotgun.obj
 0001:000024d0       _ammo_buckshotbox          100034d0 f   ashotgun.obj
 0001:000024f0       ??0Vector@@QAE@ABV0@@Z     100034f0 f i ashotgun.obj
 0001:00002530       ?GetClassPtr@@YAPAVCAshotgun@@PAV1@@Z 10003530 f i ashotgun.obj
 0001:000025f0       ?GetClassPtr@@YAPAVCAshotgunAmmo@@PAV1@@Z 100035f0 f i ashotgun.obj
 0001:000026b0       ??HVector@@QBE?AV0@ABV0@@Z 100036b0 f i ashotgun.obj
 0001:00002710       ??0CAshotgun@@QAE@XZ       10003710 f i ashotgun.obj
 0001:00002730       ?iItemSlot@CAshotgun@@UAEHXZ 10003730 f i ashotgun.obj
 0001:00002740       ??0CAshotgunAmmo@@QAE@XZ   10003740 f i ashotgun.obj
 0001:00002760       ?Spawn@CAshotgunAmmo@@EAEXXZ 10003760 f i ashotgun.obj
 0001:000027a0       ?Precache@CAshotgunAmmo@@EAEXXZ 100037a0 f i ashotgun.obj
 0001:000027d0       ?AddAmmo@CAshotgunAmmo@@EAEHPAVCBaseEntity@@@Z 100037d0 f i ashotgun.obj
 0001:00002830       ??0CBasePlayerWeapon@@QAE@XZ 10003830 f i ashotgun.obj
 0001:00002850       ??DVector@@QBE?AV0@M@Z     10003850 f i ashotgun.obj
 0001:000028a0       ??0CBasePlayerAmmo@@QAE@XZ 100038a0 f i ashotgun.obj
 0001:000028c0       ??0CBasePlayerItem@@QAE@XZ 100038c0 f i ashotgun.obj
 0001:000028e0       ??0CBaseEntity@@QAE@XZ     100038e0 f i ashotgun.obj
 0001:00002900       ??0CBaseAnimating@@QAE@XZ  10003900 f i ashotgun.obj
 0001:00002920       ??0CBaseDelay@@QAE@XZ      10003920 f i ashotgun.obj
 0001:00002940       ?GET_PRIVATE@@YAPAXPAUedict_s@@@Z 10003940 f i ashotgun.obj
 0001:00002960       ?VARS@@YAPAUentvars_t@@PAUedict_s@@@Z 10003960 f i ashotgun.obj
 0001:00002980       ?MESSAGE_BEGIN@@YAXHHPBMPAUentvars_t@@@Z 10003980 f i ashotgun.obj
 0001:000029b0       ?EMIT_SOUND@@YAXPAUedict_s@@HPBDMM@Z 100039b0 f i ashotgun.obj
 0001:000029e0       ?Spawn@CBaseEntity@@UAEXXZ 100039e0 f i ashotgun.obj
 0001:000029f0       ?Precache@CBaseEntity@@UAEXXZ 100039f0 f i ashotgun.obj
 0001:00002a00       ?KeyValue@CBaseEntity@@UAEXPAUKeyValueData_s@@@Z 10003a00 f i ashotgun.obj
 0001:00002a20       ?ObjectCaps@CBaseEntity@@UAEHXZ 10003a20 f i ashotgun.obj
 0001:00002a30       ?Activate@CBaseEntity@@UAEXXZ 10003a30 f i ashotgun.obj
 0001:00002a40       ?Classify@CBaseEntity@@UAEHXZ 10003a40 f i ashotgun.obj
 0001:00002a50       ?DeathNotice@CBaseEntity@@UAEXPAUentvars_t@@@Z 10003a50 f i ashotgun.obj
 0001:00002a60       ?BloodColor@CBaseEntity@@UAEHXZ 10003a60 f i ashotgun.obj
 0001:00002a70       ?IsTriggered@CBaseEntity@@UAEHPAV1@@Z 10003a70 f i ashotgun.obj
 0001:00002a90       ?MyMonsterPointer@CBaseEntity@@UAEPAVCBaseMonster@@XZ 10003a90 f i ashotgun.obj
 0001:00002aa0       ?MySquadMonsterPointer@CBaseEntity@@UAEPAVCSquadMonster@@XZ 10003aa0 f i ashotgun.obj
 0001:00002ab0       ?GetToggleState@CBaseEntity@@UAEHXZ 10003ab0 f i ashotgun.obj
 0001:00002ac0       ?AddPoints@CBaseEntity@@UAEXHH@Z 10003ac0 f i ashotgun.obj
 0001:00002ad0       ?AddPointsToTeam@CBaseEntity@@UAEXHH@Z 10003ad0 f i ashotgun.obj
 0001:00002ae0       ?AddPlayerItem@CBaseEntity@@UAEHPAVCBasePlayerItem@@@Z 10003ae0 f i ashotgun.obj
 0001:00002af0       ?RemovePlayerItem@CBaseEntity@@UAEHPAVCBasePlayerItem@@@Z 10003af0 f i ashotgun.obj
 0001:00002b00       ?GiveAmmo@CBaseEntity@@UAEHHPADH@Z 10003b00 f i ashotgun.obj
 0001:00002b10       ?GetDelay@CBaseEntity@@UAEMXZ 10003b10 f i ashotgun.obj
 0001:00002b30       ?IsMoving@CBaseEntity@@UAEHXZ 10003b30 f i ashotgun.obj
 0001:00002b50       ??9Vector@@QBEHABV0@@Z     10003b50 f i ashotgun.obj
 0001:00002b70       ??8Vector@@QBEHABV0@@Z     10003b70 f i ashotgun.obj
 0001:00002bd0       ?OverrideReset@CBaseEntity@@UAEXXZ 10003bd0 f i ashotgun.obj
 0001:00002be0       ?SetToggleState@CBaseEntity@@UAEXH@Z 10003be0 f i ashotgun.obj
 0001:00002bf0       ?StartSneaking@CBaseEntity@@UAEXXZ 10003bf0 f i ashotgun.obj
 0001:00002c00       ?StopSneaking@CBaseEntity@@UAEXXZ 10003c00 f i ashotgun.obj
 0001:00002c10       ?OnControls@CBaseEntity@@UAEHPAUentvars_t@@@Z 10003c10 f i ashotgun.obj
 0001:00002c20       ?IsSneaking@CBaseEntity@@UAEHXZ 10003c20 f i ashotgun.obj
 0001:00002c30       ?IsAlive@CBaseEntity@@UAEHXZ 10003c30 f i ashotgun.obj
 0001:00002c80       ?IsBSPModel@CBaseEntity@@UAEHXZ 10003c80 f i ashotgun.obj
 0001:00002cc0       ?ReflectGauss@CBaseEntity@@UAEHXZ 10003cc0 f i ashotgun.obj
 0001:00002d10       ?HasTarget@CBaseEntity@@UAEHH@Z 10003d10 f i ashotgun.obj
 0001:00002d50       ?FStrEq@@YAHPBD0@Z         10003d50 f i ashotgun.obj
 0001:00002d70       ?IsPlayer@CBaseEntity@@UAEHXZ 10003d70 f i ashotgun.obj
 0001:00002d80       ?IsNetClient@CBaseEntity@@UAEHXZ 10003d80 f i ashotgun.obj
 0001:00002d90       ?TeamID@CBaseEntity@@UAEPBDXZ 10003d90 f i ashotgun.obj
 0001:00002da0       ?Think@CBaseEntity@@UAEXXZ 10003da0 f i ashotgun.obj
 0001:00002dc0       ?Touch@CBaseEntity@@UAEXPAV1@@Z 10003dc0 f i ashotgun.obj
 0001:00002df0       ?Use@CBaseEntity@@UAEXPAV1@0W4USE_TYPE@@M@Z 10003df0 f i ashotgun.obj
 0001:00002e20       ?Blocked@CBaseEntity@@UAEXPAV1@@Z 10003e20 f i ashotgun.obj
 0001:00002e50       ??2CBaseEntity@@SAPAXIPAUentvars_t@@@Z 10003e50 f i ashotgun.obj
 0001:00002e70       ??3CBaseEntity@@SAXPAXPAUentvars_t@@@Z 10003e70 f i ashotgun.obj
 0001:00002e90       ?Respawn@CBaseEntity@@UAEPAV1@XZ 10003e90 f i ashotgun.obj
 0001:00002ea0       ?UpdateOwner@CBaseEntity@@UAEXXZ 10003ea0 f i ashotgun.obj
 0001:00002eb0       ?FBecomeProne@CBaseEntity@@UAEHXZ 10003eb0 f i ashotgun.obj
 0001:00002ec0       ?Center@CBaseEntity@@UAE?AVVector@@XZ 10003ec0 f i ashotgun.obj
 0001:00002f10       ?EyePosition@CBaseEntity@@UAE?AVVector@@XZ 10003f10 f i ashotgun.obj
 0001:00002f50       ?EarPosition@CBaseEntity@@UAE?AVVector@@XZ 10003f50 f i ashotgun.obj
 0001:00002f90       ?BodyTarget@CBaseEntity@@UAE?AVVector@@ABV2@@Z 10003f90 f i ashotgun.obj
 0001:00002fc0       ?Illumination@CBaseEntity@@UAEHXZ 10003fc0 f i ashotgun.obj
 0001:00002ff0       ?HandleAnimEvent@CBaseAnimating@@UAEXPAUMonsterEvent_t@@@Z 10003ff0 f i ashotgun.obj
 0001:00003000       ?AddDuplicate@CBasePlayerItem@@UAEHPAV1@@Z 10004000 f i ashotgun.obj
 0001:00003010       ?GetItemInfo@CBasePlayerItem@@UAEHPAUItemInfo@@@Z 10004010 f i ashotgun.obj
 0001:00003020       ?CanDeploy@CBasePlayerItem@@UAEHXZ 10004020 f i ashotgun.obj
 0001:00003030       ?Deploy@CBasePlayerItem@@UAEHXZ 10004030 f i ashotgun.obj
 0001:00003040       ?CanHolster@CBasePlayerItem@@UAEHXZ 10004040 f i ashotgun.obj
 0001:00003050       ?UpdateItemInfo@CBasePlayerItem@@UAEXXZ 10004050 f i ashotgun.obj
 0001:00003060       ?ItemPreFrame@CBasePlayerItem@@UAEXXZ 10004060 f i ashotgun.obj
 0001:00003070       ?ItemPostFrame@CBasePlayerItem@@UAEXXZ 10004070 f i ashotgun.obj
 0001:00003080       ?PrimaryAmmoIndex@CBasePlayerItem@@UAEHXZ 10004080 f i ashotgun.obj
 0001:00003090       ?SecondaryAmmoIndex@CBasePlayerItem@@UAEHXZ 10004090 f i ashotgun.obj
 0001:000030a0       ?UpdateClientData@CBasePlayerItem@@UAEHPAVCBasePlayer@@@Z 100040a0 f i ashotgun.obj
 0001:000030b0       ?iItemSlot@CBasePlayerItem@@UAEHXZ 100040b0 f i ashotgun.obj
 0001:000030c0       ?AddWeapon@CBasePlayerWeapon@@UAEHXZ 100040c0 f i ashotgun.obj
 0001:000030f0       ?UpdateItemInfo@CBasePlayerWeapon@@UAEXXZ 100040f0 f i ashotgun.obj
 0001:00003100       ?PrimaryAttack@CBasePlayerWeapon@@UAEXXZ 10004100 f i ashotgun.obj
 0001:00003110       ?SecondaryAttack@CBasePlayerWeapon@@UAEXXZ 10004110 f i ashotgun.obj
 0001:00003120       ?Reload@CBasePlayerWeapon@@UAEXXZ 10004120 f i ashotgun.obj
 0001:00003130       ?WeaponIdle@CBasePlayerWeapon@@UAEXXZ 10004130 f i ashotgun.obj
 0001:00003140       ?ShouldWeaponIdle@CBasePlayerWeapon@@UAEHXZ 10004140 f i ashotgun.obj
 0001:00003150       ?AddAmmo@CBasePlayerAmmo@@UAEHPAVCBaseEntity@@@Z 10004150 f i ashotgun.obj
 0001:00003170       ?VecBModelOrigin@@YA?AVVector@@PAUentvars_t@@@Z 10004170 f   bmodels.obj
 0001:000031b0       _func_wall                 100041b0 f   bmodels.obj
 0001:000031c1       ?Spawn@CFuncWall@@UAEXXZ   100041c1 f   bmodels.obj
 0001:0000325c       ?Use@CFuncWall@@UAEXPAVCBaseEntity@@0W4USE_TYPE@@M@Z 1000425c f   bmodels.obj
 0001:000032a9       _func_wall_toggle          100042a9 f   bmodels.obj
 0001:000032ba       ?Spawn@CFuncWallToggle@@UAEXXZ 100042ba f   bmodels.obj
 0001:000032e8       ?TurnOff@CFuncWallToggle@@QAEXXZ 100042e8 f   bmodels.obj
 0001:00003337       ?TurnOn@CFuncWallToggle@@QAEXXZ 10004337 f   bmodels.obj
 0001:00003386       ?IsOn@CFuncWallToggle@@QAEHXZ 10004386 f   bmodels.obj
 0001:000033a9       ?Use@CFuncWallToggle@@UAEXPAVCBaseEntity@@0W4USE_TYPE@@M@Z 100043a9 f   bmodels.obj
 0001:000033ef       _func_conveyor             100043ef f   bmodels.obj
 0001:00003400       ?Spawn@CFuncConveyor@@UAEXXZ 10004400 f   bmodels.obj
 0001:000034c1       ?UpdateSpeed@CFuncConveyor@@QAEXM@Z 100044c1 f   bmodels.obj
 0001:00003554       ?Use@CFuncConveyor@@UAEXPAVCBaseEntity@@0W4USE_TYPE@@M@Z 10004554 f   bmodels.obj
 0001:00003590       _func_illusionary          10004590 f   bmodels.obj
 0001:000035a1       ?KeyValue@CFuncIllusionary@@UAEXPAUKeyValueData_s@@@Z 100045a1 f   bmodels.obj
 0001:000035fe       ?Spawn@CFuncIllusionary@@UAEXXZ 100045fe f   bmodels.obj
 0001:0000367c       _func_monsterclip          1000467c f   bmodels.obj
 0001:0000368d       ?Spawn@CFuncMonsterClip@@UAEXXZ 1000468d f   bmodels.obj
 0001:000036e9       ?Save@CFuncRotating@@UAEHAAVCSave@@@Z 100046e9 f   bmodels.obj
 0001:00003722       ?Restore@CFuncRotating@@UAEHAAVCRestore@@@Z 10004722 f   bmodels.obj
 0001:0000375b       _func_rotating             1000475b f   bmodels.obj
 0001:0000376c       ?KeyValue@CFuncRotating@@UAEXPAUKeyValueData_s@@@Z 1000476c f   bmodels.obj
 0001:000038e3       ?Spawn@CFuncRotating@@UAEXXZ 100048e3 f   bmodels.obj
 0001:00003bd5       ?Precache@CFuncRotating@@UAEXXZ 10004bd5 f   bmodels.obj
 0001:00003e16       ?HurtTouch@CFuncRotating@@QAEXPAVCBaseEntity@@@Z 10004e16 f   bmodels.obj
 0001:00003eed       ?RampPitchVol@CFuncRotating@@QAEXH@Z 10004eed f   bmodels.obj
 0001:0000406f       ?SpinUp@CFuncRotating@@QAEXXZ 1000506f f   bmodels.obj
 0001:0000426d       ?SpinDown@CFuncRotating@@QAEXXZ 1000526d f   bmodels.obj
 0001:00004475       ?Rotate@CFuncRotating@@QAEXXZ 10005475 f   bmodels.obj
 0001:0000449e       ?RotatingUse@CFuncRotating@@QAEXPAVCBaseEntity@@0W4USE_TYPE@@M@Z 1000549e f   bmodels.obj
 0001:00004668       ?Blocked@CFuncRotating@@UAEXPAVCBaseEntity@@@Z 10005668 f   bmodels.obj
 0001:0000469d       _func_pendulum             1000569d f   bmodels.obj
 0001:000046ae       ?Save@CPendulum@@UAEHAAVCSave@@@Z 100056ae f   bmodels.obj
 0001:000046e7       ?Restore@CPendulum@@UAEHAAVCRestore@@@Z 100056e7 f   bmodels.obj
 0001:00004720       ?KeyValue@CPendulum@@UAEXPAUKeyValueData_s@@@Z 10005720 f   bmodels.obj
 0001:000047b1       ?Spawn@CPendulum@@UAEXXZ   100057b1 f   bmodels.obj
 0001:000049cc       ?PendulumUse@CPendulum@@QAEXPAVCBaseEntity@@0W4USE_TYPE@@M@Z 100059cc f   bmodels.obj
 0001:00004b1c       ?Stop@CPendulum@@QAEXXZ    10005b1c f   bmodels.obj
 0001:00004b81       ?Blocked@CPendulum@@UAEXPAVCBaseEntity@@@Z 10005b81 f   bmodels.obj
 0001:00004b9c       ?Swing@CPendulum@@QAEXXZ   10005b9c f   bmodels.obj
 0001:00004e0d       ?Touch@CPendulum@@UAEXPAVCBaseEntity@@@Z 10005e0d f   bmodels.obj
 0001:00004f09       ?RopeTouch@CPendulum@@QAEXPAVCBaseEntity@@@Z 10005f09 f   bmodels.obj
 0001:00004fa0       ??GVector@@QBE?AV0@ABV0@@Z 10005fa0 f i bmodels.obj
 0001:00005000       ?Length@Vector@@QBEMXZ     10006000 f i bmodels.obj
 0001:00005050       ?Normalize@Vector@@QBE?AV1@XZ 10006050 f i bmodels.obj
 0001:000050e0       ?FStringNull@@YAHH@Z       100060e0 f i bmodels.obj
 0001:000050f0       ??D@YA?AVVector@@MABV0@@Z  100060f0 f i bmodels.obj
 0001:00005120       ?GetClassPtr@@YAPAVCFuncWall@@PAV1@@Z 10006120 f i bmodels.obj
 0001:000051e0       ?edict@CBaseEntity@@QAEPAUedict_s@@XZ 100061e0 f i bmodels.obj
 0001:00005200       ?GetClassPtr@@YAPAVCFuncWallToggle@@PAV1@@Z 10006200 f i bmodels.obj
 0001:000052c0       ?GetClassPtr@@YAPAVCFuncConveyor@@PAV1@@Z 100062c0 f i bmodels.obj
 0001:00005380       ?GetClassPtr@@YAPAVCFuncIllusionary@@PAV1@@Z 10006380 f i bmodels.obj
 0001:00005440       ?GetClassPtr@@YAPAVCFuncMonsterClip@@PAV1@@Z 10006440 f i bmodels.obj
 0001:00005500       ?GetClassPtr@@YAPAVCFuncRotating@@PAV1@@Z 10006500 f i bmodels.obj
 0001:000055c0       ?GetClassPtr@@YAPAVCPendulum@@PAV1@@Z 100065c0 f i bmodels.obj
 0001:00005680       ??0CFuncWall@@QAE@XZ       10006680 f i bmodels.obj
 0001:000056a0       ?ObjectCaps@CFuncWall@@UAEHXZ 100066a0 f i bmodels.obj
 0001:000056c0       ??0CFuncWallToggle@@QAE@XZ 100066c0 f i bmodels.obj
 0001:000056e0       ??0CFuncConveyor@@QAE@XZ   100066e0 f i bmodels.obj
 0001:00005700       ??0CFuncIllusionary@@QAE@XZ 10006700 f i bmodels.obj
 0001:00005720       ?ObjectCaps@CFuncIllusionary@@UAEHXZ 10006720 f i bmodels.obj
 0001:00005740       ?GetToggleState@CBaseToggle@@UAEHXZ 10006740 f i bmodels.obj
 0001:00005760       ?GetDelay@CBaseToggle@@UAEMXZ 10006760 f i bmodels.obj
 0001:00005780       ??0CFuncMonsterClip@@QAE@XZ 10006780 f i bmodels.obj
 0001:000057a0       ?Use@CFuncMonsterClip@@UAEXPAVCBaseEntity@@0W4USE_TYPE@@M@Z 100067a0 f i bmodels.obj
 0001:000057b0       ??0CFuncRotating@@QAE@XZ   100067b0 f i bmodels.obj
 0001:000057d0       ?ObjectCaps@CFuncRotating@@UAEHXZ 100067d0 f i bmodels.obj
 0001:000057f0       ??0CPendulum@@QAE@XZ       100067f0 f i bmodels.obj
 0001:00005830       ?ObjectCaps@CPendulum@@UAEHXZ 10006830 f i bmodels.obj
 0001:00005850       ??0CBaseToggle@@QAE@XZ     10006850 f i bmodels.obj
 0001:000058c0       _crossbow_bolt             100068c0 f   boltgun.obj
 0001:000058d1       ?BoltCreate@CCrossbowBolt@@SAPAV1@XZ 100068d1 f   boltgun.obj
 0001:0000590b       ?Spawn@CCrossbowBolt@@EAEXXZ 1000690b f   boltgun.obj
 0001:000059e8       ?Precache@CCrossbowBolt@@EAEXXZ 100069e8 f   boltgun.obj
 0001:00005a39       ?Classify@CCrossbowBolt@@EAEHXZ 10006a39 f   boltgun.obj
 0001:00005a46       ?BoltTouch@CCrossbowBolt@@AAEXPAVCBaseEntity@@@Z 10006a46 f   boltgun.obj
 0001:00005e22       ?BubbleThink@CCrossbowBolt@@AAEXXZ 10006e22 f   boltgun.obj
 0001:00005eaf       _weapon_boltgun            10006eaf f   boltgun.obj
 0001:00005ec0       _weapon_hornetgun          10006ec0 f   boltgun.obj
 0001:00005ed1       ?Spawn@CBoltGun@@UAEXXZ    10006ed1 f   boltgun.obj
 0001:00005f39       ?AddToPlayer@CBoltGun@@UAEHPAVCBasePlayer@@@Z 10006f39 f   boltgun.obj
 0001:00005f8e       ?Precache@CBoltGun@@UAEXXZ 10006f8e f   boltgun.obj
 0001:00005fec       ?GetItemInfo@CBoltGun@@UAEHPAUItemInfo@@@Z 10006fec f   boltgun.obj
 0001:0000607b       ?Deploy@CBoltGun@@UAEHXZ   1000707b f   boltgun.obj
 0001:000060c3       ?Holster@CBoltGun@@UAEXXZ  100070c3 f   boltgun.obj
 0001:00006122       ?PrimaryAttack@CBoltGun@@UAEXXZ 10007122 f   boltgun.obj
 0001:00006135       ?FireBolt@CBoltGun@@QAEXXZ 10007135 f   boltgun.obj
 0001:0000641d       ?Reload@CBoltGun@@UAEXXZ   1000741d f   boltgun.obj
 0001:0000648d       ?WeaponIdle@CBoltGun@@UAEXXZ 1000748d f   boltgun.obj
 0001:00006597       _ammo_boltgun              10007597 f   boltgun.obj
 0001:000065b0       ??0TraceResult@@QAE@ABU0@@Z 100075b0 f i boltgun.obj
 0001:00006650       ??0TraceResult@@QAE@XZ     10007650 f i boltgun.obj
 0001:00006680       ?GetClassPtr@@YAPAVCCrossbowBolt@@PAV1@@Z 10007680 f i boltgun.obj
 0001:00006740       ?GetClassPtr@@YAPAVCBoltGun@@PAV1@@Z 10007740 f i boltgun.obj
 0001:00006800       ?GetClassPtr@@YAPAVCBoltGunAmmo@@PAV1@@Z 10007800 f i boltgun.obj
 0001:000068c0       ??0CCrossbowBolt@@QAE@XZ   100078c0 f i boltgun.obj
 0001:000068e0       ??0CBoltGun@@QAE@XZ        100078e0 f i boltgun.obj
 0001:00006900       ?iItemSlot@CBoltGun@@UAEHXZ 10007900 f i boltgun.obj
 0001:00006910       ??0CBoltGunAmmo@@QAE@XZ    10007910 f i boltgun.obj
 0001:00006930       ?Spawn@CBoltGunAmmo@@EAEXXZ 10007930 f i boltgun.obj
 0001:00006970       ?Precache@CBoltGunAmmo@@EAEXXZ 10007970 f i boltgun.obj
 0001:000069a0       ?AddAmmo@CBoltGunAmmo@@EAEHPAVCBaseEntity@@@Z 100079a0 f i boltgun.obj
 0001:00006a00       ?FClassnameIs@@YAHPAUentvars_t@@PBD@Z 10007a00 f i boltgun.obj
 0001:00006a30       ?Save@CEnvGlobal@@UAEHAAVCSave@@@Z 10007a30 f   buttons.obj
 0001:00006a69       ?Restore@CEnvGlobal@@UAEHAAVCRestore@@@Z 10007a69 f   buttons.obj
 0001:00006aa2       _env_global                10007aa2 f   buttons.obj
 0001:00006ab3       ?KeyValue@CEnvGlobal@@UAEXPAUKeyValueData_s@@@Z 10007ab3 f   buttons.obj
 0001:00006b64       ?Spawn@CEnvGlobal@@UAEXXZ  10007b64 f   buttons.obj
 0001:00006bdd       ?Use@CEnvGlobal@@UAEXPAVCBaseEntity@@0W4USE_TYPE@@M@Z 10007bdd f   buttons.obj
 0001:00006ca7       ?Save@CMultiSource@@UAEHAAVCSave@@@Z 10007ca7 f   buttons.obj
 0001:00006ce0       ?Restore@CMultiSource@@UAEHAAVCRestore@@@Z 10007ce0 f   buttons.obj
 0001:00006d19       _multisource               10007d19 f   buttons.obj
 0001:00006d2a       ?KeyValue@CMultiSource@@UAEXPAUKeyValueData_s@@@Z 10007d2a f   buttons.obj
 0001:00006e1c       ?Spawn@CMultiSource@@UAEXXZ 10007e1c f   buttons.obj
 0001:00006e8a       ?Use@CMultiSource@@UAEXPAVCBaseEntity@@0W4USE_TYPE@@M@Z 10007e8a f   buttons.obj
 0001:00006f9a       ?IsTriggered@CMultiSource@@UAEHPAVCBaseEntity@@@Z 10007f9a f   buttons.obj
 0001:0000702e       ?Register@CMultiSource@@QAEXXZ 1000802e f   buttons.obj
 0001:00007214       ?Save@CBaseButton@@UAEHAAVCSave@@@Z 10008214 f   buttons.obj
 0001:0000724d       ?Restore@CBaseButton@@UAEHAAVCRestore@@@Z 1000824d f   buttons.obj
 0001:00007286       ?Precache@CBaseButton@@UAEXXZ 10008286 f   buttons.obj
 0001:00007629       ?KeyValue@CBaseButton@@UAEXPAUKeyValueData_s@@@Z 10008629 f   buttons.obj
 0001:000077cb       ?TakeDamage@CBaseButton@@UAEHPAUentvars_t@@0MH@Z 100087cb f   buttons.obj
 0001:000078b5       _func_button               100088b5 f   buttons.obj
 0001:000078c6       ?Spawn@CBaseButton@@UAEXXZ 100088c6 f   buttons.obj
 0001:00007bff       ?ButtonSound@@YAPADH@Z     10008bff f   buttons.obj
 0001:00007d5b       ?DoSpark@@YAXPAUentvars_t@@ABVVector@@@Z 10008d5b f   buttons.obj
 0001:00007ef2       ?ButtonSpark@CBaseButton@@QAEXXZ 10008ef2 f   buttons.obj
 0001:00007f58       ?ButtonUse@CBaseButton@@QAEXPAVCBaseEntity@@0W4USE_TYPE@@M@Z 10008f58 f   buttons.obj
 0001:00008005       ?ButtonResponseToTouch@CBaseButton@@QAE?AW4BUTTON_CODE@1@XZ 10009005 f   buttons.obj
 0001:00008088       ?ButtonTouch@CBaseButton@@QAEXPAVCBaseEntity@@@Z 10009088 f   buttons.obj
 0001:0000818d       ?ButtonActivate@CBaseButton@@QAEXXZ 1000918d f   buttons.obj
 0001:000082ac       ?TriggerAndWait@CBaseButton@@QAEXXZ 100092ac f   buttons.obj
 0001:0000838a       ?ButtonReturn@CBaseButton@@QAEXXZ 1000938a f   buttons.obj
 0001:0000841a       ?ButtonBackHome@CBaseButton@@QAEXXZ 1000941a f   buttons.obj
 0001:00008577       _func_rot_button           10009577 f   buttons.obj
 0001:00008588       ?Spawn@CRotButton@@UAEXXZ  10009588 f   buttons.obj
 0001:000087e4       ?Save@CMomentaryRotButton@@UAEHAAVCSave@@@Z 100097e4 f   buttons.obj
 0001:0000881d       ?Restore@CMomentaryRotButton@@UAEHAAVCRestore@@@Z 1000981d f   buttons.obj
 0001:00008856       _momentary_rot_button      10009856 f   buttons.obj
 0001:00008867       ?Spawn@CMomentaryRotButton@@UAEXXZ 10009867 f   buttons.obj
 0001:00008a92       ?KeyValue@CMomentaryRotButton@@UAEXPAUKeyValueData_s@@@Z 10009a92 f   buttons.obj
 0001:00008b23       ?PlaySound@CMomentaryRotButton@@QAEXXZ 10009b23 f   buttons.obj
 0001:00008b6b       ?Use@CMomentaryRotButton@@UAEXPAVCBaseEntity@@0W4USE_TYPE@@M@Z 10009b6b f   buttons.obj
 0001:00008bde       ?UpdateAllButtons@CMomentaryRotButton@@QAEXMH@Z 10009bde f   buttons.obj
 0001:00008c8c       ?UpdateSelf@CMomentaryRotButton@@QAEXM@Z 10009c8c f   buttons.obj
 0001:00008e7f       ?UpdateTarget@CMomentaryRotButton@@QAEXM@Z 10009e7f f   buttons.obj
 0001:00008f1b       ?Off@CMomentaryRotButton@@QAEXXZ 10009f1b f   buttons.obj
 0001:00008fc4       ?Return@CMomentaryRotButton@@QAEXXZ 10009fc4 f   buttons.obj
 0001:0000902c       ?UpdateSelfReturn@CMomentaryRotButton@@QAEXM@Z 1000a02c f   buttons.obj
 0001:00009109       ?Save@CEnvSpark@@UAEHAAVCSave@@@Z 1000a109 f   buttons.obj
 0001:00009142       ?Restore@CEnvSpark@@UAEHAAVCRestore@@@Z 1000a142 f   buttons.obj
 0001:0000917b       _env_spark                 1000a17b f   buttons.obj
 0001:0000918c       _env_debris                1000a18c f   buttons.obj
 0001:0000919d       ?Spawn@CEnvSpark@@UAEXXZ   1000a19d f   buttons.obj
 0001:0000926a       ?Precache@CEnvSpark@@UAEXXZ 1000a26a f   buttons.obj
 0001:000092c9       ?KeyValue@CEnvSpark@@UAEXPAUKeyValueData_s@@@Z 1000a2c9 f   buttons.obj
 0001:000093ba       ?SparkThink@CEnvSpark@@QAEXXZ 1000a3ba f   buttons.obj
 0001:00009414       ?SparkStart@CEnvSpark@@QAEXPAVCBaseEntity@@0W4USE_TYPE@@M@Z 1000a414 f   buttons.obj
 0001:0000946c       ?SparkStop@CEnvSpark@@QAEXPAVCBaseEntity@@0W4USE_TYPE@@M@Z 1000a46c f   buttons.obj
 0001:0000948d       _button_target             1000a48d f   buttons.obj
 0001:0000949e       ?Spawn@CButtonTarget@@UAEXXZ 1000a49e f   buttons.obj
 0001:0000952d       ?Use@CButtonTarget@@UAEXPAVCBaseEntity@@0W4USE_TYPE@@M@Z 1000a52d f   buttons.obj
 0001:000095b7       ?ObjectCaps@CButtonTarget@@UAEHXZ 1000a5b7 f   buttons.obj
 0001:000095ee       ?TakeDamage@CButtonTarget@@UAEHPAUentvars_t@@0MH@Z 1000a5ee f   buttons.obj
 0001:00009630       ?FNullEnt@@YAHPBUedict_s@@@Z 1000a630 f i buttons.obj
 0001:00009670       ?OFFSET@@YAHPBUedict_s@@@Z 1000a670 f i buttons.obj
 0001:00009690       ?FNullEnt@@YAHH@Z          1000a690 f i buttons.obj
 0001:000096a0       ?EntityInTable@CGlobalState@@QAEHH@Z 1000a6a0 f i buttons.obj
 0001:000096c0       ?FIND_ENTITY_BY_TARGETNAME@@YAPAUedict_s@@PAU1@PBD@Z 1000a6c0 f i buttons.obj
 0001:000096e0       ?FClassnameIs@@YAHPAUedict_s@@PBD@Z 1000a6e0 f i buttons.obj
 0001:00009710       ?Instance@CBaseEntity@@SAPAV1@PAUedict_s@@@Z 1000a710 f i buttons.obj
 0001:00009740       ?ENT@@YAPAUedict_s@@H@Z    1000a740 f i buttons.obj
 0001:00009760       ?Instance@CBaseEntity@@SAPAV1@PAUentvars_t@@@Z 1000a760 f i buttons.obj
 0001:00009780       ?Instance@CMomentaryRotButton@@SAPAV1@PAUedict_s@@@Z 1000a780 f i buttons.obj
 0001:000097a0       ?GetClassPtr@@YAPAVCEnvGlobal@@PAV1@@Z 1000a7a0 f i buttons.obj
 0001:00009860       ?GetClassPtr@@YAPAVCMultiSource@@PAV1@@Z 1000a860 f i buttons.obj
 0001:00009920       ?GetClassPtr@@YAPAVCBaseButton@@PAV1@@Z 1000a920 f i buttons.obj
 0001:000099e0       ?GetClassPtr@@YAPAVCRotButton@@PAV1@@Z 1000a9e0 f i buttons.obj
 0001:00009aa0       ?GetClassPtr@@YAPAVCMomentaryRotButton@@PAV1@@Z 1000aaa0 f i buttons.obj
 0001:00009b60       ?GetClassPtr@@YAPAVCEnvSpark@@PAV1@@Z 1000ab60 f i buttons.obj
 0001:00009c20       ?GetClassPtr@@YAPAVCButtonTarget@@PAV1@@Z 1000ac20 f i buttons.obj
 0001:00009ce0       ??0CEnvGlobal@@QAE@XZ      1000ace0 f i buttons.obj
 0001:00009d00       ?ObjectCaps@CPointEntity@@UAEHXZ 1000ad00 f i buttons.obj
 0001:00009d20       ??0CMultiSource@@QAE@XZ    1000ad20 f i buttons.obj
 0001:00009d40       ?ObjectCaps@CMultiSource@@UAEHXZ 1000ad40 f i buttons.obj
 0001:00009d60       ??0CBaseButton@@QAE@XZ     1000ad60 f i buttons.obj
 0001:00009d80       ?ObjectCaps@CBaseButton@@UAEHXZ 1000ad80 f i buttons.obj
 0001:00009dd0       ??0CRotButton@@QAE@XZ      1000add0 f i buttons.obj
 0001:00009df0       ??0CMomentaryRotButton@@QAE@XZ 1000adf0 f i buttons.obj
 0001:00009e30       ?ObjectCaps@CMomentaryRotButton@@UAEHXZ 1000ae30 f i buttons.obj
 0001:00009e70       ??0CEnvSpark@@QAE@XZ       1000ae70 f i buttons.obj
 0001:00009e90       ??0CButtonTarget@@QAE@XZ   1000ae90 f i buttons.obj
 0001:00009eb0       ??0CPointEntity@@QAE@XZ    1000aeb0 f i buttons.obj
 0001:00009ed0       _GetEntityAPI              1000aed0 f   cbase.obj
 0001:00009f03       ?DispatchSpawn@@YAHPAUedict_s@@@Z 1000af03 f   cbase.obj
 0001:0000a0ae       ?DispatchKeyValue@@YAXPAUedict_s@@PAUKeyValueData_s@@@Z 1000b0ae f   cbase.obj
 0001:0000a116       ?DispatchTouch@@YAXPAUedict_s@@0@Z 1000b116 f   cbase.obj
 0001:0000a188       ?DispatchUse@@YAXPAUedict_s@@0@Z 1000b188 f   cbase.obj
 0001:0000a1e6       ?DispatchThink@@YAXPAUedict_s@@@Z 1000b1e6 f   cbase.obj
 0001:0000a24a       ?DispatchBlocked@@YAXPAUedict_s@@0@Z 1000b24a f   cbase.obj
 0001:0000a28a       ?DispatchSave@@YAXPAUedict_s@@PAUsaverestore_s@@@Z 1000b28a f   cbase.obj
 0001:0000a3d4       ?FindGlobalEntity@@YAPAVCBaseEntity@@HH@Z 1000b3d4 f   cbase.obj
 0001:0000a475       ?DispatchRestore@@YAHPAUedict_s@@PAUsaverestore_s@@H@Z 1000b475 f   cbase.obj
 0001:0000a88b       ?DispatchObjectCollsionBox@@YAXPAUedict_s@@@Z 1000b88b f   cbase.obj
 0001:0000a8c6       ?SaveWriteFields@@YAXPAUsaverestore_s@@PBDPAXPAUTYPEDESCRIPTION@@H@Z 1000b8c6 f   cbase.obj
 0001:0000a927       ?SaveReadFields@@YAXPAUsaverestore_s@@PBDPAXPAUTYPEDESCRIPTION@@H@Z 1000b927 f   cbase.obj
 0001:0000a98a       ?Get@EHANDLE@@QAEPAUedict_s@@XZ 1000b98a f   cbase.obj
 0001:0000a9ba       ?Set@EHANDLE@@QAEPAUedict_s@@PAU2@@Z 1000b9ba f   cbase.obj
 0001:0000a9e6       ??BEHANDLE@@QAEPAVCBaseEntity@@XZ 1000b9e6 f   cbase.obj
 0001:0000aa02       ??4EHANDLE@@QAEPAVCBaseEntity@@PAV1@@Z 1000ba02 f   cbase.obj
 0001:0000aa57       ??BEHANDLE@@QAEHXZ         1000ba57 f   cbase.obj
 0001:0000aa70       ??CEHANDLE@@QAEPAVCBaseEntity@@XZ 1000ba70 f   cbase.obj
 0001:0000aa8c       ?TakeHealth@CBaseEntity@@UAEHMH@Z 1000ba8c f   cbase.obj
 0001:0000ab30       ?TakeDamage@CBaseEntity@@UAEHPAUentvars_t@@0MH@Z 1000bb30 f   cbase.obj
 0001:0000adc1       ?Killed@CBaseEntity@@UAEXPAUentvars_t@@H@Z 1000bdc1 f   cbase.obj
 0001:0000adfa       ?GetNextTarget@CBaseEntity@@UAEPAV1@XZ 1000bdfa f   cbase.obj
 0001:0000ae6a       ?Save@CBaseEntity@@UAEHAAVCSave@@@Z 1000be6a f   cbase.obj
 0001:0000aeab       ?Restore@CBaseEntity@@UAEHAAVCRestore@@@Z 1000beab f   cbase.obj
 0001:0000b22e       ?SetObjectCollisionBox@CBaseEntity@@UAEXXZ 1000c22e f   cbase.obj
 0001:0000b248       ?Intersects@CBaseEntity@@QAEHPAV1@@Z 1000c248 f   cbase.obj
 0001:0000b31c       ?MakeDormant@CBaseEntity@@QAEXXZ 1000c31c f   cbase.obj
 0001:0000b3a9       ?IsDormant@CBaseEntity@@QAEHXZ 1000c3a9 f   cbase.obj
 0001:0000b3c5       ?IsInWorld@CBaseEntity@@UAEHXZ 1000c3c5 f   cbase.obj
 0001:0000b522       ?ShouldToggle@CBaseEntity@@QAEHW4USE_TYPE@@H@Z 1000c522 f   cbase.obj
 0001:0000b55c       ?DamageDecal@CBaseEntity@@UAEHH@Z 1000c55c f   cbase.obj
 0001:0000b5a0       ?Create@CBaseEntity@@SAPAV1@PADABVVector@@1PAUedict_s@@@Z 1000c5a0 f   cbase.obj
 0001:0000b660       ??1CSave@@QAE@XZ           1000c660 f i cbase.obj
 0001:0000b680       ??0entvars_t@@QAE@XZ       1000c680 f i cbase.obj
 0001:0000b760       ??1CRestore@@QAE@XZ        1000c760 f i cbase.obj
 0001:0000b780       ?FNullEnt@@YAHPAUentvars_t@@@Z 1000c780 f i cbase.obj
 0001:0000b7c0       ?OFFSET@@YAHPAUentvars_t@@@Z 1000c7c0 f i cbase.obj
 0001:0000b7e0       ??0CSave@@QAE@PAUsaverestore_s@@@Z 1000c7e0 f i cbase.obj
 0001:0000b800       ??0CRestore@@QAE@PAUsaverestore_s@@@Z 1000c800 f i cbase.obj
 0001:0000b830       ?SetGlobalMode@CRestore@@QAEXH@Z 1000c830 f i cbase.obj
 0001:0000b850       ?PrecacheMode@CRestore@@QAEXH@Z 1000c850 f i cbase.obj
 0001:0000b870       _weapon_chaingun           1000c870 f   chaingun.obj
 0001:0000b881       _weapon_9mmAR              1000c881 f   chaingun.obj
 0001:0000b892       ?Spawn@CChaingun@@UAEXXZ   1000c892 f   chaingun.obj
 0001:0000b8fa       ?Precache@CChaingun@@UAEXXZ 1000c8fa f   chaingun.obj
 0001:0000b97e       ?GetItemInfo@CChaingun@@UAEHPAUItemInfo@@@Z 1000c97e f   chaingun.obj
 0001:0000ba17       ?AddToPlayer@CChaingun@@UAEHPAVCBasePlayer@@@Z 1000ca17 f   chaingun.obj
 0001:0000ba6c       ?Deploy@CChaingun@@UAEHXZ  1000ca6c f   chaingun.obj
 0001:0000ba90       ?PrimaryAttack@CChaingun@@UAEXXZ 1000ca90 f   chaingun.obj
 0001:0000bc1f       ?ChaingunFire@CChaingun@@QAEXMMHH@Z 1000cc1f f   chaingun.obj
 0001:0000c016       ?slowdown@CChaingun@@QAEXXZ 1000d016 f   chaingun.obj
 0001:0000c0d1       ?Reload@CChaingun@@UAEXXZ  1000d0d1 f   chaingun.obj
 0001:0000c136       ?BringUp@CChaingun@@QAEXXZ 1000d136 f   chaingun.obj
 0001:0000c164       ?WeaponIdle@CChaingun@@UAEXXZ 1000d164 f   chaingun.obj
 0001:0000c2b8       _ammo_chaingunbox          1000d2b8 f   chaingun.obj
 0001:0000c2d0       ?GetClassPtr@@YAPAVCChaingun@@PAV1@@Z 1000d2d0 f i chaingun.obj
 0001:0000c390       ?Length2D@Vector@@QBEMXZ   1000d390 f i chaingun.obj
 0001:0000c3d0       ?GetClassPtr@@YAPAVCChaingunBox@@PAV1@@Z 1000d3d0 f i chaingun.obj
 0001:0000c490       ??0CChaingun@@QAE@XZ       1000d490 f i chaingun.obj
 0001:0000c4b0       ?iItemSlot@CChaingun@@UAEHXZ 1000d4b0 f i chaingun.obj
 0001:0000c4c0       ??0CChaingunBox@@QAE@XZ    1000d4c0 f i chaingun.obj
 0001:0000c4e0       ?Spawn@CChaingunBox@@EAEXXZ 1000d4e0 f i chaingun.obj
 0001:0000c520       ?Precache@CChaingunBox@@EAEXXZ 1000d520 f i chaingun.obj
 0001:0000c550       ?AddAmmo@CChaingunBox@@EAEHPAVCBaseEntity@@@Z 1000d550 f i chaingun.obj
 0001:0000c5c0       _monster_chumtoad          1000d5c0 f   chumtoad.obj
 0001:0000c5d1       ?Save@CChumtoadGrenade@@EAEHAAVCSave@@@Z 1000d5d1 f   chumtoad.obj
 0001:0000c60a       ?Restore@CChumtoadGrenade@@EAEHAAVCRestore@@@Z 1000d60a f   chumtoad.obj
 0001:0000c643       ?Classify@CChumtoadGrenade@@EAEHXZ 1000d643 f   chumtoad.obj
 0001:0000c6d9       ?Spawn@CChumtoadGrenade@@EAEXXZ 1000d6d9 f   chumtoad.obj
 0001:0000c8b2       ?Precache@CChumtoadGrenade@@EAEXXZ 1000d8b2 f   chumtoad.obj
 0001:0000c91f       ?Killed@CChumtoadGrenade@@EAEXPAUentvars_t@@H@Z 1000d91f f   chumtoad.obj
 0001:0000ca9d       ?GibMonster@CChumtoadGrenade@@EAEXXZ 1000da9d f   chumtoad.obj
 0001:0000cad8       ?HuntThink@CChumtoadGrenade@@AAEXXZ 1000dad8 f   chumtoad.obj
 0001:0000d18e       ?SuperBounceTouch@CChumtoadGrenade@@AAEXPAVCBaseEntity@@@Z 1000e18e f   chumtoad.obj
 0001:0000d52c       _weapon_chumtoad           1000e52c f   chumtoad.obj
 0001:0000d53d       _weapon_snark              1000e53d f   chumtoad.obj
 0001:0000d54e       ?Spawn@CChumtoad@@UAEXXZ   1000e54e f   chumtoad.obj
 0001:0000d5ea       ?Precache@CChumtoad@@UAEXXZ 1000e5ea f   chumtoad.obj
 0001:0000d648       ?GetItemInfo@CChumtoad@@UAEHPAUItemInfo@@@Z 1000e648 f   chumtoad.obj
 0001:0000d6e1       ?Deploy@CChumtoad@@UAEHXZ  1000e6e1 f   chumtoad.obj
 0001:0000d796       ?Holster@CChumtoad@@UAEXXZ 1000e796 f   chumtoad.obj
 0001:0000d85e       ?PrimaryAttack@CChumtoad@@UAEXXZ 1000e85e f   chumtoad.obj
 0001:0000dafa       ?WeaponIdle@CChumtoad@@UAEXXZ 1000eafa f   chumtoad.obj
 0001:0000dc40       ?GetClassPtr@@YAPAVCChumtoadGrenade@@PAV1@@Z 1000ec40 f i chumtoad.obj
 0001:0000dd00       ?GetClassPtr@@YAPAVCChumtoad@@PAV1@@Z 1000ed00 f i chumtoad.obj
 0001:0000ddc0       ??0CChumtoadGrenade@@QAE@XZ 1000edc0 f i chumtoad.obj
 0001:0000de00       ?BloodColor@CChumtoadGrenade@@EAEHXZ 1000ee00 f i chumtoad.obj
 0001:0000de10       ??0CChumtoad@@QAE@XZ       1000ee10 f i chumtoad.obj
 0001:0000de30       ?iItemSlot@CChumtoad@@UAEHXZ 1000ee30 f i chumtoad.obj
 0001:0000de40       ??0CGrenade@@QAE@XZ        1000ee40 f i chumtoad.obj
 0001:0000de60       ??0CBaseMonster@@QAE@XZ    1000ee60 f i chumtoad.obj
 0001:0000dea0       ?PainSound@CBaseMonster@@UAEXXZ 1000eea0 f i chumtoad.obj
 0001:0000deb0       ?IsAlive@CBaseMonster@@UAEHXZ 1000eeb0 f i chumtoad.obj
 0001:0000ded0       ?BloodColor@CGrenade@@UAEHXZ 1000eed0 f i chumtoad.obj
 0001:0000dee0       ?set_suicide_frame@@YAXPAUentvars_t@@@Z 1000eee0 f   client.obj
 0001:0000df41       ?ClientConnect@@YAHPAUedict_s@@PBD1QAD@Z 1000ef41 f   client.obj
 0001:0000df67       ?ClientDisconnect@@YAXPAUedict_s@@@Z 1000ef67 f   client.obj
 0001:0000e066       ?respawn@@YAXPAUentvars_t@@H@Z 1000f066 f   client.obj
 0001:0000e0d4       ?ClientKill@@YAXPAUedict_s@@@Z 1000f0d4 f   client.obj
 0001:0000e146       ?ClientPutInServer@@YAXPAUedict_s@@@Z 1000f146 f   client.obj
 0001:0000e17e       ?Host_Say@@YAXPAUedict_s@@H@Z 1000f17e f   client.obj
 0001:0000e523       ?ClientCommand@@YAXPAUedict_s@@@Z 1000f523 f   client.obj
 0001:0000e92e       ?ClientUserInfoChanged@@YAXPAUedict_s@@PAD@Z 1000f92e f   client.obj
 0001:0000eaac       ?ServerActivate@@YAXPAUedict_s@@HH@Z 1000faac f   client.obj
 0001:0000eb80       ?PlayerPreThink@@YAXPAUedict_s@@@Z 1000fb80 f   client.obj
 0001:0000ebb8       ?PlayerPostThink@@YAXPAUedict_s@@@Z 1000fbb8 f   client.obj
 0001:0000ebf0       ?ParmsNewLevel@@YAXXZ      1000fbf0 f   client.obj
 0001:0000ebf5       ?ParmsChangeLevel@@YAXXZ   1000fbf5 f   client.obj
 0001:0000ec28       ?StartFrame@@YAXXZ         1000fc28 f   client.obj
 0001:0000ec8e       ?ClientPrecache@@YAXXZ     1000fc8e f   client.obj
 0001:0000f0fb       ?GetGameDescription@@YAPBDXZ 100100fb f   client.obj
 0001:0000f120       ?PlayerCustomization@@YAXPAUedict_s@@PAUcustomization_s@@@Z 10010120 f   client.obj
 0001:0000f1b4       ?SpectatorConnect@@YAXPAUedict_s@@@Z 100101b4 f   client.obj
 0001:0000f1e6       ?SpectatorDisconnect@@YAXPAUedict_s@@@Z 100101e6 f   client.obj
 0001:0000f218       ?SpectatorThink@@YAXPAUedict_s@@@Z 10010218 f   client.obj
 0001:0000f250       ?MESSAGE_BEGIN@@YAXHHPBMPAUedict_s@@@Z 10010250 f i client.obj
 0001:0000f270       ?ENTINDEX@@YAHPAUedict_s@@@Z 10010270 f i client.obj
 0001:0000f290       ?GetClassPtr@@YAPAVCBasePlayer@@PAV1@@Z 10010290 f i client.obj
 0001:0000f350       ??0CBasePlayer@@QAE@XZ     10010350 f i client.obj
 0001:0000f390       ?BodyTarget@CBasePlayer@@UAE?AVVector@@ABV2@@Z 10010390 f i client.obj
 0001:0000f400       ?StartSneaking@CBasePlayer@@UAEXXZ 10010400 f i client.obj
 0001:0000f430       ?StopSneaking@CBasePlayer@@UAEXXZ 10010430 f i client.obj
 0001:0000f460       ?IsSneaking@CBasePlayer@@UAEHXZ 10010460 f i client.obj
 0001:0000f4a0       ?IsAlive@CBasePlayer@@UAEHXZ 100104a0 f i client.obj
 0001:0000f4f0       ?ShouldFadeOnDeath@CBasePlayer@@UAEHXZ 100104f0 f i client.obj
 0001:0000f500       ?IsPlayer@CBasePlayer@@UAEHXZ 10010500 f i client.obj
 0001:0000f510       ?BloodColor@CBasePlayer@@UAEHXZ 10010510 f i client.obj
 0001:0000f520       ?IsNetClient@CBasePlayer@@UAEHXZ 10010520 f i client.obj
 0001:0000f530       ?ObjectCaps@CBasePlayer@@UAEHXZ 10010530 f i client.obj
 0001:0000f550       _weapon_clustergrenade     10010550 f   cluster_grenade.obj
 0001:0000f561       _weapon_handgrenade        10010561 f   cluster_grenade.obj
 0001:0000f572       ?Spawn@CClusterGrenade@@UAEXXZ 10010572 f   cluster_grenade.obj
 0001:0000f5ec       ?Precache@CClusterGrenade@@UAEXXZ 100105ec f   cluster_grenade.obj
 0001:0000f62f       ?GetItemInfo@CClusterGrenade@@UAEHPAUItemInfo@@@Z 1001062f f   cluster_grenade.obj
 0001:0000f6c8       ?Deploy@CClusterGrenade@@UAEHXZ 100106c8 f   cluster_grenade.obj
 0001:0000f6f9       ?CanHolster@CClusterGrenade@@UAEHXZ 100106f9 f   cluster_grenade.obj
 0001:0000f72c       ?Holster@CClusterGrenade@@UAEXXZ 1001072c f   cluster_grenade.obj
 0001:0000f7e4       ?PrimaryAttack@CClusterGrenade@@UAEXXZ 100107e4 f   cluster_grenade.obj
 0001:0000f845       ?WeaponIdle@CClusterGrenade@@UAEXXZ 10010845 f   cluster_grenade.obj
 0001:0000fc40       ?GetClassPtr@@YAPAVCClusterGrenade@@PAV1@@Z 10010c40 f i cluster_grenade.obj
 0001:0000fd00       ??0CClusterGrenade@@QAE@XZ 10010d00 f i cluster_grenade.obj
 0001:0000fd20       ?iItemSlot@CClusterGrenade@@UAEHXZ 10010d20 f i cluster_grenade.obj
 0001:0000fd30       ?LimitVelocity@CGib@@QAEXXZ 10010d30 f   combat.obj
 0001:0000fd99       ?SpawnStickyGibs@CGib@@SAXPAUentvars_t@@VVector@@H@Z 10010d99 f   combat.obj
 0001:000100bc       ?SpawnHeadGib@CGib@@SAXPAUentvars_t@@@Z 100110bc f   combat.obj
 0001:00010397       ?SpawnRandomGibs@CGib@@SAXPAUentvars_t@@HH@Z 10011397 f   combat.obj
 0001:00010722       ?HasHumanGibs@CBaseMonster@@UAEHXZ 10011722 f   combat.obj
 0001:0001075e       ?HasAlienGibs@CBaseMonster@@UAEHXZ 1001175e f   combat.obj
 0001:000107a6       ?FadeMonster@CBaseMonster@@UAEXXZ 100117a6 f   combat.obj
 0001:00010845       ?GibMonster@CBaseMonster@@UAEXXZ 10011845 f   combat.obj
 0001:0001096e       ?GetDeathActivity@CBaseMonster@@UAE?AW4Activity@@XZ 1001196e f   combat.obj
 0001:00010c15       ?GetSmallFlinchActivity@CBaseMonster@@QAE?AW4Activity@@XZ 10011c15 f   combat.obj
 0001:00010cfc       ?BecomeDead@CBaseMonster@@UAEXXZ 10011cfc f   combat.obj
 0001:00010d55       ?ShouldGibMonster@CBaseMonster@@QAEHH@Z 10011d55 f   combat.obj
 0001:00010d90       ?CallGibMonster@CBaseMonster@@QAEXXZ 10011d90 f   combat.obj
 0001:00010ec7       ?Killed@CBaseMonster@@UAEXPAUentvars_t@@H@Z 10011ec7 f   combat.obj
 0001:0001100d       ?SUB_StartFadeOut@CBaseEntity@@QAEXXZ 1001200d f   combat.obj
 0001:000110a3       ?SUB_FadeOut@CBaseEntity@@QAEXXZ 100120a3 f   combat.obj
 0001:0001113c       ?WaitTillLand@CGib@@QAEXXZ 1001213c f   combat.obj
 0001:000111ec       ?BounceGibTouch@CGib@@QAEXPAVCBaseEntity@@@Z 100121ec f   combat.obj
 0001:00011427       ?StickyGibTouch@CGib@@QAEXPAVCBaseEntity@@@Z 10012427 f   combat.obj
 0001:000115ac       ?Spawn@CGib@@QAEXPBD@Z     100125ac f   combat.obj
 0001:000116c8       ?TakeHealth@CBaseMonster@@UAEHMH@Z 100126c8 f   combat.obj
 0001:00011721       ?TakeDamage@CBaseMonster@@UAEHPAUentvars_t@@0MH@Z 10012721 f   combat.obj
 0001:00011c19       ?DeadTakeDamage@CBaseMonster@@QAEHPAUentvars_t@@0MH@Z 10012c19 f   combat.obj
 0001:00011d94       ?DamageForce@CBaseMonster@@QAEMM@Z 10012d94 f   combat.obj
 0001:00011df5       ?RadiusDamage@@YAXVVector@@PAUentvars_t@@1MMHH@Z 10012df5 f   combat.obj
 0001:00012043       ?RadiusDamage@CBaseMonster@@QAEXPAUentvars_t@@0MHH@Z 10013043 f   combat.obj
 0001:00012092       ?RadiusDamage@CBaseMonster@@QAEXVVector@@PAUentvars_t@@1MHH@Z 10013092 f   combat.obj
 0001:000120db       ?CheckTraceHullAttack@CBaseMonster@@QAEPAVCBaseEntity@@MHH@Z 100130db f   combat.obj
 0001:000121f0       ?FInViewCone@CBaseMonster@@UAEHPAVCBaseEntity@@@Z 100131f0 f   combat.obj
 0001:000122a0       ?FInViewCone@CBaseMonster@@UAEHPAVVector@@@Z 100132a0 f   combat.obj
 0001:0001234a       ?FVisible@CBaseEntity@@UAEHPAV1@@Z 1001334a f   combat.obj
 0001:00012464       ?FVisible@CBaseEntity@@UAEHABVVector@@@Z 10013464 f   combat.obj
 0001:000124e7       ?TraceAttack@CBaseEntity@@UAEXPAUentvars_t@@MVVector@@PAUTraceResult@@H@Z 100134e7 f   combat.obj
 0001:000125a8       ?TraceAttack@CBaseMonster@@UAEXPAUentvars_t@@MVVector@@PAUTraceResult@@H@Z 100135a8 f   combat.obj
 0001:000126cb       ?FireBullets@CBaseEntity@@QAEXKVVector@@00MHHHPAUentvars_t@@@Z 100136cb f   combat.obj
 0001:00012f30       ?TraceBleed@CBaseEntity@@UAEXMVVector@@PAUTraceResult@@H@Z 10013f30 f   combat.obj
 0001:000130e0       ?MakeDamageBloodDecal@CBaseMonster@@QAEXHMPAUTraceResult@@ABVVector@@@Z 100140e0 f   combat.obj
 0001:00013250       ?DotProduct@@YAMABVVector@@0@Z 10014250 f i combat.obj
 0001:00013280       ?SetConditions@CBaseMonster@@QAEXH@Z 10014280 f i combat.obj
 0001:000132b0       ?HasConditions@CBaseMonster@@QAEHH@Z 100142b0 f i combat.obj
 0001:000132e0       ?Remember@CBaseMonster@@QAEXH@Z 100142e0 f i combat.obj
 0001:00013310       ?HasMemory@CBaseMonster@@QAEHH@Z 10014310 f i combat.obj
 0001:00013340       ?StopAnimation@CBaseMonster@@QAEXXZ 10014340 f i combat.obj
 0001:00013360       ??0Vector2D@@QAE@XZ        10014360 f i combat.obj
 0001:00013370       ?Normalize@Vector2D@@QBE?AV1@XZ 10014370 f i combat.obj
 0001:00013400       ??0Vector2D@@QAE@MM@Z      10014400 f i combat.obj
 0001:00013430       ?Length@Vector2D@@QBEMXZ   10014430 f i combat.obj
 0001:00013470       ?DotProduct@@YAMABVVector2D@@0@Z 10014470 f i combat.obj
 0001:00013490       ?Make2D@Vector@@QBE?AVVector2D@@XZ 10014490 f i combat.obj
 0001:000134d0       ?GetClassPtr@@YAPAVCGib@@PAV1@@Z 100144d0 f i combat.obj
 0001:00013590       ??0CGib@@QAE@XZ            10014590 f i combat.obj
 0001:000135b0       ?ObjectCaps@CGib@@UAEHXZ   100145b0 f i combat.obj
 0001:000135d0       _weapon_crowbar            100145d0 f   crowbar.obj
 0001:000135e1       _weapon_fwcrowbar          100145e1 f   crowbar.obj
 0001:000135f2       ?Spawn@CCrowbar@@UAEXXZ    100145f2 f   crowbar.obj
 0001:00013642       ?Precache@CCrowbar@@UAEXXZ 10014642 f   crowbar.obj
 0001:000136cb       ?GetItemInfo@CCrowbar@@UAEHPAUItemInfo@@@Z 100146cb f   crowbar.obj
 0001:00013740       ?AddToPlayer@CCrowbar@@UAEHPAVCBasePlayer@@@Z 10014740 f   crowbar.obj
 0001:00013795       ?Deploy@CCrowbar@@UAEHXZ   10014795 f   crowbar.obj
 0001:000137b9       ?Holster@CCrowbar@@UAEXXZ  100147b9 f   crowbar.obj
 0001:000137f2       ?FindHullIntersection@@YAXABVVector@@AAUTraceResult@@PAM2PAUedict_s@@@Z 100147f2 f   crowbar.obj
 0001:000139ae       ?PrimaryAttack@CCrowbar@@UAEXXZ 100149ae f   crowbar.obj
 0001:000139f0       ?Smack@CCrowbar@@QAEXXZ    100149f0 f   crowbar.obj
 0001:00013a0e       ?SwingAgain@CCrowbar@@QAEXXZ 10014a0e f   crowbar.obj
 0001:00013a23       ?Swing@CCrowbar@@QAEHH@Z   10014a23 f   crowbar.obj
 0001:000141b0       ?GetClassPtr@@YAPAVCCrowbar@@PAV1@@Z 100151b0 f i crowbar.obj
 0001:00014270       ??0CCrowbar@@QAE@XZ        10015270 f i crowbar.obj
 0001:000142a0       ?iItemSlot@CCrowbar@@UAEHXZ 100152a0 f i crowbar.obj
 0001:000142b0       ?Save@CBaseDoor@@UAEHAAVCSave@@@Z 100152b0 f   doors.obj
 0001:000142e9       ?Restore@CBaseDoor@@UAEHAAVCRestore@@@Z 100152e9 f   doors.obj
 0001:00014322       ?PlayLockSounds@@YAXPAUentvars_t@@PAUlocksounds@@HH@Z 10015322 f   doors.obj
 0001:0001460b       ?KeyValue@CBaseDoor@@UAEXPAUKeyValueData_s@@@Z 1001560b f   doors.obj
 0001:0001488e       _func_door                 1001588e f   doors.obj
 0001:0001489f       _func_water                1001589f f   doors.obj
 0001:000148b0       ?Spawn@CBaseDoor@@UAEXXZ   100158b0 f   doors.obj
 0001:00014b53       ?SetToggleState@CBaseDoor@@UAEXH@Z 10015b53 f   doors.obj
 0001:00014b94       ?Precache@CBaseDoor@@UAEXXZ 10015b94 f   doors.obj
 0001:000152c3       ?DoorTouch@CBaseDoor@@QAEXPAVCBaseEntity@@@Z 100162c3 f   doors.obj
 0001:00015398       ?Use@CBaseDoor@@UAEXPAVCBaseEntity@@0W4USE_TYPE@@M@Z 10016398 f   doors.obj
 0001:000153e4       ?DoorActivate@CBaseDoor@@QAEHXZ 100163e4 f   doors.obj
 0001:000154d8       ?DoorGoUp@CBaseDoor@@QAEXXZ 100164d8 f   doors.obj
 0001:000156e9       ?DoorHitTop@CBaseDoor@@QAEXXZ 100166e9 f   doors.obj
 0001:00015878       ?DoorGoDown@CBaseDoor@@QAEXXZ 10016878 f   doors.obj
 0001:00015957       ?DoorHitBottom@CBaseDoor@@QAEXXZ 10016957 f   doors.obj
 0001:00015a92       ?Blocked@CBaseDoor@@UAEXPAVCBaseEntity@@@Z 10016a92 f   doors.obj
 0001:00015cec       _func_door_rotating        10016cec f   doors.obj
 0001:00015cfd       ?Spawn@CRotDoor@@UAEXXZ    10016cfd f   doors.obj
 0001:00015f5f       ?SetToggleState@CRotDoor@@UAEXH@Z 10016f5f f   doors.obj
 0001:00015fcb       _momentary_door            10016fcb f   doors.obj
 0001:00015fdc       ?Save@CMomentaryDoor@@UAEHAAVCSave@@@Z 10016fdc f   doors.obj
 0001:00016015       ?Restore@CMomentaryDoor@@UAEHAAVCRestore@@@Z 10017015 f   doors.obj
 0001:0001604e       ?Spawn@CMomentaryDoor@@UAEXXZ 1001704e f   doors.obj
 0001:0001628a       ?Precache@CMomentaryDoor@@UAEXXZ 1001728a f   doors.obj
 0001:00016475       ?KeyValue@CMomentaryDoor@@UAEXPAUKeyValueData_s@@@Z 10017475 f   doors.obj
 0001:00016517       ?Use@CMomentaryDoor@@UAEXPAVCBaseEntity@@0W4USE_TYPE@@M@Z 10017517 f   doors.obj
 0001:00016660       ?STOP_SOUND@@YAXPAUedict_s@@HPBD@Z 10017660 f i doors.obj
 0001:00016690       ?GetClassPtr@@YAPAVCBaseDoor@@PAV1@@Z 10017690 f i doors.obj
 0001:00016750       ?GetClassPtr@@YAPAVCRotDoor@@PAV1@@Z 10017750 f i doors.obj
 0001:00016810       ?GetClassPtr@@YAPAVCMomentaryDoor@@PAV1@@Z 10017810 f i doors.obj
 0001:000168d0       ??0CBaseDoor@@QAE@XZ       100178d0 f i doors.obj
 0001:000168f0       ?ObjectCaps@CBaseDoor@@UAEHXZ 100178f0 f i doors.obj
 0001:00016930       ??0CRotDoor@@QAE@XZ        10017930 f i doors.obj
 0001:00016950       ??0CMomentaryDoor@@QAE@XZ  10017950 f i doors.obj
 0001:00016970       ?ObjectCaps@CMomentaryDoor@@UAEHXZ 10017970 f i doors.obj
 0001:00016990       _weapon_doubleuzi          10017990 f   double_uzi.obj
 0001:000169a1       _ammo_9mmclip              100179a1 f   double_uzi.obj
 0001:000169b2       ?Spawn@CDoubleUzi@@UAEXXZ  100179b2 f   double_uzi.obj
 0001:00016a1a       ?Precache@CDoubleUzi@@UAEXXZ 10017a1a f   double_uzi.obj
 0001:00016a4a       ?GetItemInfo@CDoubleUzi@@UAEHPAUItemInfo@@@Z 10017a4a f   double_uzi.obj
 0001:00016ae3       ?AddToPlayer@CDoubleUzi@@UAEHPAVCBasePlayer@@@Z 10017ae3 f   double_uzi.obj
 0001:00016b38       ?Deploy@CDoubleUzi@@UAEHXZ 10017b38 f   double_uzi.obj
 0001:00016b5c       ?Holster@CDoubleUzi@@UAEXXZ 10017b5c f   double_uzi.obj
 0001:00016b85       ?PrimaryAttack@CDoubleUzi@@UAEXXZ 10017b85 f   double_uzi.obj
 0001:000172ba       ?Reload@CDoubleUzi@@UAEXXZ 100182ba f   double_uzi.obj
 0001:00017321       ?WeaponIdle@CDoubleUzi@@UAEXXZ 10018321 f   double_uzi.obj
 0001:000173d0       ?GetClassPtr@@YAPAVCDoubleUzi@@PAV1@@Z 100183d0 f i double_uzi.obj
 0001:00017490       ??0CDoubleUzi@@QAE@XZ      10018490 f i double_uzi.obj
 0001:000174b0       ?iItemSlot@CDoubleUzi@@UAEHXZ 100184b0 f i double_uzi.obj
 0001:000174c0       _info_target               100184c0 f   effects.obj
 0001:000174d1       _env_bubbles               100184d1 f   effects.obj
 0001:000174e2       ?Save@CBubbling@@UAEHAAVCSave@@@Z 100184e2 f   effects.obj
 0001:0001751b       ?Restore@CBubbling@@UAEHAAVCRestore@@@Z 1001851b f   effects.obj
 0001:00017554       ?Spawn@CBubbling@@UAEXXZ   10018554 f   effects.obj
 0001:000176ce       ?Precache@CBubbling@@UAEXXZ 100186ce f   effects.obj
 0001:000176ed       ?Use@CBubbling@@UAEXPAVCBaseEntity@@0W4USE_TYPE@@M@Z 100186ed f   effects.obj
 0001:00017771       ?KeyValue@CBubbling@@UAEXPAUKeyValueData_s@@@Z 10018771 f   effects.obj
 0001:00017846       ?FizzThink@CBubbling@@QAEXXZ 10018846 f   effects.obj
 0001:0001791d       _beam                      1001891d f   effects.obj
 0001:0001792e       ?Spawn@CBeam@@UAEXXZ       1001892e f   effects.obj
 0001:00017954       ?Precache@CBeam@@UAEXXZ    10018954 f   effects.obj
 0001:000179b9       ?SetStartEntity@CBeam@@QAEXH@Z 100189b9 f   effects.obj
 0001:00017a0a       ?SetEndEntity@CBeam@@QAEXH@Z 10018a0a f   effects.obj
 0001:00017a5b       ?GetStartPos@CBeam@@QAEABVVector@@XZ 10018a5b f   effects.obj
 0001:00017a9d       ?GetEndPos@CBeam@@QAEABVVector@@XZ 10018a9d f   effects.obj
 0001:00017afa       ?BeamCreate@CBeam@@SAPAV1@PBDH@Z 10018afa f   effects.obj
 0001:00017b3a       ?BeamInit@CBeam@@QAEXPBDH@Z 10018b3a f   effects.obj
 0001:00017c14       ?PointsInit@CBeam@@QAEXABVVector@@0@Z 10018c14 f   effects.obj
 0001:00017c5f       ?HoseInit@CBeam@@QAEXABVVector@@0@Z 10018c5f f   effects.obj
 0001:00017caa       ?PointEntInit@CBeam@@QAEXABVVector@@H@Z 10018caa f   effects.obj
 0001:00017cf5       ?EntsInit@CBeam@@QAEXHH@Z  10018cf5 f   effects.obj
 0001:00017d40       ?RelinkBeam@CBeam@@QAEXXZ  10018d40 f   effects.obj
 0001:00017f5f       ?TriggerTouch@CBeam@@QAEXPAVCBaseEntity@@@Z 10018f5f f   effects.obj
 0001:00017fd2       ?RandomTargetname@CBeam@@QAEPAVCBaseEntity@@PBD@Z 10018fd2 f   effects.obj
 0001:0001803a       ?DoSparks@CBeam@@QAEXABVVector@@0@Z 1001903a f   effects.obj
 0001:00018098       _env_lightning             10019098 f   effects.obj
 0001:000180a9       _env_beam                  100190a9 f   effects.obj
 0001:000180ba       ?Save@CLightning@@UAEHAAVCSave@@@Z 100190ba f   effects.obj
 0001:000180f3       ?Restore@CLightning@@UAEHAAVCRestore@@@Z 100190f3 f   effects.obj
 0001:0001812c       ?Spawn@CLightning@@UAEXXZ  1001912c f   effects.obj
 0001:000182c5       ?Precache@CLightning@@UAEXXZ 100192c5 f   effects.obj
 0001:000182f9       ?Activate@CLightning@@UAEXXZ 100192f9 f   effects.obj
 0001:00018318       ?KeyValue@CLightning@@UAEXPAUKeyValueData_s@@@Z 10019318 f   effects.obj
 0001:000185cd       ?ToggleUse@CLightning@@QAEXPAVCBaseEntity@@0W4USE_TYPE@@M@Z 100195cd f   effects.obj
 0001:000186b5       ?StrikeUse@CLightning@@QAEXPAVCBaseEntity@@0W4USE_TYPE@@M@Z 100196b5 f   effects.obj
 0001:00018740       ?IsPointEntity@@YAHPAVCBaseEntity@@@Z 10019740 f   effects.obj
 0001:000187ac       ?StrikeThink@CLightning@@QAEXXZ 100197ac f   effects.obj
 0001:00018c33       ?BeamDamage@CBeam@@QAEXPAUTraceResult@@@Z 10019c33 f   effects.obj
 0001:00018d69       ?DamageThink@CLightning@@QAEXXZ 10019d69 f   effects.obj
 0001:00018dc8       ?Zap@CLightning@@QAEXABVVector@@0@Z 10019dc8 f   effects.obj
 0001:00018f56       ?RandomArea@CLightning@@QAEXXZ 10019f56 f   effects.obj
 0001:00019245       ?RandomPoint@CLightning@@QAEXAAVVector@@@Z 1001a245 f   effects.obj
 0001:0001939d       ?BeamUpdateVars@CLightning@@QAEXXZ 1001a39d f   effects.obj
 0001:000195f6       _env_laser                 1001a5f6 f   effects.obj
 0001:00019607       ?Save@CLaser@@UAEHAAVCSave@@@Z 1001a607 f   effects.obj
 0001:00019640       ?Restore@CLaser@@UAEHAAVCRestore@@@Z 1001a640 f   effects.obj
 0001:00019679       ?Spawn@CLaser@@UAEXXZ      1001a679 f   effects.obj
 0001:000197f4       ?Precache@CLaser@@UAEXXZ   1001a7f4 f   effects.obj
 0001:00019852       ?KeyValue@CLaser@@UAEXPAUKeyValueData_s@@@Z 1001a852 f   effects.obj
 0001:00019a79       ?IsOn@CLaser@@QAEHXZ       1001aa79 f   effects.obj
 0001:00019aa3       ?TurnOff@CLaser@@QAEXXZ    1001aaa3 f   effects.obj
 0001:00019aed       ?TurnOn@CLaser@@QAEXXZ     1001aaed f   effects.obj
 0001:00019b4e       ?Use@CLaser@@UAEXPAVCBaseEntity@@0W4USE_TYPE@@M@Z 1001ab4e f   effects.obj
 0001:00019b96       ?FireAtPoint@CLaser@@QAEXAAUTraceResult@@@Z 1001ab96 f   effects.obj
 0001:00019bf8       ?StrikeThink@CLaser@@QAEXXZ 1001abf8 f   effects.obj
 0001:00019ca0       _env_glow                  1001aca0 f   effects.obj
 0001:00019cb1       ?Save@CGlow@@UAEHAAVCSave@@@Z 1001acb1 f   effects.obj
 0001:00019cea       ?Restore@CGlow@@UAEHAAVCRestore@@@Z 1001acea f   effects.obj
 0001:00019d23       ?Spawn@CGlow@@UAEXXZ       1001ad23 f   effects.obj
 0001:00019e43       ?Think@CGlow@@UAEXXZ       1001ae43 f   effects.obj
 0001:00019ea1       ?Animate@CGlow@@QAEXM@Z    1001aea1 f   effects.obj
 0001:00019efb       _env_sprite                1001aefb f   effects.obj
 0001:00019f0c       ?Save@CSprite@@UAEHAAVCSave@@@Z 1001af0c f   effects.obj
 0001:00019f45       ?Restore@CSprite@@UAEHAAVCRestore@@@Z 1001af45 f   effects.obj
 0001:00019f7e       ?Spawn@CSprite@@UAEXXZ     1001af7e f   effects.obj
 0001:0001a0ae       ?Precache@CSprite@@UAEXXZ  1001b0ae f   effects.obj
 0001:0001a12e       ?SpriteInit@CSprite@@QAEXPBDABVVector@@@Z 1001b12e f   effects.obj
 0001:0001a17b       ?SpriteCreate@CSprite@@SAPAV1@PBDABVVector@@H@Z 1001b17b f   effects.obj
 0001:0001a1ea       ?AnimateThink@CSprite@@QAEXXZ 1001b1ea f   effects.obj
 0001:0001a248       ?AnimateUntilDead@CSprite@@QAEXXZ 1001b248 f   effects.obj
 0001:0001a297       ?Expand@CSprite@@QAEXMM@Z  1001b297 f   effects.obj
 0001:0001a2ec       ?ExpandThink@CSprite@@QAEXXZ 1001b2ec f   effects.obj
 0001:0001a3b9       ?Animate@CSprite@@QAEXM@Z  1001b3b9 f   effects.obj
 0001:0001a461       ?TurnOff@CSprite@@QAEXXZ   1001b461 f   effects.obj
 0001:0001a48c       ?TurnOn@CSprite@@QAEXXZ    1001b48c f   effects.obj
 0001:0001a522       ?Use@CSprite@@UAEXPAVCBaseEntity@@0W4USE_TYPE@@M@Z 1001b522 f   effects.obj
 0001:0001a575       ?Save@CGibShooter@@UAEHAAVCSave@@@Z 1001b575 f   effects.obj
 0001:0001a5ae       ?Restore@CGibShooter@@UAEHAAVCRestore@@@Z 1001b5ae f   effects.obj
 0001:0001a5e7       _gibshooter                1001b5e7 f   effects.obj
 0001:0001a5f8       ?Precache@CGibShooter@@UAEXXZ 1001b5f8 f   effects.obj
 0001:0001a636       ?KeyValue@CGibShooter@@UAEXPAUKeyValueData_s@@@Z 1001b636 f   effects.obj
 0001:0001a742       ?Use@CGibShooter@@UAEXPAVCBaseEntity@@0W4USE_TYPE@@M@Z 1001b742 f   effects.obj
 0001:0001a76c       ?Spawn@CGibShooter@@UAEXXZ 1001b76c f   effects.obj
 0001:0001a807       ?CreateGib@CGibShooter@@UAEPAVCGib@@XZ 1001b807 f   effects.obj
 0001:0001a8a0       ?ShootThink@CGibShooter@@QAEXXZ 1001b8a0 f   effects.obj
 0001:0001abd8       _env_shooter               1001bbd8 f   effects.obj
 0001:0001abe9       ?KeyValue@CEnvShooter@@EAEXPAUKeyValueData_s@@@Z 1001bbe9 f   effects.obj
 0001:0001aced       ?Precache@CEnvShooter@@EAEXXZ 1001bced f   effects.obj
 0001:0001ad2f       ?CreateGib@CEnvShooter@@EAEPAVCGib@@XZ 1001bd2f f   effects.obj
 0001:0001ae65       _test_effect               1001be65 f   effects.obj
 0001:0001ae76       ?Spawn@CTestEffect@@UAEXXZ 1001be76 f   effects.obj
 0001:0001ae8c       ?Precache@CTestEffect@@UAEXXZ 1001be8c f   effects.obj
 0001:0001aea5       ?TestThink@CTestEffect@@QAEXXZ 1001bea5 f   effects.obj
 0001:0001b165       ?Use@CTestEffect@@UAEXPAVCBaseEntity@@0W4USE_TYPE@@M@Z 1001c165 f   effects.obj
 0001:0001b1ac       _env_blood                 1001c1ac f   effects.obj
 0001:0001b1bd       ?Spawn@CBlood@@UAEXXZ      1001c1bd f   effects.obj
 0001:0001b217       ?KeyValue@CBlood@@UAEXPAUKeyValueData_s@@@Z 1001c217 f   effects.obj
 0001:0001b2d4       ?Direction@CBlood@@QAE?AVVector@@XZ 1001c2d4 f   effects.obj
 0001:0001b325       ?BloodPosition@CBlood@@QAE?AVVector@@PAVCBaseEntity@@@Z 1001c325 f   effects.obj
 0001:0001b41d       ?Use@CBlood@@UAEXPAVCBaseEntity@@0W4USE_TYPE@@M@Z 1001c41d f   effects.obj
 0001:0001b5b6       _env_shake                 1001c5b6 f   effects.obj
 0001:0001b5c7       ?Spawn@CShake@@UAEXXZ      1001c5c7 f   effects.obj
 0001:0001b635       ?KeyValue@CShake@@UAEXPAUKeyValueData_s@@@Z 1001c635 f   effects.obj
 0001:0001b75e       ?Use@CShake@@UAEXPAVCBaseEntity@@0W4USE_TYPE@@M@Z 1001c75e f   effects.obj
 0001:0001b7ad       _env_fade                  1001c7ad f   effects.obj
 0001:0001b7be       ?Spawn@CFade@@UAEXXZ       1001c7be f   effects.obj
 0001:0001b809       ?KeyValue@CFade@@UAEXPAUKeyValueData_s@@@Z 1001c809 f   effects.obj
 0001:0001b8a8       ?Use@CFade@@UAEXPAVCBaseEntity@@0W4USE_TYPE@@M@Z 1001c8a8 f   effects.obj
 0001:0001b9b6       _env_message               1001c9b6 f   effects.obj
 0001:0001b9c7       ?Spawn@CMessage@@UAEXXZ    1001c9c7 f   effects.obj
 0001:0001baa1       ?Precache@CMessage@@UAEXXZ 1001caa1 f   effects.obj
 0001:0001badd       ?KeyValue@CMessage@@UAEXPAUKeyValueData_s@@@Z 1001cadd f   effects.obj
 0001:0001bbc2       ?Use@CMessage@@UAEXPAVCBaseEntity@@0W4USE_TYPE@@M@Z 1001cbc2 f   effects.obj
 0001:0001bcf4       ?Precache@CEnvFunnel@@UAEXXZ 1001ccf4 f   effects.obj
 0001:0001bd13       _env_funnel                1001cd13 f   effects.obj
 0001:0001bd24       ?Use@CEnvFunnel@@UAEXPAVCBaseEntity@@0W4USE_TYPE@@M@Z 1001cd24 f   effects.obj
 0001:0001bde4       ?Spawn@CEnvFunnel@@UAEXXZ  1001cde4 f   effects.obj
 0001:0001be1a       ?Precache@CEnvBeverage@@UAEXXZ 1001ce1a f   effects.obj
 0001:0001be41       _env_beverage              1001ce41 f   effects.obj
 0001:0001be52       ?Use@CEnvBeverage@@UAEXPAVCBaseEntity@@0W4USE_TYPE@@M@Z 1001ce52 f   effects.obj
 0001:0001bf35       ?Spawn@CEnvBeverage@@UAEXXZ 1001cf35 f   effects.obj
 0001:0001bfa4       ?Precache@CItemSoda@@UAEXXZ 1001cfa4 f   effects.obj
 0001:0001bfaf       _item_sodacan              1001cfaf f   effects.obj
 0001:0001bfc0       ?Spawn@CItemSoda@@UAEXXZ   1001cfc0 f   effects.obj
 0001:0001c069       ?CanThink@CItemSoda@@QAEXXZ 1001d069 f   effects.obj
 0001:0001c0ff       ?CanTouch@CItemSoda@@QAEXPAVCBaseEntity@@@Z 1001d0ff f   effects.obj
 0001:0001c1c0       ?ServerSide@CLightning@@QAEHXZ 1001d1c0 f i effects.obj
 0001:0001c200       ?entindex@CBaseEntity@@QAEHXZ 1001d200 f i effects.obj
 0001:0001c220       ?SetTransparency@CSprite@@QAEXHHHHHH@Z 1001d220 f i effects.obj
 0001:0001c290       ?SetType@CBeam@@QAEXH@Z    1001d290 f i effects.obj
 0001:0001c2d0       ?SetFlags@CBeam@@QAEXH@Z   1001d2d0 f i effects.obj
 0001:0001c310       ?SetStartPos@CBeam@@QAEXABVVector@@@Z 1001d310 f i effects.obj
 0001:0001c340       ?SetEndPos@CBeam@@QAEXABVVector@@@Z 1001d340 f i effects.obj
 0001:0001c370       ?SetStartAttachment@CBeam@@QAEXH@Z 1001d370 f i effects.obj
 0001:0001c3b0       ?SetEndAttachment@CBeam@@QAEXH@Z 1001d3b0 f i effects.obj
 0001:0001c3f0       ?SetTexture@CBeam@@QAEXH@Z 1001d3f0 f i effects.obj
 0001:0001c410       ?SetWidth@CBeam@@QAEXH@Z   1001d410 f i effects.obj
 0001:0001c430       ?SetNoise@CBeam@@QAEXH@Z   1001d430 f i effects.obj
 0001:0001c450       ?SetColor@CBeam@@QAEXHHH@Z 1001d450 f i effects.obj
 0001:0001c490       ?SetBrightness@CBeam@@QAEXH@Z 1001d490 f i effects.obj
 0001:0001c4b0       ?SetFrame@CBeam@@QAEXM@Z   1001d4b0 f i effects.obj
 0001:0001c4d0       ?SetScrollRate@CBeam@@QAEXH@Z 1001d4d0 f i effects.obj
 0001:0001c4f0       ?GetType@CBeam@@QAEHXZ     1001d4f0 f i effects.obj
 0001:0001c510       ?GetStartEntity@CBeam@@QAEHXZ 1001d510 f i effects.obj
 0001:0001c530       ?GetEndEntity@CBeam@@QAEHXZ 1001d530 f i effects.obj
 0001:0001c550       ?BeamDamageInstant@CBeam@@QAEXPAUTraceResult@@M@Z 1001d550 f i effects.obj
 0001:0001c5a0       ?SetAttachment@CSprite@@QAEXPAUedict_s@@H@Z 1001d5a0 f i effects.obj
 0001:0001c600       ?SetColor@CBlood@@QAEXH@Z  1001d600 f i effects.obj
 0001:0001c620       ?SetBloodAmount@CBlood@@QAEXM@Z 1001d620 f i effects.obj
 0001:0001c640       ?Color@CBlood@@QAEHXZ      1001d640 f i effects.obj
 0001:0001c660       ?BloodAmount@CBlood@@QAEMXZ 1001d660 f i effects.obj
 0001:0001c680       ?SetAmplitude@CShake@@QAEXM@Z 1001d680 f i effects.obj
 0001:0001c6a0       ?SetFrequency@CShake@@QAEXM@Z 1001d6a0 f i effects.obj
 0001:0001c6c0       ?SetDuration@CShake@@QAEXM@Z 1001d6c0 f i effects.obj
 0001:0001c6e0       ?SetRadius@CShake@@QAEXM@Z 1001d6e0 f i effects.obj
 0001:0001c700       ?Amplitude@CShake@@QAEMXZ  1001d700 f i effects.obj
 0001:0001c720       ?Frequency@CShake@@QAEMXZ  1001d720 f i effects.obj
 0001:0001c740       ?Duration@CShake@@QAEMXZ   1001d740 f i effects.obj
 0001:0001c760       ?Radius@CShake@@QAEMXZ     1001d760 f i effects.obj
 0001:0001c780       ?SetDuration@CFade@@QAEXM@Z 1001d780 f i effects.obj
 0001:0001c7a0       ?SetHoldTime@CFade@@QAEXM@Z 1001d7a0 f i effects.obj
 0001:0001c7c0       ?Duration@CFade@@QAEMXZ    1001d7c0 f i effects.obj
 0001:0001c7e0       ?HoldTime@CFade@@QAEMXZ    1001d7e0 f i effects.obj
 0001:0001c800       ?GetClassPtr@@YAPAVCPointEntity@@PAV1@@Z 1001d800 f i effects.obj
 0001:0001c8c0       ?GetClassPtr@@YAPAVCBubbling@@PAV1@@Z 1001d8c0 f i effects.obj
 0001:0001c980       ?GetClassPtr@@YAPAVCBeam@@PAV1@@Z 1001d980 f i effects.obj
 0001:0001ca40       ?GetClassPtr@@YAPAVCLightning@@PAV1@@Z 1001da40 f i effects.obj
 0001:0001cb00       ?GetClassPtr@@YAPAVCLaser@@PAV1@@Z 1001db00 f i effects.obj
 0001:0001cbc0       ?GetClassPtr@@YAPAVCGlow@@PAV1@@Z 1001dbc0 f i effects.obj
 0001:0001cc80       ?GetClassPtr@@YAPAVCSprite@@PAV1@@Z 1001dc80 f i effects.obj
 0001:0001cd40       ?GetClassPtr@@YAPAVCGibShooter@@PAV1@@Z 1001dd40 f i effects.obj
 0001:0001ce00       ?GetClassPtr@@YAPAVCEnvShooter@@PAV1@@Z 1001de00 f i effects.obj
 0001:0001cec0       ?GetClassPtr@@YAPAVCTestEffect@@PAV1@@Z 1001dec0 f i effects.obj
 0001:0001cf80       ?GetClassPtr@@YAPAVCBlood@@PAV1@@Z 1001df80 f i effects.obj
 0001:0001d040       ?GetClassPtr@@YAPAVCShake@@PAV1@@Z 1001e040 f i effects.obj
 0001:0001d100       ?GetClassPtr@@YAPAVCFade@@PAV1@@Z 1001e100 f i effects.obj
 0001:0001d1c0       ?GetClassPtr@@YAPAVCMessage@@PAV1@@Z 1001e1c0 f i effects.obj
 0001:0001d280       ?GetClassPtr@@YAPAVCEnvFunnel@@PAV1@@Z 1001e280 f i effects.obj
 0001:0001d340       ?GetClassPtr@@YAPAVCEnvBeverage@@PAV1@@Z 1001e340 f i effects.obj
 0001:0001d400       ?GetClassPtr@@YAPAVCItemSoda@@PAV1@@Z 1001e400 f i effects.obj
 0001:0001d4c0       ??0CBubbling@@QAE@XZ       1001e4c0 f i effects.obj
 0001:0001d4e0       ?ObjectCaps@CBubbling@@UAEHXZ 1001e4e0 f i effects.obj
 0001:0001d500       ??0CBeam@@QAE@XZ           1001e500 f i effects.obj
 0001:0001d520       ?ObjectCaps@CBeam@@UAEHXZ  1001e520 f i effects.obj
 0001:0001d560       ?Center@CBeam@@UAE?AVVector@@XZ 1001e560 f i effects.obj
 0001:0001d5b0       ??0CLightning@@QAE@XZ      1001e5b0 f i effects.obj
 0001:0001d5d0       ??0CLaser@@QAE@XZ          1001e5d0 f i effects.obj
 0001:0001d600       ??0CGlow@@QAE@XZ           1001e600 f i effects.obj
 0001:0001d620       ??0CSprite@@QAE@XZ         1001e620 f i effects.obj
 0001:0001d640       ?ObjectCaps@CSprite@@UAEHXZ 1001e640 f i effects.obj
 0001:0001d680       ??0CGibShooter@@QAE@XZ     1001e680 f i effects.obj
 0001:0001d6a0       ??0CEnvShooter@@QAE@XZ     1001e6a0 f i effects.obj
 0001:0001d6c0       ??0CTestEffect@@QAE@XZ     1001e6c0 f i effects.obj
 0001:0001d6e0       ??0CBlood@@QAE@XZ          1001e6e0 f i effects.obj
 0001:0001d700       ??0CShake@@QAE@XZ          1001e700 f i effects.obj
 0001:0001d720       ??0CFade@@QAE@XZ           1001e720 f i effects.obj
 0001:0001d740       ??0CMessage@@QAE@XZ        1001e740 f i effects.obj
 0001:0001d760       ??0CEnvFunnel@@QAE@XZ      1001e760 f i effects.obj
 0001:0001d780       ??0CEnvBeverage@@QAE@XZ    1001e780 f i effects.obj
 0001:0001d7a0       ??0CItemSoda@@QAE@XZ       1001e7a0 f i effects.obj
 0001:0001d7c0       _spark_shower              1001e7c0 f   explode.obj
 0001:0001d7d1       ?Spawn@CShower@@EAEXXZ     1001e7d1 f   explode.obj
 0001:0001d98f       ?Think@CShower@@EAEXXZ     1001e98f f   explode.obj
 0001:0001da2b       ?Touch@CShower@@EAEXPAVCBaseEntity@@@Z 1001ea2b f   explode.obj
 0001:0001daf5       ?Save@CEnvExplosion@@UAEHAAVCSave@@@Z 1001eaf5 f   explode.obj
 0001:0001db2e       ?Restore@CEnvExplosion@@UAEHAAVCRestore@@@Z 1001eb2e f   explode.obj
 0001:0001db67       _env_explosion             1001eb67 f   explode.obj
 0001:0001db78       ?KeyValue@CEnvExplosion@@UAEXPAUKeyValueData_s@@@Z 1001eb78 f   explode.obj
 0001:0001dbcd       ?Spawn@CEnvExplosion@@UAEXXZ 1001ebcd f   explode.obj
 0001:0001dc4d       ?Use@CEnvExplosion@@UAEXPAVCBaseEntity@@0W4USE_TYPE@@M@Z 1001ec4d f   explode.obj
 0001:0001e05d       ?Smoke@CEnvExplosion@@QAEXXZ 1001f05d f   explode.obj
 0001:0001e136       ?ExplosionCreate@@YAXABVVector@@0PAUedict_s@@HH@Z 1001f136 f   explode.obj
 0001:0001e1e0       ?GetClassPtr@@YAPAVCShower@@PAV1@@Z 1001f1e0 f i explode.obj
 0001:0001e2a0       ?GetClassPtr@@YAPAVCEnvExplosion@@PAV1@@Z 1001f2a0 f i explode.obj
 0001:0001e360       ??0CShower@@QAE@XZ         1001f360 f i explode.obj
 0001:0001e380       ?ObjectCaps@CShower@@EAEHXZ 1001f380 f i explode.obj
 0001:0001e390       ??0CEnvExplosion@@QAE@XZ   1001f390 f i explode.obj
 0001:0001e3b0       ??0CFWArena@@QAE@XZ        1001f3b0 f   fragsforweapons_arena.obj
 0001:0001e4c2       ?RefreshSkillData@CFWArena@@UAEXXZ 1001f4c2 f   fragsforweapons_arena.obj
 0001:0001e561       ?Think@CFWArena@@UAEXXZ    1001f561 f   fragsforweapons_arena.obj
 0001:0001e67d       ?IsMultiplayer@CFWArena@@UAEHXZ 1001f67d f   fragsforweapons_arena.obj
 0001:0001e68d       ?IsDeathmatch@CFWArena@@UAEHXZ 1001f68d f   fragsforweapons_arena.obj
 0001:0001e69d       ?IsFWArena@CFWArena@@UAEHXZ 1001f69d f   fragsforweapons_arena.obj
 0001:0001e6ad       ?IsCoOp@CFWArena@@UAEHXZ   1001f6ad f   fragsforweapons_arena.obj
 0001:0001e6c5       ?FShouldSwitchWeapon@CFWArena@@UAEHPAVCBasePlayer@@PAVCBasePlayerItem@@@Z 1001f6c5 f   fragsforweapons_arena.obj
 0001:0001e744       ?GetNextBestWeapon@CFWArena@@UAEHPAVCBasePlayer@@PAVCBasePlayerItem@@@Z 1001f744 f   fragsforweapons_arena.obj
 0001:0001e86e       ?ClientConnected@CFWArena@@UAEHPAUedict_s@@PBD1QAD@Z 1001f86e f   fragsforweapons_arena.obj
 0001:0001e880       ?UpdateGameMode@CFWArena@@UAEXPAVCBasePlayer@@@Z 1001f880 f   fragsforweapons_arena.obj
 0001:0001e8b9       ?InitHUD@CFWArena@@UAEXPAVCBasePlayer@@@Z 1001f8b9 f   fragsforweapons_arena.obj
 0001:0001eadb       ?ClientDisconnected@CFWArena@@UAEXPAUedict_s@@@Z 1001fadb f   fragsforweapons_arena.obj
 0001:0001eb61       ?FlPlayerFallDamage@CFWArena@@UAEMPAVCBasePlayer@@@Z 1001fb61 f   fragsforweapons_arena.obj
 0001:0001ebc9       ?FPlayerCanTakeDamage@CFWArena@@UAEHPAVCBasePlayer@@PAVCBaseEntity@@@Z 1001fbc9 f   fragsforweapons_arena.obj
 0001:0001ebdb       ?PlayerThink@CFWArena@@UAEXPAVCBasePlayer@@@Z 1001fbdb f   fragsforweapons_arena.obj
 0001:0001ec38       ?ClientCommand@CFWArena@@UAEHPAVCBasePlayer@@PBD@Z 1001fc38 f   fragsforweapons_arena.obj
 0001:00020c75       ?PlayerSpawn@CFWArena@@UAEXPAVCBasePlayer@@@Z 10021c75 f   fragsforweapons_arena.obj
 0001:00020cfd       ?FPlayerCanRespawn@CFWArena@@UAEHPAVCBasePlayer@@@Z 10021cfd f   fragsforweapons_arena.obj
 0001:00020d13       ?FlPlayerSpawnTime@CFWArena@@UAEMPAVCBasePlayer@@@Z 10021d13 f   fragsforweapons_arena.obj
 0001:00020d27       ?AllowAutoTargetCrosshair@CFWArena@@UAEHXZ 10021d27 f   fragsforweapons_arena.obj
 0001:00020d62       ?IPointsForKill@CFWArena@@UAEHPAVCBasePlayer@@0@Z 10021d62 f   fragsforweapons_arena.obj
 0001:00020d74       ?PlayerKilled@CFWArena@@UAEXPAVCBasePlayer@@PAUentvars_t@@1@Z 10021d74 f   fragsforweapons_arena.obj
 0001:00020f9c       ?DeathNotice@CFWArena@@UAEXPAVCBasePlayer@@PAUentvars_t@@1@Z 10021f9c f   fragsforweapons_arena.obj
 0001:00021210       ?PlayerGotWeapon@CFWArena@@UAEXPAVCBasePlayer@@PAVCBasePlayerItem@@@Z 10022210 f   fragsforweapons_arena.obj
 0001:0002121d       ?FlWeaponRespawnTime@CFWArena@@UAEMPAVCBasePlayerItem@@@Z 1002221d f   fragsforweapons_arena.obj
 0001:00021230       ?FlWeaponTryRespawn@CFWArena@@UAEMPAVCBasePlayerItem@@@Z 10022230 f   fragsforweapons_arena.obj
 0001:0002125a       ?VecWeaponRespawnSpot@CFWArena@@UAE?AVVector@@PAVCBasePlayerItem@@@Z 1002225a f   fragsforweapons_arena.obj
 0001:0002127c       ?WeaponShouldRespawn@CFWArena@@UAEHPAVCBasePlayerItem@@@Z 1002227c f   fragsforweapons_arena.obj
 0001:0002128e       ?CanHavePlayerItem@CFWArena@@UAEHPAVCBasePlayer@@PAVCBasePlayerItem@@@Z 1002228e f   fragsforweapons_arena.obj
 0001:00021336       ?CanHaveItem@CFWArena@@UAEHPAVCBasePlayer@@PAVCItem@@@Z 10022336 f   fragsforweapons_arena.obj
 0001:00021348       ?PlayerGotItem@CFWArena@@UAEXPAVCBasePlayer@@PAVCItem@@@Z 10022348 f   fragsforweapons_arena.obj
 0001:00021355       ?ItemShouldRespawn@CFWArena@@UAEHPAVCItem@@@Z 10022355 f   fragsforweapons_arena.obj
 0001:00021367       ?FlItemRespawnTime@CFWArena@@UAEMPAVCItem@@@Z 10022367 f   fragsforweapons_arena.obj
 0001:00021381       ?VecItemRespawnSpot@CFWArena@@UAE?AVVector@@PAVCItem@@@Z 10022381 f   fragsforweapons_arena.obj
 0001:000213a3       ?PlayerGotAmmo@CFWArena@@UAEXPAVCBasePlayer@@PADH@Z 100223a3 f   fragsforweapons_arena.obj
 0001:000213b0       ?IsAllowedToSpawn@CFWArena@@UAEHPAVCBaseEntity@@@Z 100223b0 f   fragsforweapons_arena.obj
 0001:000213d9       ?AmmoShouldRespawn@CFWArena@@UAEHPAVCBasePlayerAmmo@@@Z 100223d9 f   fragsforweapons_arena.obj
 0001:000213eb       ?FlAmmoRespawnTime@CFWArena@@UAEMPAVCBasePlayerAmmo@@@Z 100223eb f   fragsforweapons_arena.obj
 0001:00021405       ?VecAmmoRespawnSpot@CFWArena@@UAE?AVVector@@PAVCBasePlayerAmmo@@@Z 10022405 f   fragsforweapons_arena.obj
 0001:00021427       ?FlHealthChargerRechargeTime@CFWArena@@UAEMXZ 10022427 f   fragsforweapons_arena.obj
 0001:00021438       ?FlHEVChargerRechargeTime@CFWArena@@UAEMXZ 10022438 f   fragsforweapons_arena.obj
 0001:00021449       ?DeadPlayerWeapons@CFWArena@@UAEHPAVCBasePlayer@@@Z 10022449 f   fragsforweapons_arena.obj
 0001:0002145b       ?DeadPlayerAmmo@CFWArena@@UAEHPAVCBasePlayer@@@Z 1002245b f   fragsforweapons_arena.obj
 0001:0002146d       ?GetPlayerSpawnSpot@CFWArena@@UAEPAUedict_s@@PAVCBasePlayer@@@Z 1002246d f   fragsforweapons_arena.obj
 0001:000214d2       ?PlayerRelationship@CFWArena@@UAEHPAVCBaseEntity@@0@Z 100224d2 f   fragsforweapons_arena.obj
 0001:000214e1       ?PlayFootstepSounds@CFWArena@@UAEHPAVCBasePlayer@@M@Z 100224e1 f   fragsforweapons_arena.obj
 0001:0002153d       ?FAllowFlashlight@CFWArena@@UAEHXZ 1002253d f   fragsforweapons_arena.obj
 0001:00021578       ?FAllowMonsters@CFWArena@@UAEHXZ 10022578 f   fragsforweapons_arena.obj
 0001:000215b3       ?GoToIntermission@CFWArena@@MAEXXZ 100225b3 f   fragsforweapons_arena.obj
 0001:00021606       ?ChangeLevel@CFWArena@@MAEXXZ 10022606 f   fragsforweapons_arena.obj
 0001:00021819       ?SendMOTDToClient@CFWArena@@IAEXPAUedict_s@@@Z 10022819 f   fragsforweapons_arena.obj
 0001:00021930       ??0CGameRules@@QAE@XZ      10022930 f i fragsforweapons_arena.obj
 0001:00021950       ?iWeight@CBasePlayerItem@@QAEHXZ 10022950 f i fragsforweapons_arena.obj
 0001:00021970       ?IsRocketArena@CGameRules@@UAEHXZ 10022970 f i fragsforweapons_arena.obj
 0001:00021980       ?IsRailArena@CGameRules@@UAEHXZ 10022980 f i fragsforweapons_arena.obj
 0001:00021990       ?IsFWArena@CGameRules@@UAEHXZ 10022990 f i fragsforweapons_arena.obj
 0001:000219a0       ?IsTeamplay@CGameRules@@UAEHXZ 100229a0 f i fragsforweapons_arena.obj
 0001:000219b0       ?GetGameDescription@CGameRules@@UAEPBDXZ 100229b0 f i fragsforweapons_arena.obj
 0001:000219c0       ?UpdateGameMode@CGameRules@@UAEXPAVCBasePlayer@@@Z 100229c0 f i fragsforweapons_arena.obj
 0001:000219d0       ?FPlayerCanTakeDamage@CGameRules@@UAEHPAVCBasePlayer@@PAVCBaseEntity@@@Z 100229d0 f i fragsforweapons_arena.obj
 0001:000219f0       ?ShouldAutoAim@CGameRules@@UAEHPAVCBasePlayer@@PAUedict_s@@@Z 100229f0 f i fragsforweapons_arena.obj
 0001:00021a10       ?AllowAutoTargetCrosshair@CGameRules@@UAEHXZ 10022a10 f i fragsforweapons_arena.obj
 0001:00021a20       ?ClientCommand@CGameRules@@UAEHPAVCBasePlayer@@PBD@Z 10022a20 f i fragsforweapons_arena.obj
 0001:00021a30       ?ClientUserInfoChanged@CGameRules@@UAEXPAVCBasePlayer@@PAD@Z 10022a30 f i fragsforweapons_arena.obj
 0001:00021a40       ?FlHEVChargerRechargeTime@CGameRules@@UAEMXZ 10022a40 f i fragsforweapons_arena.obj
 0001:00021a60       ?GetTeamIndex@CGameRules@@UAEHPBD@Z 10022a60 f i fragsforweapons_arena.obj
 0001:00021a70       ?GetIndexedTeamName@CGameRules@@UAEPBDH@Z 10022a70 f i fragsforweapons_arena.obj
 0001:00021a90       ?IsValidTeam@CGameRules@@UAEHPBD@Z 10022a90 f i fragsforweapons_arena.obj
 0001:00021ab0       ?ChangePlayerTeam@CGameRules@@UAEXPAVCBasePlayer@@PBDHH@Z 10022ab0 f i fragsforweapons_arena.obj
 0001:00021ac0       ?SetDefaultPlayerTeam@CGameRules@@UAEPBDPAVCBasePlayer@@@Z 10022ac0 f i fragsforweapons_arena.obj
 0001:00021ae0       ?PlayTextureSounds@CGameRules@@UAEHXZ 10022ae0 f i fragsforweapons_arena.obj
 0001:00021af0       ?PlayFootstepSounds@CGameRules@@UAEHPAVCBasePlayer@@M@Z 10022af0 f i fragsforweapons_arena.obj
 0001:00021b10       ?EndMultiplayerGame@CGameRules@@UAEXXZ 10022b10 f i fragsforweapons_arena.obj
 0001:00021b20       ?pszName@CBasePlayerItem@@QAEPBDXZ 10022b20 f i fragsforweapons_arena.obj
 0001:00021b40       ?GetGameDescription@CFWArena@@UAEPBDXZ 10022b40 f i fragsforweapons_arena.obj
 0001:00021b50       ?GetTeamID@CFWArena@@UAEPBDPAVCBaseEntity@@@Z 10022b50 f i fragsforweapons_arena.obj
 0001:00021b70       ?PlayTextureSounds@CFWArena@@UAEHXZ 10022b70 f i fragsforweapons_arena.obj
 0001:00021b80       ?EndMultiplayerGame@CFWArena@@UAEXXZ 10022b80 f i fragsforweapons_arena.obj
 0001:00021ba0       ?iFlags@CBasePlayerItem@@QAEHXZ 10022ba0 f i fragsforweapons_arena.obj
 0001:00021bc0       ?KeyValue@CBreakable@@UAEXPAUKeyValueData_s@@@Z 10022bc0 f   func_break.obj
 0001:00021df7       _func_breakable            10022df7 f   func_break.obj
 0001:00021e08       ?Save@CBreakable@@UAEHAAVCSave@@@Z 10022e08 f   func_break.obj
 0001:00021e41       ?Restore@CBreakable@@UAEHAAVCRestore@@@Z 10022e41 f   func_break.obj
 0001:00021e7a       ?Spawn@CBreakable@@UAEXXZ  10022e7a f   func_break.obj
 0001:00021f93       ?MaterialSoundList@CBreakable@@SAPAPBDW4Materials@@AAH@Z 10022f93 f   func_break.obj
 0001:00022044       ?MaterialSoundPrecache@CBreakable@@SAXW4Materials@@@Z 10023044 f   func_break.obj
 0001:00022097       ?MaterialSoundRandom@CBreakable@@SAXPAUedict_s@@W4Materials@@M@Z 10023097 f   func_break.obj
 0001:000220f1       ?Precache@CBreakable@@UAEXXZ 100230f1 f   func_break.obj
 0001:000222e1       ?DamageSound@CBreakable@@QAEXXZ 100232e1 f   func_break.obj
 0001:00022491       ?BreakTouch@CBreakable@@QAEXPAVCBaseEntity@@@Z 10023491 f   func_break.obj
 0001:000225e0       ?Use@CBreakable@@UAEXPAVCBaseEntity@@0W4USE_TYPE@@M@Z 100235e0 f   func_break.obj
 0001:00022643       ?TraceAttack@CBreakable@@UAEXPAUentvars_t@@MVVector@@PAUTraceResult@@H@Z 10023643 f   func_break.obj
 0001:00022767       ?TakeDamage@CBreakable@@UAEHPAUentvars_t@@0MH@Z 10023767 f   func_break.obj
 0001:00022933       ?Die@CBreakable@@QAEXXZ    10023933 f   func_break.obj
 0001:000231fe       ?IsBreakable@CBreakable@@QAEHXZ 100241fe f   func_break.obj
 0001:00023217       ?DamageDecal@CBreakable@@UAEHH@Z 10024217 f   func_break.obj
 0001:0002325b       ?Save@CPushable@@UAEHAAVCSave@@@Z 1002425b f   func_break.obj
 0001:00023294       ?Restore@CPushable@@UAEHAAVCRestore@@@Z 10024294 f   func_break.obj
[...]
FIXUPS: 2f5e9 4e800 e fffb1868 f 9 17 1b 4e760 e fffb18e4 20 fffff74e 4d
FIXUPS: 2eede 75 4d 1a 15 d 19 6b 77 5c 17 5f 79 9 52 11 11 11 11 11 11
FIXUPS: 2f2f4 11 11 11 38 f 9 17 1b 1035 3f 47 ae 9 28 9 28 9 6b 7 10 b
FIXUPS: 30618 9 81 9 3a 9 56 5b f 9 1a 1b 4d63d e fffb2a04 e ffffe5cf 1d
FIXUPS: 2ee48 fc1 10 28 bf 26 7 4b 46 18 24 15 2a 17 10 9 16 13 2d 15 20
FIXUPS: 30120 1b 7 1b 7 e 123 9 13 15 c2 5 9af 1e 20 32 32 1d 44 f 9 17
FIXUPS: 30e89 4cfc0 e fffb30a8 f 9 17 1b 4cf20 e fffb3124 20 ffffec2d 32
FIXUPS: 2fc39 d1 1a 48 5c f 8 23 2015 9 ffffea58 18 20 19 20 20 13 29 13
FIXUPS: 30984 35 1f 13 bd bc 11 1f 2c 33 16 16 21 e 21 e 21 e 1f 27 27
FIXUPS: 31946 7 6 2d 1a 9 27 b e e 10 c7 2f 81 47 f 9 1a 1b 4c27d e fffb3de8
FIXUPS: 31c8e 9 17 1b 4c1e0 e fffb3e64 30 34 15 fffff6ec 22 33 7 7 7 6
FIXUPS: 3151d 1a 9 27 b e e 10 1d5 36 9 2b 6 1a 2d 2d 19 7 7 9 3a 22 22
FIXUPS: 31938 7 a76 e 10 8f 2f ae f 9 1a 1b 4b93d e fffb4704 ffffe9fd 40
FIXUPS: 31041 126 1a 48 147 36 9 2b 6 1a 2d 2d 19 7 7 9 3a 1b35 ffffeea5
FIXUPS: 31e78 29 10a 1a 48 138 36 9 2b 6 1a 2d 2d 19 7 7 9 3a 22 22 33
FIXUPS: 32311 7 7 6 2d 1a 9 27 b 739 6 2d 1a 9 27 b e e 10 a8 2f 81 43
FIXUPS: 32d3e 9 1a 1b 4b16d e fffb4ef8 f 9 17 1b 4b0d0 e fffb4f74 30 34
FIXUPS: 32f04 86 1ef1 20 20 20 20 20 20 ffffd6cd 11 40 29 10a 1a 48 119
FIXUPS: 3293d 9 2b 6 1a 2d 2d 19 7 7 9 3a 22 22 32 7 7 2010 49520 e fffb6b48
FIXUPS: 34b6e 9 17 1b 49480 e fffb6be8 f 9 1a 1b 493dd e fffb6c88 f 9 17
FIXUPS: 34d29 49340 e fffb6d04 20 20 20 20 20 20 20 fffff944 f 9 17 1b
FIXUPS: 7df89 e fffb68c8 f 9 17 1b 49700 e fffb6968 f 9 17 1b 49660 e fffb6a08
FIXUPS: 349ee 9 17 1b 495c0 e fffb6aa8 f 9 17 fffff612 3c 17 9 25 d 66
FIXUPS: 34324 108 a 2e fb f 9 17 1b 49980 e fffb66e8 f 9 17 1b 498e0 e
FIXUPS: 346df f 9 17 1b 49840 e fffb5d8f 14 9 8 19 27 a a 9 8 14 8 d b
FIXUPS: 33dd0 22 18 21 8 d 15 23 50 2c 88 e 12 a0 1d 12 22 1d fffff7ae
FIXUPS: 3386d 18 e 17 12 8 d 15 18 20 19 20 1e 3d 3d 3a 35 29 40 18 30
FIXUPS: 33b2d 43 3f 3a 35 15 18 91 8 d fffff72f 19 47 19 47 13 29 13 26
FIXUPS: 33568 26 13 21 19 e c d 1f 11 15 1f 13 26 13 54 19 62 1b 8 d 1c
FIXUPS: 33820 fffff889 26 2c 4c 12 10 14 1c 13 c 18 19 20 c 9 16 9 1e 18
FIXUPS: 3329f 18 20 19 20 20 13 29 13 29 13 29 13 2320 10 17 13 12 13 6
FIXUPS: 35790 1d 42 f 9 1a 1b 4884d e fffb7818 f 9 1a 1b 487ad e fffb7894
FIXUPS: 3596b 20 ffffd634 20 19 20 59 20 1eff 19 20 1e 40 40 13 29 13 29
FIXUPS: 350f2 58 9c c8 27 4b 26 6c 9 3d 64 13 20 7 10 a 18 18 f 50 1a 9d
FIXUPS: 3774d 23 17 3b 8d 15 14 10 39 ffffe196 16 37 38 4e 19 69 5d 37
FIXUPS: 35c4c 21 20 f 141 d8 ad 7 5 3e 7 5 ffffefa0 18 2032 22 22 18 6
FIXUPS: 3703b 2e 24 2d 2e 11 2e 40 48 61 64 17 5f 87 8a 64 44 49 12 b1
FIXUPS: 375fa 32 22 43 21 2d 33 fffff2d5 56 1b 2b 28 28 25 25 19 18 28
FIXUPS: 36bcb 3f d c8 13 a0 2e b 6 1e 2c 38 b 6 1e 4c 2d 9 1d 20 3f fffff51f
FIXUPS: 364b4 27 32 2d 10 8c b b 2d 1a 10 b 6 31 9 2c 14 11 21 39 c 38
FIXUPS: 3679e 22 b 2e d 22 d2 1c 6b 22fd 9 1a 1b 4542d e fffbac38 f 9 17
FIXUPS: 38d79 45390 e fffbacb4 40 20 34 15 80 9 ffffd149 17 5d 67 2c 177
FIXUPS: 3636c 5f 10 83 d a 2267 51 1b c3 15 1a 1c 1c 2a 7 7 9 2b e 5 1b
FIXUPS: 3892e 18 16 3c 9 26 9 1a6 39 f 9 17 1b 454d0 e fffbab98 fffff4e4
FIXUPS: 3815b 12 31 30 4d 22 7 43 31 7 35 1d 19 b 5 16 31 7 60 9 22 7 25
FIXUPS: 38446 3f 18 69 73 1f 4d dd fffff349 16 45 58 1b f d 19 56 34 61
FIXUPS: 37bff 2e 7 13 9 35 a 17e 24 51 5 20 9 13 a 8e f8 9 10 16 c9 16d3
FIXUPS: 39868 16 20 11 74 20 24 22 10 46 f 9 17 1b 44700 e fffbb968 f 9
FIXUPS: 39ace 1b 44660 e fffbb9e4 40 ffffddfd 11 18 20 19 20 19f7 21 13
FIXUPS: 3950f 3a 46 9 8 1f 9 1e 9 f 2b d 5e 9 13 44 9 1e 9 17 b 9 8 1f
FIXUPS: 3977d 9 43 d 29 fffff741 20 19 20 1e 13 21 24 20 19 20 12 1d 35
FIXUPS: 3910d 6b 63 2b f 10 21 4e f 10 21 34 18 d 34 f 6c 9 44e72 fffc11a8
FIXUPS: 3f40e 9 1a 1b 3ee1d e fffc1224 20 40 20 20 e e 24 20 b b 2a 20
FIXUPS: 3f61b 20 30 20 4a 26 20 ffffa480 3b 3c fffff316 612f 1a 1b 3f13d
FIXUPS: 7e1d7 fffc0f28 f 9 17 1b 3f0a0 e fffc0fc8 f 9 17 1b 3f000 e fffc1068
FIXUPS: 3f28e 9 1a 1b 3ef5d e fffc1108 f 9 1a 1b 3eebd fffc0994 39 28 1a
FIXUPS: 3ec87 e 26 d0 8 6c f 9 1a 1b 3f31d e fffc0d48 f 9 17 1b 3f280 e
FIXUPS: 3ef7f f 9 1a 1b 3f1dd e fffc0e88 f fffff4a1 11 b8 4f 13 2e 3a 30
FIXUPS: 3e708 18 20 19 20 45 28 fa 2a 7 13 d 5c e 11 46 7 13 b 8 1b 11
FIXUPS: 3ea88 94 fffff418 b 13 18 19 16 2d 13 9a 8 a 3b 1e 89 8 a 3b 1e
FIXUPS: 3e2f4 26 41 9 d 3c 24 37 13 24 37 10 45 11 fffff439 57 29 40 3d
FIXUPS: 3da4a 63 f 14 28 f 14 28 f 28 9 6d 7 9 e e 17 e 70 117 9 8 ec 37
FIXUPS: 3df05 16 9 fffff225 7 55 3a 1f 10 a8 28 80 33 19 9e 1cd 37 f 15
FIXUPS: 3d680 3b 15 9 52 33 19 31 18 20 19 20 17 2a 26 51 fffff2dc 9 c1
FIXUPS: 3ccb2 9 16 2c 3e 9 29 b 13 19 1a 9e 9 31 35 18 24 1c a 64 26 24
FIXUPS: 3d015 30 23 7 8f 25 7 fffff35a 7 31 43 1b 28 9 d c 15 15 72 25
FIXUPS: 3c6c2 b 65 b 45 b ab 114 10 1c 51 79 4c d 12 14 15 ad 9 fffff1e1
FIXUPS: 3bd8e 99 22 72 7 7 fb 42 5e 2c d 98 87 9 26 9 3f 6 4d 9 b 36 9
FIXUPS: 3c2f0 39 9 70 47 10 15 42 fffff38a b 8 4a 9 52 7 10 d 15 9f aa
FIXUPS: 3ba46 19 46 20 ca 20 19 20 12 1f 13 29 13 29 13 29 13 29 13 3e
FIXUPS: 3b0cc 13 24 a2 c5 9 4e a5 6 47 9 7f 6 47 9 17 5a 6 47 9 de 68 7
FIXUPS: 3b6b8 d b 36 6 48 9 63 7 fffff322 41 9 48 9 e1 9 45 18 20 19 20
FIXUPS: 3ad55 41 13 71 3c 8 13 2e 13 56 2e 13 66 9 20 65 18 20 19 20 fffff389
FIXUPS: 3a45f 28 fb 1e 16 1d 1a 2c 1d b a 6a 19 9 17 19 9 ca 29 af ac 9
FIXUPS: 3a99f 8 41 9 48 9 5e 9 38 104d8 33370 e fffcccd4 30 b 25 30 20
FIXUPS: 4b0db fffeeb84 20 19 20 1e 13 29 13 29 13 2c 13 2c 13 8 29 13 8
FIXUPS: 39e51 13 24 512 108d5 f 9 17 1b 335f0 e fffcca78 f 9 1a 1b 3354d
FIXUPS: 7e2d7 fffccb18 f 9 17 1b 334b0 e fffccbb8 f 9 17 1b 33410 e fffccc58
FIXUPS: 4af7e 9 17 fffff6ff 19 9 1c 75 6 1d 19 9 1c 75 6 1d 19 9 1c 2f
FIXUPS: 4a95b 12 13 a 3e 9 7d 6 15b f 9 17 1b 33690 e fffcbe40 12 1d 13
FIXUPS: 4a12b 18 20 9 c 15 b 4b b b 41 4f 8d f 27 7 a 40 1f 4f 1aa 6 1a
FIXUPS: 4a5eb 9 19 70 6 fffff5a3 25 9 9 25 27 9 12 5 52 2c 7f 13 24 12
FIXUPS: 49e3a 73 79 5b 16 12 18 20 19 20 20 13 12 20 13 12 20 fffff407
FIXUPS: 494f2 14 63 9 25 9 80 7a 9 1b 9 14 19 10 13 56 d1 78 2d 26 12 19
FIXUPS: 49946 de 7 45 7 7 96 b5 54 fffff2c1 64 58 34 22 13 b 2c 17 1c 7
FIXUPS: 49095 6 18 1d 15 2e 15 77 75 48 57 10 84 23 11 f d e1 c 15 27 fffff3f4
FIXUPS: 488f2 7 6 49 16 10 a 99 42 8 2d 34 b3 7 24 27 8 1c 8 2e 7 39 10
FIXUPS: 48d0f 4c 7 43 16 9 4c 25 fffff16c 14 1b cc 50 60 46 b7 1c 29 6f
FIXUPS: 4840c ae 6 15 29 1e 46 9 144 1f 7 2f a3 1b 1d 45 7 6 15 2e 8 ffffecd3
FIXUPS: 4755c d d d d 5f 45 ae 62 45 149 98 c 8a c8 8c e1 37 56 19 2d 59
FIXUPS: 47d9d 77 1a 27 36 20 14 6c 1e fffff39d bb 28 d d d d d d d d d
FIXUPS: 4744b d d d d d d d d d d d d d d d d d d d fffff8ee f f 1a 23
FIXUPS: 46e92 20 6 1c 10 86 9 34 69 9 34 b3 8 7e 33 c a 31 13 1d 23 7 20
FIXUPS: 47280 39 15 a fffff706 10 41 59 9 1a 12 14 1e 15 2d 13 10 14 c
FIXUPS: 46b8c e 4b 3d 10 41 4d 18 2d 13 10 11 62 2b 36 f d fffff09a 39
FIXUPS: 45f03 d 1c 18 d 14 38 122 339 20 26 23 45 17 e d 22 9b 6 1a 18
FIXUPS: 465da 1c 18 d b a6 e1 44 db ffffefe0 7f 43 27 f 1d f 61 11 15 1f
FIXUPS: 45a8b f 12 1b 17 2a 26 13 9 b 9 24 22 13 f 27 f 12 1e 16 247 fffff309
FIXUPS: 451e0 5 93 68 b2 31 50 1d 41 2d 21 8 c1 9 20 9 4e 9 20 b 7d 13
FIXUPS: 456d8 86 54 12 5c 4e 1b a e ffffedc4 8 17 43 78 18 10 17 13 10
FIXUPS: 447c3 184 6 c3 1d 8 3a 70 6 25f 40 7c c7 18 13 9 17 9 b8 1c 194
FIXUPS: 45189 ffffe89a 21 9 21 9 21 9 162 8 8 8 8 4e e 90 3f 63 7 cf 43
FIXUPS: 43fd7 c 1d 83 1a 22 15 21 435 c8 b 8 fffff0b0 21 9 21 9 56 9 24
FIXUPS: 43795 21 9 21 9 21 9 3e 9 21 9 21 9 21 9 7d 9 21 9 21 9 21 9 3e
FIXUPS: 433a1 21 9 21 9 3e 9 21 9 21 9 21 9 3e 9 21 9 21 9 21 9 3e 9 21
FIXUPS: 435f0 21 9 21 9 3e 9 21 fffff819 7 2d 22 7 1c 7 7 7 2c d 15 33
FIXUPS: 42ff6 7 10 24 15 5d 39 1b 10 98 30 b 6 1e 3a 2f 107 9 21 fffff574
FIXUPS: 42915 22 9 22 9 56 28 14 c 80 3e 25 1c e 20 24 38 3b 3c 13c 1c
FIXUPS: 42d68 16 27 6 1f 1d 1b 10 17 6e fffff4a8 a b e 8 59 1e 21 4d a7
FIXUPS: 424fc 3d 9 1e 16 1b 45 15 a 2b e 27 6f 9 e3 9 1b 8 8 8 f5 9 fffff6ad
FIXUPS: 41fab 13 10 19 a b e 8 53 12 11 8 8 13 17 10 a 14 1f 5e 25 7 7
FIXUPS: 421a7 b8 5f 25 c 14 13 10 fffff658 8f 4e e 24 c 31 5c dc 91 3f
FIXUPS: 41ce7 f 2f 2c 19 13 b d f 12 14 16 13 1c a b e b e1 48 25 fffff553
FIXUPS: 414e7 22 9 4f b 5e b 7a 9 22 9 22 9 22 9 79 16 84 1e 1e 22 30 d
FIXUPS: 41890 8 13 13 49 10 25 2f fffff482 87 3e 13 16 f 5e 18 28 28 1b
FIXUPS: 41011 d9 9 43 9 13d b 42 8b 9 22 9 22 9 22 9 3b 6f 9 22 9 ffffeda8
FIXUPS: 4027a 5d 269 25 be 3a 2e 29 21 16b 66 1e 21 8 6 9 14 a 22 ad 24
FIXUPS: 40a40 52 16 6c 5f 1c9 50 29 13 16 ffffec9a 9 b4 f 24 5 19 24 68
FIXUPS: 3fc21 4c 31 c8 1a 13b 30 13 37 31 13 34 2e 30 31 30 77 14 5f 2f
FIXUPS: 401ba 58 16 b96f 17 1b 327a0 e fffcd8a4 30 34 15 75 9 ffff3a26
FIXUPS: 3f786 9 32 9 22 9 57 21 34 24 1d ce 9 22 9 22 9 14 9 1e bb0f 32
FIXUPS: 4b592 7 7 6 6f 9 72 9 2d 1a 9 27 b e e 10 16f 9 9a 58 cf 3f f 9
FIXUPS: 4baf1 1b 3283d e fffcd828 f eeb 31910 e fffce758 f 9 17 1b 31870
FIXUPS: 7e3b7 fffce7d4 b 25 ffffe54d 4a 1f 150 1a 57 1b bc 28 6 1a 2d 2d
FIXUPS: 4b4c4 7 7 9 3a 22 deb 80 17 13 b 5 13 4a 1f 4d 1a 1a e1 15a 6c
FIXUPS: 4c786 14 17 1c 24 7 9 44 9 8 28 23 2c 162 f 9 17 f5b 30a30 e fffcf614
FIXUPS: 4da3b 34 15 75 9 ffffe236 10 84 53 1a 18 d 121 c 15 b 33 b 37 b
FIXUPS: 4c052 14 72 1e a ac a 156 11a6 11 1a 22 10 7 b b 17 17 2f 17 3b
FIXUPS: 4d5ee d a 7f a dd 1d ee 39 f 9 1a 1b 30acd e fffcf598 f 9 17 fffff733
FIXUPS: 4d0e1 1d 10 3a 8 2b 22 1b 22 10 13 87 2b 2b 3f 6 14 21 45 44 9
FIXUPS: 4d3fb e 8 32 14 10 9 8 b 12 1b0b 33 3b 23 17 3b 8d 15 14 10 39
FIXUPS: 4cbe8 11 4a 1f aa 1a e1 10d 57 22 10 17 13 10 33 22 10 1d 3a 10
FIXUPS: 4d0af 17d3 1d 20 3f 22 22 22 18 6 37 2e 24 2d 2e 11 2e 6c 47 17
FIXUPS: 4ebce 6a 84 64 44 49 12 b1 4b 32 22 43 21 fffff2c6 b 2e d 22 d2
FIXUPS: 4e38b 58 1b 2b 28 28 25 25 19 18 67 3a c8 13 a0 2e b 6 1e 2c 38
FIXUPS: 4e7dc 6 1e 4c 2d fffff3f4 fc 7c 5f 10 83 d a 2a 15 27 32 2d 10
FIXUPS: 4e04f b b 2d 1a 10 b 6 31 9 2c 14 11 21 39 c 38 21 16de 53 9 9a
FIXUPS: 4fa33 9 24 f9 46 f 9 1a 1b 2e81d e fffd1848 f 9 17 1b 2e780 e fffd18c4
FIXUPS: 4fd2b 34 15 83 9 ffffdd66 17 5d 67 1688 1a 15b 180 36 9 2b 6 1a
FIXUPS: 4f675 2d 19 7 7 9 3a 22 22 32 7 7 7 6 2d 1a 9 27 b e e 10 a1 1486
FIXUPS: 50dde 47 17 5f 6a 6d 64 44 49 12 b1 4b 32 22 43 21 2d 33 3b 23
FIXUPS: 512fe 3b 8d 15 14 10 39 ffffde00 11 4a 1f 1569 3a d c8 13 a0 2e
FIXUPS: 50a16 6 1e 2c 38 b 6 1e 4c 2d 9 1d 20 3f 22 22 22 18 6 37 2e 24
FIXUPS: 50d05 2e 11 fffff5e1 2d 1a 10 b 6 31 9 2c 14 11 21 39 c 38 21 22
FIXUPS: 50504 2e d 22 d2 18 58 1b 2b 28 28 25 25 19 18 2b97 40 20 34 15
FIXUPS: 53474 9 2e 34 15 75 9 ffffc8b4 17 5d 67 2c fc 7c 5f 10 83 d a 2a
FIXUPS: 501ed 27 32 2d 10 8c b 2caf 2b480 e fffd4be8 f 9 1a 1b 2b3dd e
FIXUPS: 530ff f 9 1a 1b 2b33d e fffd4d28 f 9 17 1b 2b2a0 e fffd4dc8 f 9
FIXUPS: 532ae 1b 2b200 e fffd4e44 fffff821 31 e 5 2e e 5 18 21 1b 16 3c
FIXUPS: 52c70 26 9 af 120 18 24 11 8 13 17 d a 16 13 11 41 f 9 17 fffff812
FIXUPS: 5280b 9 4b 9 4f 9 4f 15 1a 1c 1c 2a 7 7 9 1a 1f 22 30 7 7 9 1a
FIXUPS: 52a95 22 30 7 7 9 2b e fffff541 2e 73 2c 3f d eb 1a 51 1b 114 15
FIXUPS: 52445 1c 1c 2a 7 7 9 2b e 5 1b 22 18 16 3c 9 26 9 cb 111 fffff3d0
FIXUPS: 51bb9 23 22 36 19 f 24 62 30 50 25 7 43 31 7 35 1d 19 b 5 16 31
FIXUPS: 51ed2 60 9 22 7 25 7 3f 18 fffff53b 20 19 20 11 a2 23 a4 18 20
FIXUPS: 51746 20 11 16 66 58 1b f d 19 56 34 9e 6 f 95 9 10 16 c9 8 8 2c9c2
FIXUPS: 53fbf f 9 17 1b 2a540 e fffd5b28 f 9 17 1b 2a4a0 e fffd5bc8 f 9
FIXUPS: 5416e 1b 2a400 e fffd5c44 20 20 20 20 20 20 ffffd24d 11 11 2630
FIXUPS: 53b79 29 31 17 68 d d d 3a d 71 4e f 9 17 1b 2a720 e fffd5948 f
FIXUPS: 53e57 17 1b 2a680 e fffd59e8 f 9 17 1b 2a5e0 fffd5d92 11 23c 78
FIXUPS: 545e6 ffffefcd 64 18 d 19 18f 9 38 25 22 22 22 b 1d 50 10 50 10
FIXUPS: 539e8 10 50 10 50 5e d d d 3bb1 9 171 13 21 43 f 9 1a 1b 26c8d
FIXUPS: 7e5b7 fffd93d8 f 9 17 1b 26bf0 e fffd9478 f 9 17 1b 26b50 e fffd94f4
FIXUPS: 57b0b 20 20 20 ffffcb2f 2559 42 47 32 2f 4c 95 5c 58 44 c 1a 21
FIXUPS: 56f74 10 240 6f 66 9 28 9 46 9 54 18 20 19 20 49 10 260 9 ffffed02
FIXUPS: 563e2 19 12 10 12 2f 1e 16 13 5a 6e 98 58 2a 25 41 47 2a 82 4d
FIXUPS: 56848 12 10 35 dd 75 75 c1 4f 14 20 fffff0d0 19 3f 1d 15 9 15 17
FIXUPS: 55d84 10 49 10 40 36 e 1c7 10 12 10 111 13 10 17 10 5d 43 32 2b
FIXUPS: 562f4 33 2b 26 fffff463 78 13 78 13 3c 13 61 13 4f 13 4c 13 47
FIXUPS: 55ace 18 20 19 20 1e 13 24 13 2b 1f 9 18 9 8 8 d 13 ffffef35 10e
FIXUPS: 54c97 bc 3b 1a0 9 46 1f2 143 30 9 16a 9 45 9 b 3d 9 3e 13 29 13
FIXUPS: 555dc 13 52 13 78 13 78 13 5e 2572 36 11 b 1b 111 c9 57 175 52
FIXUPS: 581ae 9 1a 1b 2641d e fffd9c24 15 2b ffffc46d 18 20 19 20 c2 10
FIXUPS: 54961 10 28 78 9 15d 3ee1 10 144 22 6 47 9 24 14 9 21 b e e d 80
FIXUPS: 58d50 59 b6 f 9 1a 1b 2577d e fffda8c4 fffff443 29 3b c2 fffff724
FIXUPS: 57c8e 83a 4a 1f 7c 1a e1 124 28 6 1a 2d 2d 19 7 7 9 37 22 22 36
FIXUPS: 58956 7 7 6 4a 9 2d 1a 9 24 b e 113c 29 79 9 19 9 8 d 13 64 f 9
FIXUPS: 59d0e 1b 24920 e fffdb748 f 9 17 1b 24880 e fffdb7e8 f 9 17 1b
FIXUPS: 7e689 e fffdb864 20 fffff6fc 77 21 c 24 20 19 20 1e 13 29 13 29
FIXUPS: 5980b 13 21 3a c 18 9 8 3b 3b 72 10 48 c 18 9 8 3b ec fffff572
FIXUPS: 59101 2f 20 19 20 1e 13 26 35 1f 34 42 f 12 7e 20 33 9f 72 f 10
FIXUPS: 594d5 45 1a 34 20 c 15 29 c 15 12a9 28 9 6b 7 10 b e 9 81 9 3a
FIXUPS: 5aa3e 56 5b f 9 1a 1b 23b6d e fffdc4d4 e ffffe3b1 1d 11 11 11 1d
FIXUPS: 58ff2 25 92 121f 46 18 24 15 2a 17 10 9 16 13 2d 15 20 2c 1b 7
FIXUPS: 5a4ad 7 e 123 9 13 15 c2 5 51 3f 47 ae 9 28 d65 75 8c 28 4d d4
FIXUPS: 5b8f5 3e 100 1a 4b 1e 39 42 ad 2d ffffe32d 32 1f d1 1a 48 5c f
FIXUPS: 5a12f 23 7 10 28 bf 26 7 ea7 3e 9 4a 1a 2e 2a 66 2b 1c 32 2c 13
FIXUPS: 5b388 1d 30 13 1e 13 36 13 f 2e 2e 4e 44 c 9 15 6 37 2a fffff5dd
FIXUPS: 5abfb 14 2c a 52 1c f 25 21 c3 2a 24 10 30 2c b 68 18 47 b d 2a
FIXUPS: 5afba 20 39 b e 3e 4b 10 e 67d8 ffffa39d 11 4a 15 144 9 1c ba 9
FIXUPS: 5bf2f 9 42 a a 7a a 88 9 26 24 4c 5 75 15c f 9 1a 1b 2236d e fffddcd4
FIXUPS: 7e9f7 fffe2ad4 20 20 20 20 20 20 20 20 20 20 20 20 20 20 20 20
FIXUPS: 616eb 20 20 20 20 20 20 20 20 20 20 20 20 20 fffff8bc 1a 1b 1d7ed
FIXUPS: 7e977 fffe2878 f 9 1a 1b 1d74d e fffe2918 f 9 1a 1b 1d6ad e fffe29b8
FIXUPS: 6137e 9 17 1b 1d610 e fffe2a58 f 9 17 1b 1d570 fffffee0 e fffe2558
FIXUPS: 60e3e 9 1a 1b 1da6d e fffe25f8 f 9 1a 1b 1d9cd e fffe2698 f 9 1a
FIXUPS: 60ffc 1d92d e fffe2738 f 9 1a 1b 1d88d e fffe27d8 f fffff940 9
FIXUPS: 60aa1 1b 1dd8d e fffe22d8 f 9 1a 1b 1dced e fffe2378 f 9 1a 1b
FIXUPS: 7e889 e fffe2418 f 9 17 1b 1dbb0 e fffe24b8 f 9 17 1b fffff943
FIXUPS: 7e7a9 e fffe1fb8 f 9 1a 1b 1e00d e fffe2058 f 9 1a 1b 1df6d e fffe20f8
FIXUPS: 608fe 9 1a 1b 1decd e fffe2198 f 9 17 1b 1de30 e fffe2238 fffff940
FIXUPS: 603be 9 17 1b 1e330 e fffe1d38 f 9 17 1b 1e290 e fffe1dd8 f 9 1a
FIXUPS: 6057c 1e1ed e fffe1e78 f 9 17 1b 1e150 e fffe1f18 f 9 1a fffff658
FIXUPS: 5fd49 e 41 b a c 152 27 4c 90 c6 9 8 12 72 3c 40 2c 7 7 5c 33 1e436
FIXUPS: 7e6ef fffe1c00 f 9 17 1b 1e3d0 e fffe10bc b5 13 29 3a 13 26 13
FIXUPS: 5f96b 22 60 15 73 b 26 23 9 af d 68 21 9 2e 3d 1a 14 28 20 7 c
FIXUPS: 5fd1b 17 fffff4c9 f 52 ae 14 1a 11 2c 17 28 30 23 64 30 17 8a 21
FIXUPS: 5f598 12 14 53 18 20 19 20 1e 35 3f 4e 18 20 19 fffff2ff 4f 14
FIXUPS: 5eb98 b7 1a 2c 19 23 f 25 1a e 9 1a 5e 18 be 2d 18 20 19 6c 99
FIXUPS: 5f01a 47 28 c 26 9c 80 f fffff3d0 42 72 6 1a 18 13 19 f 1e c 6d
FIXUPS: 5e789 6a 22 1a 1c 3c 59 18 f 10 1d 13 1f 31 28 17 14 9 1a 30 fffff60f
FIXUPS: 5e095 50 3d 63 9 13 18 20 19 20 1e 13 35 23 13 34 23 3d 13 24 20
FIXUPS: 5e3c4 33 19 35 2c 31 15 54 2a 65 fffff224 39 7 3c 7 24 19 af f0
FIXUPS: 5da92 14a 35 31 1a 1e 7d 13 42 1d 2d 36 38 9 15 12 9 42 b7 24 9
FIXUPS: 5e031 9 fffff2c7 13 6c 30 6 16 13 1f 13 2a 77 5d 7 1b 1c 6 c 16
FIXUPS: 5d591 96 25 8 8 8 8 6c 7 36 2a 53 14 9 fffff598 1b c 1b 14 58 3b
FIXUPS: 5ce70 f 15 cc 1f 10 47 60 13 32 13 8 26 13 24 12 11 18 b 3f 2d
FIXUPS: 5d1e3 91 50 28 fffff349 54 66 1a 1c 13 18 20 19 20 20 13 54 2d
FIXUPS: 5c879 15 18 20 19 20 26 13 3e 35 1b9 7b 26 43 d 4d 2d 5b 6004 9
FIXUPS: 62d4e 1b 1bcc0 e fffe4384 e e e e 28 41 13 33 13 ffff9523 18 20
FIXUPS: 5c429 20 42 80 13 27 12 18 20 19 20 20 3a 60a7 15 d 34 d0 ba 9
FIXUPS: 62911 6 2a 12 8 16 1a 10 a 20 37 c e 19 10 b 51 1c4 f 9 1a 1b 1bd5d
FIXUPS: 7ea17 fffe4308 fffff542 1c 1f 1f 17 f 12 17 27 1b 15 1b 15 4a 96
FIXUPS: 6248d 3c 5c 9 1a 8 10 1d 13 18 13 6 11 10 11 4c 55 fffff7d6 9 83
FIXUPS: 61f11 18 15 18 1e 9 19 9 2c 19 b 3c 72 e 24 9 4b 25 10 1e 5a 7
FIXUPS: 621ea 9 d 14 13 17 13 fffff677 18 20 19 20 4b 45 27 18 d 19 cb
FIXUPS: 61b02 20 9 27 3b 13 ab 11 40 20 16 1b 16 6 aa 15 11 32 3d 9 46bf
FIXUPS: 6653c 43 12 c c 19 12 a7 b4 18 c 19 13 f 9d 35 3b 29 e f 17 23
FIXUPS: 66941 1c 20 3f 59 44 7b 38 24 fffff22b 2c a9 2d 2d 2a 23 c 39 2c
FIXUPS: 65f74 2c 2e 2c 29 29 9b e 5e 10 1b 2b e 64 40 15 9a 116 33 6d 12
FIXUPS: 664fe fffff220 49 25 13 4b 1f 3b 13 21 20 13 3d 9 10 10 17 8 13
FIXUPS: 65979 2e 1f 42 13 5c 59 20 27 6e 99 3f 7d 55 fffff1e6 1a 16 a bd
FIXUPS: 65042 4a b2 89 22 9 44 31 14 7 17 17 a b0 21 c 16 c 1bb 37 7f 57
FIXUPS: 656a4 24 24 17 8 ffffefce 4b 13 2a 1f 5b 2f 6b c7 57 73 a 4a 34
FIXUPS: 64a98 52 a 4b 51 2b 3c 98 3e 8d d7 9 19 f 1c 40 47 7 fffff0e7 9
FIXUPS: 64016 d 11 11 10 74 12 9 a 1a 17 a 45 9 67 f 138 21 8 1e 29 f 10
FIXUPS: 64465 19 2f a b7 6d a fffff43a 21 c1 23 23 2c 1b 2e 30 5d 1d 1d
FIXUPS: 63d0b 90 10 b 33 b 35 20 20 20 2f 10 4a 19 34 9 29 9 2d 9 fffff4cc
FIXUPS: 634b4 1e 27 1e 86 1e 6b 15 36 59 9 8 34 f 10 59 42 16 17 14 11
FIXUPS: 6382c 44 10 ac 2f 13 2c 10 35 c 3a13 1b 17650 e fffe89f4 30 34
FIXUPS: 674e4 83 9 ffffb990 35 86 16 9 19 12b 16c 51 18 1a 10 1d 2d 10
FIXUPS: 63397 1a 1d 2e 22 7 5a 3b89 7 9 3a 22 22 33 7 7 7 6 2d 1a 9 27
FIXUPS: 67166 e e 10 8f 2f 81 3e f 9 1a 1b 176ed e fffe8978 f 9 2ce4 44
FIXUPS: 6a13a 126 7d 33 13 33 13 b6 f 9 1a 1b 1461d e fffeba24 ffffc72d
FIXUPS: 66c28 29 10a 1a 48 147 36 9 2b 6 1a 2d 2d 19 2935 9 12d c 9 9 10
FIXUPS: 69aaf c 9 b 38 9 74 18 20 19 20 3e 1d 81 14 82 87 17 f0 6 16 1e
FIXUPS: 6a02d 47 24 ffffec5d 9c c 60 77 50 191 44 8a 3b 6 11 6 c6 a0 119
FIXUPS: 6941b 9 67 9 49 2b 13 2d bb 148 9 c6 15 d 19 68 ffffeaca 9 5e 57
FIXUPS: 684d6 4e 2c 63 2c 4d 2d 63 2d 82 2d 63 2d 63 2d 63 2d 4e 2c 63
FIXUPS: 68a89 4a bb 47 9 13 43 23 fffff180 d d d d 21 17d 20 19 20 19 20
FIXUPS: 68054 20 23 13 33 13 48 26 21 26 22 25 39 11 f d 85 3d 9 25 fffff8f5
FIXUPS: 67c44 d d d d d d d d d d d d d d d d d d d d d d d d d d d d d
FIXUPS: 67dca fffffc37 28 48 1c 10 2a 14 17 d d d d d d d d d d d d d d
FIXUPS: 67bb5 d d d d d d d d d 3cdd 17 1b 131e0 e fffece64 20 30 ffffbbf2
FIXUPS: 67613 72 8 8 65 32 13 40 18 18 23 13 23 d 10 d 13 d 14 a e5 7e
FIXUPS: 679f8 3b3e 32 43 13 47 13 3a 13 42 40 13 3a 13370 b 8 b fffeccad
FIXUPS: 6b77e 9 17 1b 13320 e fffecd48 f 9 17 1b 13280 e fffecde8 f fffff4eb
FIXUPS: 6adfe f 35 15 f 1b 18 9f 8 c 36 5 5 5 5 8 75 15c 20 e 22 1e ad
FIXUPS: 6b3c7 43 35 3c 13 2f 13 53 fffff260 6 c 18 38 12 1c 59 12 2f c8
FIXUPS: 6a97e 5b 1f 25 64 8e 32 1f 36 2d 21 3a 4b 2f 18 50 34 22 25 32
FIXUPS: 6adc0 247b 20 20 20 20 30 30 20 30 20 20 20 ffffd109 f e 53 21
FIXUPS: 6a5b5 10 1d 13 18 13 6 10 66 25 57 10 1d 13 18 2759 11cd0 e fffee398
FIXUPS: 6cf4e 9 17 1b 11c30 e fffee438 f 9 17 1b 11b90 e fffee4d8 f 9 17
FIXUPS: 6d109 11af0 e fffee578 f 9 17 1b 11a50 e fffee5f4 fffff833 18 15
FIXUPS: 6ca85 3e 90 72 7a f 9 17 1b 11eb0 e fffee1b8 f 9 17 1b 11e10 e
FIXUPS: 6cdbf f 9 17 1b 11d70 e fffee2f8 f 9 17 fffff921 11 26 17 15 d
FIXUPS: 6c867 17 15 d f 1c b 14 b 14 b 14 b 14 b 25 17 18 d b 8 a 9 10
FIXUPS: 6ca22 22 fffff893 20 15 10 b6 11 15 f 5c 9 58 e c 10 43 5d 17 65
FIXUPS: 6c613 11 1a 2b 8 1e 30 1c d 24 4b 20 36 11 fffff5f3 3e d f 1d 45
FIXUPS: 6bea7 26 21 15 d 69 5d 47 10 9b 2a 18 20 19 20 2b 54 15 d d 60
FIXUPS: 6c27d 10 14 13 1d fffff72e 20 19 20 1b 39 12 18 20 19 20 2b 44
FIXUPS: 6bbb3 d d 6c 13 b 27 12 12 12 e a c 3e 26 2a 8 26 8
